Mash

Level 1 of the Dungeon
(0, 0, D:1)
  a +0 club
(5, -19, D:1)
  a +1 dagger of freezing
  a +0 club
(5, -18, D:1)
  a +0 dagger
(6, -18, D:1)
  23 stones
  a +0 hunting sling
(12, 13, D:1)
  6 stones
(18, -23, D:1)
  a +0 shield
(26, -26, D:1)
  a +0 dagger
(27, -25, D:1)
  a +0 dagger
(28, -22, D:1)
  a +0 robe
(28, -15, D:1)
  a +0 dagger
(32, -20, D:1)
  a stone
(37, -4, D:1)
  a +0 hunting sling
(45, -18, D:1)
  a +0 short sword

Level 2 of the Dungeon
(0, 0, D:2)
  a +0 mace
(2, -2, D:2)
  a +0 ring mail
(3, -3, D:2)
  a +0 club
(19, -18, D:2)
  a +0 whip
(19, 17, D:2)
  18 arrows
(20, -2, D:2)
  a +0 ring mail
(24, -1, D:2)
  a +0 ring mail
(24, 25, D:2)
  a +0 club
(26, 21, D:2)
  a +0 chain mail
(27, 19, D:2)
  a +0 scale mail
(27, 21, D:2)
  a +0 mace
  a +0 animal skin
  a +1 helmet
(28, -6, D:2)
  a +0 club
(28, 21, D:2)
  a stone
  a +0 dagger
  a +0 club
  a +0 club
  a +0 club
(29, 20, D:2)
  a +0 dagger
  a stone
(29, 21, D:2)
  20 stones
  a +0 hunting sling
(30, 21, D:2)
  a +0 club
(31, 20, D:2)
  a stone
(41, 16, D:2)
  a +0 club
  3 stones
(41, 17, D:2)
  a +0 club
  a hobgoblin skeleton
(45, 3, D:2)
  a bat skeleton
(46, 1, D:2)
  a +0 dagger

Level 3 of the Dungeon
(0, 0, D:3)
  a +0 battleaxe
(5, -2, D:3)
  2 stones
(12, 6, D:3)
  a +0 whip

