Mash

Level 1 of the Dungeon
(0, 0, D:1)
  a +0 club
(0, 10, D:1)
  3 tomahawks
(1, 9, D:1)
  a +0 club
(2, 0, D:1)
  a +0 dagger
(7, 7, D:1)
  a stone
(8, 8, D:1)
  a stone
(16, 2, D:1)
  a +0 dagger
(23, -2, D:1)
  a cursed +0 club
(28, 14, D:1)
  a +0 short sword
(30, -6, D:1)
  9 bolts
(30, 15, D:1)
  a +0 club
(31, -1, D:1)
  a +0 naga barding
(41, -1, D:1)
  a +0 dagger
  a stone
(41, 21, D:1)
  a +0 club

Level 2 of the Dungeon
(1, -35, D:2)
  a sling bullet
(2, -34, D:2)
  a sling bullet
(3, -34, D:2)
  a sling bullet
(5, -34, D:2)
  a sling bullet
(7, -33, D:2)
  a +0 hunting sling
  10 sling bullets
(8, -10, D:2)
  a +0 ring mail
(22, -13, D:2)
  a +0 hunting sling
(23, -15, D:2)
  a +0 leather armour
(26, -13, D:2)
  5 needles of confusion
(31, -24, D:2)
  15 bolts
(32, -22, D:2)
  a +0 quarterstaff
(40, -10, D:2)
  a +0 war axe
(45, -37, D:2)
  a stone
(46, -36, D:2)
  a +0 short sword
(49, -42, D:2)
  26 stones

Level 3 of the Dungeon
(0, 0, D:3)
  16 gold pieces
(1, -4, D:3)
  a stone
(1, -3, D:3)
  a stone
(3, -5, D:3)
  a stone
(4, -2, D:3)
  a stone
(4, 42, D:3)
  4 javelins
(5, -2, D:3)
  a stone
(6, -3, D:3)
  a stone
(8, 2, D:3)
  a cursed -3 long sword
(10, 31, D:3)
  a +0 robe
(22, 30, D:3)
  a +0 short sword

