           ######                                         
         ###....####      ######                          
        ##.........###    #....#        #######           
        #..P.PP.P....##   #....#        #.....#           
       ##..)...P.P.PP.#   #....#        #.....#           
       #..P.P.....P.P.##  #....#        #.....#           
    ####...........P...#  #....##########.....#      #####
    #.........####..PP.## #............##.....########...#
    #>###.PP.P#F>#...P..# #....###<......................#
#####<..).....#tF#....P.# #.##.........##.....########...#
#.............#+##..P...###.#..####....##.....#      #...#
#................P....P.......##  #.......#.###      #...#
#.........P...P.....P..####.###   #####...#.#        ##.##
#)..........P......P..## ##.#         #.....#         #.# 
#.........#....P....P#####..#        ##.....######## ##.# 
#####..#####..PP...### #...###########.....###.....# #..# 
    ##.### #.###....#  #.### #.............# #.....# #>## 
     #...###)# ####.####.#####.#######....## #.....# #.#  
     ###..##.#   ##............#     #..#.#  #.....###.#  
       ##.#..#  ##...#.........#    ##.##.# ##.....##..#  
        #.#.## ##.........####.######..##.###......##.##  
        #....# #...........# #..................^..##.#   
     ####.##.###...........# #####....†##.####.....##.#   
     #....##..##...........#### ###....##.#  #...<.##.#   
     #....###.###.............###....#....#  ###.###..#   
     #...## #.# ##...#...####.....#†##.##.######.###.##   
     #...#  #.# ##..######  #..####>##.##.....>......#    
     #...#  #.# #..##       #..###..#...#.#####......#    
     #...####.###.##      ###..#........#.#   #......#    
     ###..........#    ####......#.##...#.#   #....<.#    
     #......(#...#######....##.#...######.#   #......#    
     #.......#....)......#####.#.###    #.#   #......#    
     #...........#########   #....###   #.#   #......#    
     #.......#..(###         #..#...#   #.#   #......#    
     #...........(.#         #..###.#####.##########.#    
     #..[....#.....######    #..##...............# #.#    
     #########..##..))..##   #..#.......#........# #.#    
             #.......##..#######.[........#......# #.#    
             #.##....###....#  #..........####...# #.#    
             #.##....# ####.#  #.........##  ###.###.#    
            ##.##....#    #.####.........#     #.....#    
            #...######    #..............#     #####.#    
            #...#         ######.........#         ###    
            #...#              #.........#                
            #...#              #.........#                
            #...#              #.........#                
            #...#              #.........#                
            #####              #.........#                
                               ##.......##                
                                ##.....##                 
                                 #######                  
