Mash

Level 1 of the Dungeon
(0, 0, D:1)
  a +0 leather armour
(8, -1, D:1)
  a +0 robe
(15, 16, D:1)
  a cursed +0 centaur barding
(20, 26, D:1)
  8 stones
(20, 34, D:1)
  a +0 dagger
(25, 4, D:1)
  9 poisoned needles
(29, 5, D:1)
  a +0 dagger
(39, 26, D:1)
  a +0 ring mail
(45, 5, D:1)
  a +0 club
(45, 6, D:1)
  a +0 dagger
(48, 14, D:1)
  a +0 ring mail
(50, 36, D:1)
  14 sling bullets
(53, 3, D:1)
  a +0 hunting sling

Level 2 of the Dungeon
(0, 0, D:2)
  18 sling bullets
(3, 14, D:2)
  a +0 dagger
(5, -12, D:2)
  a cursed -3 whip
(9, -4, D:2)
  a +0 scale mail
(22, -20, D:2)
  a +0 club
(23, -22, D:2)
  a +0 club
(24, -9, D:2)
  a cursed +0 robe

Level 3 of the Dungeon
(0, 0, D:3)
  a +0 giant spiked club
(3, -21, D:3)
  a book of Minor Magic
(13, -13, D:3)
  a +0 dagger of chaos
(24, 11, D:3)
  a +0 ring mail
(26, -8, D:3)
  a +0 mace
  a +0 hand axe
  a cursed +0 leather armour
  a +0 hand axe
  a +0 leather armour
  a +0 club
(34, 3, D:3)
  13 bolts
(37, 10, D:3)
  a +0 dagger
  a +0 giant spiked club
(40, -21, D:3)
  a +0 club
  a +0 blowgun
  6 poisoned needles
(42, -30, D:3)
  a +0 spear
(42, -29, D:3)
  a +0 club
(45, -12, D:3)
  17 sling bullets
(47, -4, D:3)
  a +0 leather armour
(56, -15, D:3)
  a +0 club

Level 4 of the Dungeon
(0, 0, D:4)
  a +0 dagger
(2, 0, D:4)
  a cursed +0 leather armour
  a +0 scale mail
  a +0 morningstar
  a +0 hand axe
  a +0 leather armour
(2, 2, D:4)
  21 arrows
(7, -17, D:4)
  a +0 dagger
  a cursed -1 robe
(8, -17, D:4)
  a +0 mace
  a +0 leather armour
  a +0 club
(9, -17, D:4)
  a +0 ring mail
(18, -10, D:4)
  2 throwing nets
(20, 16, D:4)
  a +0 giant club
(22, -10, D:4)
  a +0 chain mail
(24, 0, D:4)
  a +0 robe
  a +0 dagger
(24, 1, D:4)
  a +0 leather armour
  a +0 flail
  a +0 flail
  a +0 flail
  a +0 leather armour
(27, 15, D:4)
  a +0 hand axe
(33, 6, D:4)
  29 arrows
(34, -13, D:4)
  a +0 buckler
(44, -4, D:4)
  a throwing net
(45, -16, D:4)
  5 arrows
(45, 14, D:4)
  the +0 leather armour "Nozaecu" {Dex+9 Stlth-}
    It affects your dexterity (+9).
    It makes you less stealthy.

Level 5 of the Dungeon
(0, 0, D:5)
  a +0 whip
(1, -1, D:5)
  a cursed -1 spear
(2, 0, D:5)
  a +0 club
(3, 0, D:5)
  a +0 flail
(8, -24, D:5)
  a +0 ring mail
(11, -23, D:5)
  25 stones
(11, -6, D:5)
  11 sling bullets
(11, -5, D:5)
  12 stones
(11, -1, D:5)
  18 stones
(11, 9, D:5)
  a +0 flail
(26, -20, D:5)
  a +0 whip
(26, -16, D:5)
  a +0 flail
(30, 1, D:5)
  a +0 short sword
  a +0 ring mail
  a +0 flail
  a +0 leather armour
  a +2 short sword of holy wrath
  a +0 leather armour
(37, 19, D:5)
  10 arrows
(40, -24, D:5)
  a +0 whip

Level 6 of the Dungeon
(0, 0, D:6)
  a +0 whip
(11, 11, D:6)
  17 stones
(13, 29, D:6)
  a +0 club
  a +0 flail
  a +0 spear
  a +0 scale mail
  a +0 buckler
  a +0 flail
  a +0 halberd
(14, 27, D:6)
  a +0 morningstar
  2 tomahawks
  a +0 ring mail
(16, 25, D:6)
  2 tomahawks
(18, 26, D:6)
  a tomahawk
(22, -22, D:6)
  a +0 robe
(36, -11, D:6)
  an arrow
(38, -8, D:6)
  an arrow
(38, -6, D:6)
  an arrow
(38, -5, D:6)
  a +0 shortbow
(39, -18, D:6)
  a +0 mace
  a +0 scale mail
(39, 4, D:6)
  a +0 spear
(40, 13, D:6)
  18 stones
(50, 13, D:6)
  a +0 dagger
(52, -18, D:6)
  a +0 spear
(55, 0, D:6)
  a +0 club
  a +0 hunting sling
  a +0 flail
(55, 15, D:6)
  a +0 mace
(56, 0, D:6)
  a +0 spear
(57, 14, D:6)
  a +4 quarterstaff of chaos

Level 7 of the Dungeon
(0, 0, D:7)
  a +0 giant spiked club
(5, 11, D:7)
  an arrow
(5, 12, D:7)
  an arrow
(8, 10, D:7)
  a +0 shortbow
  19 arrows
(13, 19, D:7)
  a +0 short sword
(14, 16, D:7)
  8 bolts
(18, -22, D:7)
  a +2 dagger of draining
(22, 5, D:7)
  a +0 trident
  a +0 leather armour
(24, -12, D:7)
  a +0 war axe
  a +0 leather armour
(32, 10, D:7)
  23 stones
(35, 8, D:7)
  a +0 hand axe
  a +0 hand axe
  a +0 leather armour
  a +0 dagger
  a +0 shortbow
  22 arrows
  a +0 scimitar
  a +0 dagger
(36, 7, D:7)
  a +0 scale mail
  an arrow
(41, -6, D:7)
  a +0 giant club

Level 8 of the Dungeon
(0, 0, D:8)
  a +0 hand axe
(3, 34, D:8)
  11 arrows
(4, 24, D:8)
  16 bolts
(10, 12, D:8)
  Sif Muna's Handbook of the Birds
    Spells                             Type                      Level
     a - Shock                        Conjuration/Air               1
(10, 28, D:8)
  17 arrows
(12, -2, D:8)
  a +0 quarterstaff
(28, 7, D:8)
  16 stones
(34, 8, D:8)
  18 stones
(36, 9, D:8)
  a cursed +0 trident
(41, 3, D:8)
  a +0 robe

Level 9 of the Dungeon
(0, 0, D:9)
  a +0 quarterstaff
(3, 8, D:9)
  a +0 scythe
(9, -11, D:9)
  a +0 short sword
(9, -7, D:9)
  a +0 hunting sling
(11, -12, D:9)
  a +0 robe
  a +0 dagger
(11, -10, D:9)
  a +0 flail
(12, -10, D:9)
  a cursed +0 plate armour
(16, 8, D:9)
  10 bolts
(24, 8, D:9)
  a +0 spear
(33, -14, D:9)
  a stone
(36, -14, D:9)
  a stone
  2 arrows
(37, -22, D:9)
  12 stones
(37, -15, D:9)
  a +0 whip
(37, -14, D:9)
  a +2 shortbow of flaming
  22 arrows
(38, -17, D:9)
  an arrow
(38, -15, D:9)
  an arrow
(38, -5, D:9)
  a +0 giant club
  a +0 giant spiked club
(39, -17, D:9)
  2 arrows
  a stone
(39, -16, D:9)
  2 stones
(39, -15, D:9)
  a cursed -2 dagger
(40, -12, D:9)
  a +0 dagger
(42, 8, D:9)
  a +0 club
(45, 9, D:9)
  a +0 short sword
(46, 8, D:9)
  a +0 dagger
(47, 8, D:9)
  a +0 flail
(48, -14, D:9)
  20 stones

Level 10 of the Dungeon
(0, 0, D:10)
  a +0 chain mail
  a +0 glaive
  a +0 ring mail
  a +0 falchion
(0, 1, D:10)
  a +0 robe
  a +0 dagger
(0, 2, D:10)
  a +0 leather armour
  a +0 flail
(1, -1, D:10)
  a +0 mace of crushing
(1, 0, D:10)
  a +0 robe
  a +0 dagger
(2, 0, D:10)
  a +0 leather armour
(4, -15, D:10)
  a +0 club
(10, 14, D:10)
  a +0 dagger
(11, -19, D:10)
  a +0 flail
(14, -19, D:10)
  a +0 flail
(17, 1, D:10)
  a +0 hand axe
(18, -7, D:10)
  a +0 mace
(18, 16, D:10)
  11 poisoned needles
(19, 16, D:10)
  a +0 giant club
  a cursed -1 giant spiked club
(20, -12, D:10)
  22 sling bullets
(22, 12, D:10)
  a +1 short sword of venom
(24, 10, D:10)
  a +0 whip
(24, 11, D:10)
  a +0 spear
(24, 13, D:10)
  a +0 robe
  a +0 dagger
(26, 12, D:10)
  a +0 dagger
  a +0 robe
(27, 19, D:10)
  a poisoned needle
(27, 26, D:10)
  a stone
(28, 20, D:10)
  2 stones
(28, 21, D:10)
  a +0 quarterstaff
(29, -10, D:10)
  17 stones
(29, 26, D:10)
  a stone
(30, 21, D:10)
  a +0 short sword
  a stone
(30, 26, D:10)
  a +0 dagger
  a cursed -2 short sword
(31, -10, D:10)
  6 tomahawks
(31, 21, D:10)
  a +0 club
  a stone
  a +0 blowgun
  9 poisoned needles
(31, 26, D:10)
  a +3 short sword
  a +0 short sword
  2 stones
(32, 21, D:10)
  a stone
  a +0 dagger
  a +0 falchion
  a +0 scale mail
(32, 26, D:10)
  a cursed +0 dagger
  a +0 robe
  4 stones
(33, 21, D:10)
  a poisoned needle
(34, 26, D:10)
  5 stones
(35, 8, D:10)
  a +0 chain mail
(35, 26, D:10)
  a +0 dagger
  a +0 robe
  a +0 club
  2 stones
  a +0 club
(36, -25, D:10)
  a +0 giant spiked club
(36, 25, D:10)
  a +0 short sword
  2 stones
(37, -20, D:10)
  a +0 whip
(38, -20, D:10)
  a +0 falchion
  a +0 ring mail
(39, -18, D:10)
  a +0 hand axe
  a +0 chain mail
  a +0 plate armour
(42, -14, D:10)
  a +0 dagger
  a +0 robe
  a +0 hand axe
  a +0 hand axe
(43, -14, D:10)
  a +0 war axe
  a +0 chain mail
  a +0 giant club
(44, -11, D:10)
  19 arrows
(49, -3, D:10)
  a +0 club
  a +0 chain mail
(56, 18, D:10)
  a +0 giant spiked club

Level 11 of the Dungeon
(0, 0, D:11)
  a +0 robe
(4, 4, D:11)
  a +0 dagger
(11, -38, D:11)
  a +0 flail
(23, -35, D:11)
  19 gold pieces
(27, -37, D:11)
  10 gold pieces
(28, -26, D:11)
  a +0 war axe
  a +0 chain mail
(29, -36, D:11)
  a scroll of identify
(36, -23, D:11)
  a scroll of teleportation

the Ecumenical Temple

Level 1 of the Lair of Beasts
(0, 0, Lair:1)
  a potion of ambrosia
  a potion of mutation
(1, -1, Lair:1)
  a +0 large shield
  a +0 shield
  a +0 cloak
(1, 0, Lair:1)
  the Volume of the Lucky Birds
    Spells                             Type                      Level
     a - Shock                        Conjuration/Air               1
     b - Mephitic Cloud               Conjuration/Poison/Air        3
     c - Airstrike                    Air                           4
     d - Lightning Bolt               Conjuration/Air               5
     e - Deflect Missiles             Charms/Air                    6
  a book of Power
  a book of Minor Magic
  a book of Air
(1, 1, Lair:1)
  an uncursed ring of teleportation
  an uncursed ring of resist corrosion
  an uncursed ring of wizardry
  the ring "Axkoadd" {*Tele Str+6}
    [ring of teleportation]
    
    It may teleport you next to monsters.
    It affects your strength (+6).
(1, 2, Lair:1)
  a +0 war axe
(2, -1, Lair:1)
  5 meat rations
  4 bread rations

Level 2 of the Lair of Beasts
(0, 0, Lair:2)
  a +2 long sword of protection
(28, 14, Lair:2)
  13 poisoned needles
(38, 23, Lair:2)
  13 stones
(38, 42, Lair:2)
  23 stones
(40, 22, Lair:2)
  26 stones
(46, 30, Lair:2)
  a +0 leather armour

Level 3 of the Lair of Beasts
(0, 0, Lair:3)
  a +0 short sword
(4, 12, Lair:3)
  a +0 morningstar
(13, -25, Lair:3)
  21 stones
(18, 0, Lair:3)
  a +0 chain mail
(20, -30, Lair:3)
  a +2 spear of piercing
(29, 17, Lair:3)
  a +0 hunting sling
(42, -24, Lair:3)
  a +0 dire flail
(42, 5, Lair:3)
  14 stones
(47, -8, Lair:3)
  11 stones
(57, 12, Lair:3)
  18 stones

Level 4 of the Lair of Beasts
(0, 0, Lair:4)
  a box of beasts
(5, 2, Lair:4)
  a hog corpse
(6, 0, Lair:4)
  a hog corpse (still there?)
  a water moccasin corpse (still there?)

