          #..........          
          #...........         
          #...........         
          #...........         
      .####..................  
      .....................W.  
      ....<>.............%...  
      .......................  
      ........(..............  
      ..............PP.P...... 
      ..............P...?......
      #.....####P..............
      ##.###  #..P.P...........
       #.    ##PP....P..?....y.
       #     #.....)C?PP.P..?..
             #...§......P...P..
           .##.P.....>.....PP..
          #...P....P?.÷=....P..
          ##........P(?......#.
           #..#.P...........## 
           ##...P...P....?.P#  
            #...P??...?o...##  
            ##....?§P........  
            ##.......P.P...#.  
            #.....o......###.. 
            #............#     
            #....(......##     
            ##.C........#      
            ##.........##      
           ##)†#......##       
           #(.###....##        
        ####.## ######         
        #...(##                
        ##....##               
    ######.....##              
    #...#.......##             
   ##.....##..[..##            
   #......###.....#            
  ##..###..##.<...#            
 ##....###..##)..##            
 #......###..##..#             
#........###..##.#             
##.>....## ##.####             
 .#....##   ###                
####..##                       
   ####                        
