                                            #############                   
           ######                           #...........###                 
         ###..<.###                        ##.............##                
        ##........###                      #...............#####            
      ###...........####                  ##................##.# #########  
      #................#                  #.................#..###.......#  
     ##...............##                  ##..............[...##.........#  
   ###................#                    #..............)#..#..........#  
  ##..................##                   ##................##.#8#......#  
  #....#...............#                  ###...............##..#.#......#  
  #..###...............#                 ##.................#...#.#......#  
  #..# ##..............##               ##..##..........###.#...#!#......## 
 ##..#  #...............###            ##..######..###### #.....#>#.......# 
 #...#  ##............#...###        ###..##    ####      ##....#_#.......# 
##...#   #..........#####...##      ##..#######            ##...###.......# 
#....#   ##.........##  ###..###   ##..###....##            #.............# 
#...##    ##.#.......#    ##...#####...........#            ##............# 
##..#      ##........##    ###..##.............#             #............# 
 ##.#      ##.........#      ##................#             #....(.......# 
  ###     ##..........##      ###.#............#             ##...........# 
         ##............###      #..............#              #..........## 
         #..##...........##     #..............##             ##.........#  
        ##.###............###  ##...............#             #....h.....## 
       ##.## #..............####(.(.............#            ##.......##..# 
      ##..#  ##........##.....#..n..............#            #.....#...#.## 
     ##..##   #........###......(.(.............#           ##....###h...#  
    ##..##    ##.......# ##.....#.....>........##          ##.....# ##...#  
    #..##      #.......#  ###..##.............##         ###......# ##...#  
   ##.##       ##.....##   ##.###...........###         ##.......####....## 
  ##..#         #.....#    #))# ###########...###      ##........##......>##
  #..##         ##....#   ##)##           ###.()###    #.............##..W@#
 ##.##           ##...#  ##.##              ###.÷.###  #............####...#
 #.##             #..##  #..#                 ###...####...........##  #..##
 ###              ####  ##.##                   ###....#...........#   #.## 
                       ##.##                      ##.(......<....(.##  ###  
                     ###..#                        ###..............#       
  ###            #####...##                          ###............#       
  #.##         ###........##                           #..........###       
 ##..###      ##...........#                           #.........##         
 #.....##     #............##                          #........##          
 ##.....###   #.............#                          #.......##           
  #.......##  #.............##                         #.....###            
 ##........####..............#                         ##.#.##   ######     
 #...........##..............#########                 #..###   ##....##    
 ##.#................................###################.##    ##......###  
  #...........................#####.....÷(...............#    ##.(.......#  
  ##..)........##.##..........#   ##########.............#    #......>...#  
   #.####......#...#..!.......##           #######.......#    #..........## 
   #.## ######.#...#...........#               ##...####.#    ##..........# 
  ##..###### #.#...#.......#####              ##.......#.#     #.........## 
 ##........###.#._.#..######                 ##..........##    #.........#  
 #...........#.#...#..#                     ##.....(....>.###  ##........#  
 #.......[...#.#.8.#..#                     #...............#####).......#  
 ##.........##.#   #..#                    ##.................#.(.......##  
  #.........##.#####.##                   ##...............##)...########   
  #........###.......#                    #................###..##          
  #.......## ##...####                    #................# ##.##  ######  
  #......##  ##...###                     ##...............#  #..####....## 
  ##.....#  ##......###                    #..............##  #...........# 
   ##...## ##.........#                    ##.............#   ##..........##
    ##[## ##..........#                     ###..<[......##    #.).........#
    ##.####.<.........#    ###             ##..##........#     #...........#
   ##...##...........#######.#            ##..######....##    ##..........##
  ##.........................##############..##    ######     #...........# 
  #...##.............###................##..##                #...........# 
  #.######.........### ###..############..###                 ####.......## 
  ###    ####....###     ####          ####                      #########  
            ######                                                          
