      ###                                                                 
#######.#                                                                 
#<))[...#                                                                 
#######.#                                                                 
      #.#                                                                 
      #.#                                                                 
      #.#                                                                 
      #.#                                                                 
      #.#                                                                 
      #.#                                                                 
      #.#                                                                 
      #.##########                                                        
      #...........                                                        
      ###....####                                                         
       ##....####...                                                      
       #.....'..p..K                                                      
       #.....#######                                                      
       #.....'                                                            
       #.....#                                                            
       #......                      .#                                    
       ###.####                    #.#                                    
         #..                       #.#                                    
         #..                  ######.#                                    
                              #...##.#####                                
                              #...##.....#                                
                              #..........#                 #.#########    
                              #....p.....#                   ........####.
                              #..........#                     #..........
                              #.....O....#                       #<#      
                              ##.........#                       #.#      
                               #.............                    ..#      
                               #..[..........                   ##.#      
                               #.)[..........                    #.#      
                               #......#'#####                    ###      
                      #.########.........                                 
                      #...................                                
                      ...................                                 
                      #.'.........##.....                                 
                ..    #.#.........# ...O.                                 
                ...   #...........# .....                                 
                ##.####.....##.####  ####                                 
                ............##)#                                          
                 ###........##)#                                          
                ####.....#####.#####                                      
                .........'.........#                                      
                ####.....#####.....#                                      
                   ####'###..'.....#                                      
                      #.# #.##.....#                                      
                      #.# #.######.####                                   
                      #.# #.#    #....#                                   
#######################.# #.#    ####.#                                   
#.......................# #.#       #.#                                   
##.###################### #.#       #.#                                   
 #.#                      #.#       #.#                                   
 #.#                      #.#       #.#                                   
 #.#                      #.#       #.#                                   
 #.#                      #.#       #.#                                   
 #.#                      #.#       #.#                                   
 #.#                      #.#       #.###########                         
 #.#                      #.#       #...........#                         
 #.#                      #.###################.#                         
 #.########################...............#   #.#                         
 #...)..................................#.#####.#                         
 ######################################.#.......#                         
                                      #<#######.#                         
                                      ###     ###                         
