Mash

Level 1 of the Dungeon
(0, 0, D:1)
  a +0 club
(4, -15, D:1)
  26 arrows
(6, -26, D:1)
  19 sling bullets
(7, -5, D:1)
  a +0 short sword
(11, -30, D:1)
  a +0 dagger
(11, -5, D:1)
  a cursed -2 chain mail
(17, -9, D:1)
  a +0 whip
(18, -32, D:1)
  a +0 spear
(18, 0, D:1)
  4 poisoned needles
(21, -7, D:1)
  a +0 club
(23, -25, D:1)
  24 stones
(28, -21, D:1)
  a +0 chain mail
(28, -6, D:1)
  a cursed -3 club
(28, 1, D:1)
  a +0 short sword
(30, -36, D:1)
  a +0 leather armour
(34, 1, D:1)
  a +0 club
(44, -18, D:1)
  a +0 leather armour
(51, -15, D:1)
  12 stones

Level 2 of the Dungeon
(0, 0, D:2)
  a +0 dagger
(3, -5, D:2)
  13 arrows
(20, -11, D:2)
  a +0 mace
(41, -9, D:2)
  a +0 club
(46, -5, D:2)
  a +0 hand axe
(46, 1, D:2)
  a +0 dagger
(48, -20, D:2)
  a throwing net
(48, -10, D:2)
  a +0 halberd
  a +0 halberd
(48, -8, D:2)
  a +0 dagger
(49, 5, D:2)
  a +0 club
(55, -10, D:2)
  a +0 dagger
(57, -21, D:2)
  a +0 dagger

Level 3 of the Dungeon
(0, 0, D:3)
  a +0 dagger
(3, 9, D:3)
  a +0 chain mail
(5, 21, D:3)
  a +0 mace
  a +0 short sword
(6, 28, D:3)
  4 stones
(7, 25, D:3)
  21 stones
(7, 29, D:3)
  a stone
(8, -12, D:3)
  a +0 dagger
(9, 5, D:3)
  a +0 mace
(10, 5, D:3)
  a +0 trident
  (unseen)
(13, -11, D:3)
  21 bolts
(19, -5, D:3)
  a +0 dagger
(25, 17, D:3)
  20 bolts
(28, 4, D:3)
  a +0 dagger
(35, 7, D:3)
  22 stones

Level 4 of the Dungeon
[Shop] Xaohuev's Weapon Boutique
  a +0 long sword (49 gold)
  a +0 mace (42 gold)
  18 stones (25 gold)
  a +0 morningstar (56 gold)
  a +0 glaive (91 gold)
  a +0 shortbow (42 gold)
  a +0 whip (35 gold)
  a +0 mace (42 gold)
  a +0 flail (49 gold)
  17 sling bullets (119 gold)
(0, 0, D:4)
  a +0 whip
  a +0 ring mail
(2, 2, D:4)
  3 curare-tipped needles
(4, 7, D:4)
  a tomahawk
(5, 7, D:4)
  a +0 mace
(5, 19, D:4)
  a +0 mace
(6, 7, D:4)
  a +0 short sword
  a +0 scale mail
  a +0 war axe
  4 tomahawks
  a +0 dagger
  a +0 robe
(6, 21, D:4)
  a +3 quarterstaff of chaos
(21, -5, D:4)
  17 sling bullets
(30, -9, D:4)
  a +0 flail
  18 stones
  a +0 leather armour
(32, -9, D:4)
  a stone
(33, -9, D:4)
  a stone
(34, -9, D:4)
  a +0 war axe
  20 stones
  a +0 ring mail
(35, -24, D:4)
  a +0 ring mail
(35, -9, D:4)
  2 stones
(36, -9, D:4)
  2 stones
(37, -9, D:4)
  a stone
(38, -9, D:4)
  a stone
(39, -9, D:4)
  a +0 trident
  a +0 ring mail
(39, 11, D:4)
  28 arrows
(41, -6, D:4)
  9 arrows
(47, -3, D:4)
  a +0 short sword

Level 5 of the Dungeon
(4, 6, D:5)
  a +0 short sword
(4, 7, D:5)
  a cursed -3 whip
(5, 6, D:5)
  a +0 hand axe
  a +0 ring mail
  a cursed +0 rapier
  a +0 leather armour
(6, -7, D:5)
  a cursed -2 robe
  a +0 dagger
(6, -6, D:5)
  a +0 robe
  a +0 dagger
(6, -5, D:5)
  a +0 robe
  a +0 dagger
(14, 1, D:5)
  a +0 robe
  a +0 dagger
(25, -24, D:5)
  a +0 club
  a tomahawk of dispersal
(28, -2, D:5)
  a +0 robe
  a +3 long sword
(28, -1, D:5)
  a +0 robe
  2 javelins
  a +1 flail
(29, -3, D:5)
  a +0 cloak
(37, -17, D:5)
  a +0 dagger
  a +0 scale mail
(37, -14, D:5)
  41 arrows
  a +0 shortbow
  a +0 shortbow
(37, -13, D:5)
  an arrow
(38, -13, D:5)
  a +0 giant spiked club
(46, -21, D:5)
  a +0 ring mail
(47, 1, D:5)
  a +0 scale mail
(52, -7, D:5)
  a +0 flail

Level 6 of the Dungeon
(0, 0, D:6)
  a +0 robe
  a +0 spear
(1, 1, D:6)
  a cursed +0 chain mail
  a +0 hand axe
(1, 5, D:6)
  a +0 leather armour
  a +0 club
  a +0 hand axe
  a +0 plate armour
(1, 6, D:6)
  a +0 chain mail
  a +0 hand axe
  a +2 trident of piercing
  a +0 scale mail
(2, 28, D:6)
  a +0 rapier
(14, 22, D:6)
  a +0 robe
(15, 13, D:6)
  a +0 dagger
(21, 22, D:6)
  a +0 short sword
  7 tomahawks
  a +0 leather armour
(33, 17, D:6)
  a +0 chain mail
  a +0 robe
  a +0 dagger
(34, 18, D:6)
  a +2 dagger of speed
  a +2 robe of magic resistance
  a +0 robe
  a +0 dagger

Level 7 of the Dungeon
(0, 0, D:7)
  a +0 ring mail
(1, 3, D:7)
  a cursed -3 giant club
(4, -21, D:7)
  a +0 falchion
(6, -23, D:7)
  a +0 leather armour
(21, -12, D:7)
  a +0 ring mail
(28, -4, D:7)
  a cursed +0 dagger
  a +0 scale mail
(33, -31, D:7)
  a +0 pair of boots
(33, -22, D:7)
  a +0 ring mail
(33, -5, D:7)
  12 stones
(42, -12, D:7)
  9 stones
(43, -5, D:7)
  a +0 dagger
  a +0 robe
(51, -12, D:7)
  5 large rocks
(53, 0, D:7)
  14 arrows

Level 8 of the Dungeon
(0, 0, D:8)
  a +0 large shield
(13, 16, D:8)
  a +0 hand axe
  a +0 robe
(19, 37, D:8)
  a +0 falchion
(22, 16, D:8)
  a +0 dagger of venom
  a +0 flail
  a +0 ring mail
(23, 16, D:8)
  a +0 whip
  a +0 dagger
  a +0 robe
  a +0 club
  a +0 club
  a +0 mace
  a +0 hand axe
(24, 16, D:8)
  a +0 ring mail
(28, 21, D:8)
  a +0 scale mail
(31, 24, D:8)
  a +0 flail
  a +0 club
  a +0 flail
  a +1 flail of venom
  a +0 trident
  a cursed -1 scale mail
  a +0 buckler
(41, 5, D:8)
  11 poisoned needles
(43, 41, D:8)
  22 bolts
(49, 62, D:8)
  a +0 giant spiked club
(54, 62, D:8)
  a +0 giant club
  a +0 giant spiked club

Level 9 of the Dungeon
(0, 0, D:9)
  a stone
(2, -38, D:9)
  a +0 shortbow
  17 arrows
(2, -7, D:9)
  a +0 short sword
  a +0 club
  a stone
(2, -5, D:9)
  11 stones
(3, -8, D:9)
  a +0 blowgun
  13 poisoned needles
(3, -7, D:9)
  a +0 whip
  a +0 dagger
  a +0 dagger
  3 stones
(3, -6, D:9)
  2 poisoned needles
  6 stones
  a +0 short sword
  a cursed +0 trident
  a +0 robe
  a +0 whip
  a +1 dagger of venom
(3, -5, D:9)
  a +0 whip
  a +0 dagger
  a +0 club
  a +0 short sword
  7 stones
  a +0 dagger
  a +0 robe
(4, -7, D:9)
  a stone
(27, -7, D:9)
  a +0 hand axe
  a +0 ring mail
(28, -7, D:9)
  a +0 short sword
(31, -34, D:9)
  a +0 flail
(31, -10, D:9)
  a +0 scale mail
  5 tomahawks
  a +0 trident
  a +0 dagger
(33, -31, D:9)
  20 bolts
(33, -9, D:9)
  a +0 giant club
(34, -32, D:9)
  a potion of brilliance
(38, -22, D:9)
  a +0 giant club
(39, -22, D:9)
  a cursed -3 giant club
(39, -12, D:9)
  a +0 plate armour
  a +0 flail
  a +0 chain mail
  a +0 short sword
  a +0 chain mail
(40, -34, D:9)
  a +0 scimitar
  a +0 robe
(40, -22, D:9)
  a +0 chain mail
  (unseen)
(41, -34, D:9)
  a cursed +0 scimitar
  a +0 robe
(45, -1, D:9)
  an uncursed staff of conjuration
(47, -15, D:9)
  a +0 whip
  a +0 whip
  a +0 trident
  a +0 leather armour

Level 10 of the Dungeon
[Shop] Jav Fae's Book Shop
  a book of Ice (845 gold)
  a book of Fire (845 gold)
  the Compendium of Boosting Envenoming (871 gold)
    Spells                             Type                      Level
     a - Song of Slaying              Charms                        2
     b - Poisonous Vapours            Poison/Air                    2
     c - Spider Form                  Transmutation/Poison          3
     d - Excruciating Wounds          Charms/Necromancy             5
     e - Deflect Missiles             Charms/Air                    6
  a book of Maledictions (325 gold)
  a book of Minor Magic (260 gold)
  a book of Cantrips (260 gold)
  a book of Clouds (585 gold)
(0, 0, D:10)
  a +0 flail
(5, -44, D:10)
  a +0 helmet
(5, -3, D:10)
  a +0 club
(6, 0, D:10)
  a +0 flail
  a +0 leather armour
(7, 0, D:10)
  a +0 halberd
  a +0 chain mail
(7, 1, D:10)
  a +2 dagger of speed
  a +0 robe
(15, -12, D:10)
  20 stones
(16, -7, D:10)
  a +0 pair of boots
(22, 2, D:10)
  an arrow
(23, 2, D:10)
  a +0 shortbow
  19 arrows
(23, 3, D:10)
  2 arrows
(25, -27, D:10)
  a +0 shield
  a +0 scale mail
  an uncursed amulet of inaccuracy
(43, -18, D:10)
  a +0 dagger
  a +0 robe
(43, -9, D:10)
  a book of Flames
  a Young Poisoner's Handbook
(49, 5, D:10)
  17 arrows
(50, 8, D:10)
  a fruit
(51, -36, D:10)
  a cursed -3 dagger
  a +0 robe
(51, 8, D:10)
  a +0 robe
(52, -36, D:10)
  a cursed -3 club
(53, -34, D:10)
  a +0 dagger
  a +0 robe
(54, -35, D:10)
  a +0 flail
  a +0 chain mail
(54, -34, D:10)
  3 tomahawks
(55, -33, D:10)
  a tomahawk
(59, -41, D:10)
  7 curare-tipped needles
(62, -45, D:10)
  a +0 ring mail

Level 11 of the Dungeon
(0, 0, D:11)
  a +0 mace
(2, -12, D:11)
  4 large rocks
(2, -1, D:11)
  a cursed amulet of inaccuracy
(2, 33, D:11)
  10 stones
(3, 19, D:11)
  26 arrows
  a +0 shortbow
(3, 20, D:11)
  22 arrows
  a +0 shortbow
(4, 19, D:11)
  an arrow
(5, 17, D:11)
  an arrow
(5, 18, D:11)
  42 arrows
  a cursed -2 shortbow
  a +0 shortbow
(5, 19, D:11)
  16 arrows
  a +0 shortbow
(7, -20, D:11)
  16 poisoned needles
(8, 6, D:11)
  the cursed +1 chain mail "Hudoutu" {+Blink Regen+ rCorr Str-5}
    It affects your strength (-5).
    It lets you blink.
    It increases your rate of regeneration.
    It protects you from acid and corrosion.
    It has a curse placed upon it.
(8, 12, D:11)
  an arrow
(9, -15, D:11)
  19 stones
(13, -20, D:11)
  18 arrows
(21, -12, D:11)
  15 arrows
(22, -2, D:11)
  a +0 chain mail
(22, 34, D:11)
  a +0 flail
(26, 23, D:11)
  5 tomahawks
(33, -3, D:11)
  8 javelins of returning
(33, 33, D:11)
  a +0 war axe
  a +0 hand axe
(34, 6, D:11)
  a +0 hand axe
  a +0 leather armour
  a +0 leather armour
(34, 32, D:11)
  a +0 long sword
(34, 33, D:11)
  13 poisoned needles
(36, 6, D:11)
  a +0 flail
  a +0 plate armour
  a +0 hand axe
(36, 7, D:11)
  a +0 flail
(41, 34, D:11)
  a +0 whip
(42, -17, D:11)
  a +0 giant club
  a +0 giant club
(43, 16, D:11)
  18 stones
(58, 32, D:11)
  a +0 dagger
  a +0 robe
(58, 33, D:11)
  a +0 hand axe
  a +0 plate armour
(59, 33, D:11)
  a +0 club
(63, 14, D:11)
  16 stones
(63, 20, D:11)
  a +0 trident

Level 12 of the Dungeon
[Shop] Kyirus's Antique Armour Shoppe
  a +0 robe (20 gold)
  a +0 ring mail (116 gold)
  a +2 leather armour of cold resistance (551 gold)
  a +0 leather armour (58 gold)
  a +2 ring mail of magic resistance (609 gold)
  a +0 chain mail (130 gold)
  a +1 hat (319 gold)
  a +0 scale mail (116 gold)
  a +0 ring mail (116 gold)
  a +0 ring mail (116 gold)
(0, 0, D:12)
  a cursed +0 robe
(3, -25, D:12)
  a +0 club
  a +0 whip
(13, -12, D:12)
  23 stones
(15, -9, D:12)
  a +0 helmet
(16, -37, D:12)
  6 stones
(20, -15, D:12)
  a +0 hand axe
  a +0 plate armour
  a +0 long sword
(20, -14, D:12)
  a +0 leather armour
  a +0 long sword
(21, -15, D:12)
  a +0 short sword
  a +1 short sword of freezing
(21, -14, D:12)
  a +0 chain mail
  4 tomahawks
  a +0 hand axe
(25, -41, D:12)
  20 sling bullets
(26, -25, D:12)
  a +0 flail
(27, -24, D:12)
  a +0 robe
  a +0 dagger
(34, -25, D:12)
  a +2 robe of magic resistance
(34, -23, D:12)
  a book of Dreams
  a book of Conjurations
(34, -2, D:12)
  a +0 long sword
  a throwing net
  a +3 ring mail of fire resistance
(38, -5, D:12)
  a +0 giant club
(39, -6, D:12)
  a +0 giant club
(39, -4, D:12)
  a +0 troll leather armour

Level 13 of the Dungeon
[Shop] Tagas's Pet Rocks
  a wand of digging (10/24) (476 gold)
  22 stones (37 gold)
  24 stones (40 gold)
  12 stones (20 gold)
  a cursed -1 hunting sling (1 gold)
  a +2 hunting sling of freezing (249 gold)
  a wand of digging (12/24) (544 gold)
(0, 0, D:13)
  a +0 giant club
  a +0 giant club
(16, -18, D:13)
  a +0 robe
(22, -27, D:13)
  21 arrows
(24, -14, D:13)
  a +0 giant club
  a +0 giant club
(27, -33, D:13)
  a large rock
(29, -33, D:13)
  a large rock
(30, 10, D:13)
  a +2 flail of crushing
(30, 11, D:13)
  a +0 chain mail
  a +1 long sword of electrocution
(33, -33, D:13)
  3 large rocks
(36, -28, D:13)
  a +0 buckler
(37, -16, D:13)
  18 stones
(38, -14, D:13)
  11 stones
(40, -23, D:13)
  a large rock
(42, -37, D:13)
  a +3 flail of freezing
  a +0 robe
(42, -36, D:13)
  a +0 war axe
  a +0 robe
(42, -23, D:13)
  2 large rocks
(42, -21, D:13)
  a large rock
(43, -36, D:13)
  a +2 battleaxe of freezing
  a +0 robe
(46, 16, D:13)
  a +1 flail of distortion
  a +0 ring mail
(49, 14, D:13)
  a +0 short sword
  a +0 ring mail
(50, 15, D:13)
  a +0 hand axe
  a +0 leather armour
(50, 16, D:13)
  a +0 scimitar
  a +0 chain mail
(51, -33, D:13)
  18 stones
(52, 16, D:13)
  a +0 mace
  a +0 scale mail
(56, -3, D:13)
  a +0 trident
  a +0 robe
(61, -19, D:13)
  8 stones
(65, -27, D:13)
  31 stones

Level 14 of the Dungeon
[Shop] Qeneu's Weapon Shoppe
  23 stones (36 gold)
  a +0 falchion (48 gold)
  a +2 hand axe of pain (312 gold)
  a +1 dagger of electrocution (192 gold)
  14 stones (22 gold)
  a +0 scimitar (64 gold)
  18 arrows (57 gold)
  17 stones (27 gold)
  a +2 hunting sling of freezing (235 gold)
  a +0 hunting sling (24 gold)
[Shop] Meock's Distillery
  a potion of haste (150 gold)
  a potion of mutation (120 gold)
  2 potions of flight (90 gold)
  a potion of might (60 gold)
  2 potions of invisibility (240 gold)
  a potion of degeneration (15 gold)
  a potion of heal wounds (75 gold)
  a potion of haste (150 gold)
  a potion of curing (45 gold)
  a potion of cancellation (120 gold)
  a potion of curing (45 gold)
  a potion of curing (45 gold)
[Shop] Aqaowkaf's Distillery
  a potion of magic (80 gold)
  a potion of ambrosia (80 gold)
  a potion of curing (30 gold)
  a potion of haste (100 gold)
  a potion of ambrosia (80 gold)
  a potion of agility (40 gold)
  a potion of cancellation (80 gold)
  a potion of lignification (30 gold)
  a potion of haste (100 gold)
[Shop] Buma's Antique Weapon Boutique
  a +0 blowgun (60 gold)
  a +0 hand axe (72 gold)
  a +0 blowgun (60 gold)
  a +0 hunting sling (36 gold)
  a +1 spear of venom (254 gold)
  the +8 short sword of Valuable Assets {pierce, Fragile rN+++ Int+4 Dex+4} (2008 gold)
    It inflicts extra damage upon your enemies.
    
    It affects your intelligence (+4).
    It affects your dexterity (+4).
    It renders you almost immune to negative energy.
    It will be destroyed if unequipped.
  a +3 great mace (564 gold)
  a +5 hand crossbow of freezing (799 gold)
  a +5 shortbow of freezing (777 gold)
  a +0 battleaxe (156 gold)
  a +3 war axe of draining (559 gold)
[Shop] Lisse's Antique Weapon Boutique
  a +0 rapier (160 gold)
  a +1 dire flail of holy wrath (568 gold)
  a +6 blowgun (1380 gold)
  a +0 blowgun (100 gold)
  a +2 great sword of holy wrath (948 gold)
  a +0 executioner's axe (400 gold)
  a +1 falchion of holy wrath (496 gold)
  a +0 flail (140 gold)
(0, 0, D:14)
  a +0 dagger
(1, 11, D:14)
  a +0 battleaxe
(6, 5, D:14)
  2 large rocks
  24 stones
(7, 30, D:14)
  a +0 mace
(8, 8, D:14)
  22 stones
(12, 5, D:14)
  a large rock
(15, 31, D:14)
  5 tomahawks
(15, 33, D:14)
  a +0 shortbow
  17 arrows
(17, 13, D:14)
  +0 acid dragon scales
(18, 14, D:14)
  21 arrows
(19, 10, D:14)
  a +0 chain mail
  4 javelins
  a +0 glaive
(27, 11, D:14)
  a +0 leather armour
(28, 36, D:14)
  a +1 scimitar of flaming
(29, 11, D:14)
  a +0 leather armour
(33, 5, D:14)
  a +0 helmet
(34, 2, D:14)
  a +0 dagger
  a +0 robe
(35, 31, D:14)
  a +0 morningstar
(36, -4, D:14)
  a +0 plate armour
(37, -4, D:14)
  a +0 ring mail
(37, -3, D:14)
  a +0 war axe
(37, 37, D:14)
  a +1 ring mail of fire resistance
  a +0 glaive
(38, 4, D:14)
  a +0 dagger
  a +0 robe
(38, 5, D:14)
  a +0 dagger
  a +0 robe
(39, -4, D:14)
  11 stones
(39, -3, D:14)
  15 arrows
(39, 2, D:14)
  a +0 great mace
  a +0 chain mail
(40, 1, D:14)
  a +0 war axe
  a +0 plate armour
  a +0 dagger
  a +0 robe
  a cursed +0 dagger
  a +0 robe of magic resistance
(41, 1, D:14)
  a +0 battleaxe
  a +0 plate armour
(42, -4, D:14)
  a +0 battleaxe
(42, 6, D:14)
  a cursed +0 leather armour
(43, -4, D:14)
  a +0 scale mail
(43, -3, D:14)
  18 arrows
(50, 14, D:14)
  an uncursed ring of wizardry
(51, 8, D:14)
  a +0 giant club
(59, 6, D:14)
  a +0 flail
  a cursed +0 flail
(59, 7, D:14)
  a +0 mace
  a +0 leather armour
  a +0 halberd
  a +0 chain mail
(59, 8, D:14)
  4 large rocks
(59, 9, D:14)
  a +0 dagger

Level 15 of the Dungeon
(0, 0, D:15)
  a wand of iceblast (8/15)
(12, -6, D:15)
  a +0 leather armour
(13, -8, D:15)
  a +0 troll leather armour
(13, -4, D:15)
  a large rock
(13, 1, D:15)
  a large rock
(13, 2, D:15)
  an uncursed amulet of harm
(14, 4, D:15)
  a large rock
(16, 21, D:15)
  5 large rocks
(24, 13, D:15)
  a +0 glaive
(30, 1, D:15)
  a +0 short sword
  a +0 chain mail
(30, 10, D:15)
  a +0 battleaxe
  a +0 robe
(30, 11, D:15)
  a +0 falchion
  a +0 robe
(36, -12, D:15)
  a potion of magic
(36, 18, D:15)
  4 large rocks
  a +5 battleaxe of freezing
  a +0 robe
(36, 19, D:15)
  a +0 trident
  a +0 robe
  a cursed +0 flail
  a +0 robe
(36, 30, D:15)
  a +0 leather armour
(37, -18, D:15)
  a meat ration
(37, -17, D:15)
  a +0 mace
  a +0 plate armour
(37, -16, D:15)
  a +0 club
(37, -15, D:15)
  a +0 hand axe
(37, -4, D:15)
  17 stones
(47, 6, D:15)
  a bolt
(48, 35, D:15)
  a +0 helmet
(49, 6, D:15)
  a bolt
(53, 6, D:15)
  a +0 arbalest
  16 bolts
(53, 9, D:15)
  a +0 arbalest
  13 bolts
(54, 6, D:15)
  an arrow
(54, 7, D:15)
  a bolt
(54, 10, D:15)
  an arrow
(54, 12, D:15)
  a +0 shortbow
  23 arrows
(55, -3, D:15)
  a +0 giant spiked club
  a +0 giant club
(56, -16, D:15)
  a +0 short sword
(56, 14, D:15)
  a +0 scale mail

the Ecumenical Temple

Level 1 of the Orcish Mines
[Shop] Finush's Magic Scroll Emporium
  a scroll of blinking (97 gold)
  a scroll of identify (26 gold)
  a scroll of magic mapping (45 gold)
  a scroll of acquirement (676 gold)
  a scroll of summoning (123 gold)
  3 scrolls of vulnerability (292 gold)
  a scroll of acquirement (676 gold)
  a scroll of fear (45 gold)
  a scroll of teleportation (39 gold)
(0, 0, Orc:1)
  a +0 plate armour
  (unseen)
(0, 2, Orc:1)
  a +0 chain mail
  (unseen)
(1, 0, Orc:1)
  a +0 long sword
  (unseen)
(1, 25, Orc:1)
  a +0 giant club
(2, 0, Orc:1)
  a +0 long sword
  (unseen)
(2, 2, Orc:1)
  a +0 giant club
  (unseen)
(6, -6, Orc:1)
  a +0 flail
  a +0 robe
  a +0 dagger
(7, -10, Orc:1)
  a +0 glaive
  a +0 chain mail
(7, -8, Orc:1)
  a +0 short sword
  a +0 leather armour
(10, 14, Orc:1)
  a +0 club
  a +0 leather armour
  a +0 dire flail
  a +0 chain mail
(10, 15, Orc:1)
  a +0 dagger
  a +0 robe
(51, 24, Orc:1)
  a +0 chain mail
  a +0 robe
  a cursed -3 dagger
  a +0 hand axe
  2 tomahawks
(52, 23, Orc:1)
  a +0 chain mail
  a +0 short sword
(52, 24, Orc:1)
  3 tomahawks
(52, 25, Orc:1)
  a +0 leather armour
  a +0 hand axe
  a +0 falchion
  a +0 ring mail
  a +0 morningstar
(53, 23, Orc:1)
  a +0 scale mail
  2 tomahawks
  a +0 dagger
  a +0 ring mail
  a +0 dagger
  a +0 whip
(53, 25, Orc:1)
  a +0 trident
  a +0 club
(57, -16, Orc:1)
  a +0 giant spiked club
(63, 29, Orc:1)
  a +0 plate armour
  a +0 mace
(64, 29, Orc:1)
  a +0 chain mail
  (unseen)
(64, 31, Orc:1)
  a +0 plate armour
  (unseen)
(65, 29, Orc:1)
  a +0 troll leather armour
(65, 30, Orc:1)
  a +0 chain mail
  (unseen)
(65, 31, Orc:1)
  a +0 plate armour
  (unseen)

Level 2 of the Orcish Mines
[Shop] Domar's General Store
  a scroll of remove curse (45 gold)
  a +0 leather armour (30 gold)
  2 potions of curing (90 gold)
  a scroll of enchant armour (112 gold)
  a +0 chain mail (67 gold)
  24 bolts (72 gold)
  a scroll of amnesia (52 gold)
  a scroll of identify (30 gold)
  19 arrows (57 gold)
[Shop] Qoicoyclijabb's Food Emporium
  a royal jelly (24 gold)
  a bread ration (60 gold)
  a royal jelly (24 gold)
  4 fruits (72 gold)
  a bread ration (60 gold)
  a royal jelly (24 gold)
  a meat ration (60 gold)
  a royal jelly (24 gold)
  a bread ration (60 gold)
[Shop] Hywneu's Jewellery Boutique
  an uncursed ring of positive energy (280 gold)
  a +5 amulet of reflection (576 gold)
  a +2 ring of strength (105 gold)
  an uncursed ring of wizardry (420 gold)
  an uncursed ring of see invisible (210 gold)
  an uncursed ring of positive energy (280 gold)
  an uncursed amulet of rage (560 gold)
  an uncursed amulet of magic regeneration (420 gold)
  a cursed ring of loudness (63 gold)
  an uncursed ring of flight (245 gold)
[Shop] Vositot's Antique Weapon Boutique
  a +1 morningstar of protection (413 gold)
  a +0 spear (105 gold)
  a +0 falchion (105 gold)
  a +0 hand axe (105 gold)
  a +0 arbalest (157 gold)
  a +0 hand axe (105 gold)
  a +0 great mace (227 gold)
  a +0 dire flail (140 gold)
  a +0 short sword (105 gold)
  a +4 fustibalus (1295 gold)
  a +0 mace of protection (196 gold)
  a +1 shortbow of freezing (434 gold)
  a +0 trident (122 gold)
  a +0 hunting sling (52 gold)
[Shop] Yffeth's Antique Armour Shoppe
  a +1 pair of boots of stealth (495 gold)
  a +0 ring mail (120 gold)
  a +0 scale mail (120 gold)
  a +0 robe (21 gold)
  a +0 chain mail (135 gold)
  a +1 chain mail of cold resistance (495 gold)
  a +0 robe (21 gold)
  a +0 chain mail (135 gold)
  a cursed +0 plate armour (600 gold)
(1, -1, Orc:2)
  a +0 long sword
  (unseen)
(1, 0, Orc:2)
  a +0 long sword
  (unseen)
(1, 1, Orc:2)
  a +1 long sword of electrocution
  (unseen)
(9, -13, Orc:2)
  a +0 morningstar
  a +0 chain mail
(10, 14, Orc:2)
  a +0 chain mail
  2 bolts
  a +0 arbalest
(12, 14, Orc:2)
  a +0 plate armour
  a +0 dire flail
(13, 14, Orc:2)
  a +0 robe
  a +0 dagger
  a bolt
(14, 14, Orc:2)
  8 bolts
(15, 13, Orc:2)
  a +0 chain mail
  a +0 long sword
(15, 14, Orc:2)
  a +0 dire flail
  a bolt
  a +0 plate armour
  a +3 battleaxe
(23, 12, Orc:2)
  a +0 robe
  a +0 dagger
(26, 0, Orc:2)
  16 stones
(27, -3, Orc:2)
  a +2 mace of draining
(27, -2, Orc:2)
  a +0 flail
(27, 1, Orc:2)
  9 sling bullets
(28, -5, Orc:2)
  a +0 war axe
  a +0 chain mail
(28, -4, Orc:2)
  a +0 mace
  a +0 chain mail
(28, -2, Orc:2)
  a cursed -2 dagger
  a +0 robe
(29, -4, Orc:2)
  a +0 dagger
  a +0 chain mail
(29, -3, Orc:2)
  a +0 scale mail
(29, -2, Orc:2)
  a +0 hand axe
  a +0 leather armour
  a +0 hand axe
(32, -25, Orc:2)
  a tomahawk
(34, -25, Orc:2)
  a tomahawk
(37, -28, Orc:2)
  a +0 hand axe
  a +0 chain mail
(37, -20, Orc:2)
  a +0 dagger
  a +0 robe
(39, -12, Orc:2)
  a +3 long sword of holy wrath
  a +0 chain mail
(42, -28, Orc:2)
  a +0 plate armour
  12 bolts
  a +0 dire flail
  a +0 arbalest
(43, -31, Orc:2)
  a +0 whip
(44, -32, Orc:2)
  a +0 great sword
  a +0 arbalest
  13 bolts
  a +0 chain mail
  a +0 trident
(44, -20, Orc:2)
  a +0 robe
  a +0 dagger
(45, -33, Orc:2)
  a +0 troll leather armour
  a +0 giant club
  a +0 robe
  a +0 dagger
(45, -32, Orc:2)
  a +0 dagger
  a +0 robe
  a +0 chain mail
  a +0 hand axe
(45, -31, Orc:2)
  a +0 giant spiked club
  a cursed +0 chain mail
  a +0 club
  a +0 short sword
  a +0 chain mail
  a +1 great sword
  a +0 giant club
  a bolt
(46, -33, Orc:2)
  a +0 hand axe
(46, -31, Orc:2)
  a +2 great sword of holy wrath
  a +0 plate armour
  a +1 leather armour of magic resistance
  a +0 flail
  a cursed +0 plate armour
  a +0 glaive
(47, -35, Orc:2)
  a +0 whip
(47, -34, Orc:2)
  a +0 falchion
(47, -32, Orc:2)
  a +0 club
(47, -31, Orc:2)
  a cursed +0 chain mail
  a +0 battleaxe
(47, -28, Orc:2)
  a +0 leather armour
  a +0 hand axe
  a +0 chain mail
  a +0 long sword
(47, -26, Orc:2)
  a +0 chain mail
  a +0 halberd
(48, -34, Orc:2)
  a +0 plate armour
  a +0 glaive
  a bolt
(48, -28, Orc:2)
  a +0 morningstar
(49, -32, Orc:2)
  a bolt
(50, -32, Orc:2)
  a bolt

Level 1 of the Elven Halls
(0, 0, Elf:1)
  a +0 short sword
  a +1 dagger of venom
  a +0 ring mail
(1, 1, Elf:1)
  a +0 short sword
(2, 7, Elf:1)
  an arrow
(6, 6, Elf:1)
  2 arrows
(7, 5, Elf:1)
  5 needles of confusion
  2 arrows
(8, 4, Elf:1)
  a +0 dagger
  a -2 shortbow
  19 arrows
  a +0 leather armour
(8, 5, Elf:1)
  a +0 long sword
(8, 6, Elf:1)
  a +0 long sword of electrocution
  a +0 leather armour
(9, 5, Elf:1)
  a -1 dagger
  a +0 shortbow
  22 arrows
  a +0 leather armour
(15, 1, Elf:1)
  a +0 short sword of draining
(15, 2, Elf:1)
  a +0 scimitar
  a +0 chain mail
  a +0 scimitar
  a +0 scale mail
  an elf corpse
  an elf corpse
(15, 3, Elf:1)
  a +0 long sword
  an elf corpse
(16, 4, Elf:1)
  a +3 dagger
  an elf corpse
(16, 14, Elf:1)
  a +0 long sword
(23, -2, Elf:1)
  a +0 dagger
  a +0 ring mail
  a +0 hand crossbow
  an elf corpse
(30, 5, Elf:1)
  a +0 long sword
(30, 6, Elf:1)
  a +0 rapier
(30, 7, Elf:1)
  a +0 long sword
  a +0 leather armour
(31, -9, Elf:1)
  a +0 long sword of freezing
(31, -8, Elf:1)
  a +0 dagger
  (unseen)
(31, -7, Elf:1)
  a cursed -2 dagger
  (unseen)
(31, -6, Elf:1)
  a +0 rapier (still there?)
  a +0 dagger (still there?)
(31, 5, Elf:1)
  a +0 dagger
  a +0 leather armour
(32, -8, Elf:1)
  a +0 short sword
  a +0 leather armour
  an elf corpse
(32, -7, Elf:1)
  a +0 rapier
  13 gold pieces
  a +0 short sword
  a +0 longbow
  17 arrows
  a +0 leather armour
  an elf corpse
(32, -6, Elf:1)
  a +0 short sword
  a +0 dagger
  a +0 ring mail
  a +0 rapier
  a +0 ring mail
  2 arrows
  a +0 dagger
(32, -5, Elf:1)
  a +0 longbow
  (unseen)
(32, -4, Elf:1)
  an arrow
(32, -3, Elf:1)
  a +4 dagger
(32, -2, Elf:1)
  an arrow
(33, -7, Elf:1)
  a +0 short sword
  (unseen)
(47, 1, Elf:1)
  a +2 mace of protection
(52, 5, Elf:1)
  an arrow
(52, 6, Elf:1)
  a +2 dagger of venom
  a +0 shortbow
  23 arrows
  a +0 leather armour
  an elf corpse
(52, 7, Elf:1)
  an arrow

Level 1 of the Lair of Beasts
(0, 0, Lair:1)
  18 stones
(9, -1, Lair:1)
  9 sling bullets
(11, -15, Lair:1)
  a +0 trident
(16, -2, Lair:1)
  a +0 animal skin
  a +0 spear
(27, 29, Lair:1)
  21 stones
(32, 5, Lair:1)
  a potion of degeneration
  a +0 chain mail
(32, 6, Lair:1)
  the +7 arbalest "Redumajo" {velocity, rN+ Dex+4}
    Any bolt fired from it inflicts extra damage.
    
    It affects your dexterity (+4).
    It protects you from negative energy.
  a +2 triple crossbow of freezing
  a +1 executioner's axe of distortion
(32, 8, Lair:1)
  a +0 pair of boots
(33, 6, Lair:1)
  a +2 war axe of draining
  a +1 war axe of freezing
  a +2 battleaxe of chopping
  a +2 executioner's axe of electrocution
  16 javelins
  a +3 broad axe of freezing
  the +5 broad axe of Ani Fuej {venom, Str+3 Int+4 Dex+2}
    It poisons the flesh of those it strikes.
    
    It affects your strength (+3).
    It affects your intelligence (+4).
    It affects your dexterity (+2).
  a +0 battleaxe of freezing
  a +2 hunting sling of freezing
(33, 7, Lair:1)
  3 potions of ambrosia
  6 potions of brilliance
(33, 8, Lair:1)
  10 scrolls of remove curse
  a scroll of random uselessness
  6 scrolls of amnesia
  2 scrolls of vulnerability
(34, 6, Lair:1)
  a +1 hat of see invisible
  the +8 chain mail of the Game of Kings {+Blink Dex+3 SInv}
    It affects your dexterity (+3).
    It lets you see invisible.
    It lets you blink.
  a +2 hat
  a +1 cloak of poison resistance
  a +1 hat of intelligence
  a scarf of resistance
  a +0 plate armour
  a +0 large shield
(34, 8, Lair:1)
  an uncursed amulet of the gourmand
  the amulet of Mistrust {+Rage +Fly Int+10 Dex-5}
    [amulet of rage]
    
    It affects your intelligence (+10).
    It affects your dexterity (-5).
    It lets you fly.
    It lets you go berserk.
  the ring of Moxtuf {*Corrode +Inv MR+ Int+3 Dex+9}
    [ring of protection from magic]
    
    It affects your intelligence (+3).
    It affects your dexterity (+9).
    It affects your resistance to hostile enchantments.
    It lets you turn invisible.
    It may corrode you when you take damage.
(35, 6, Lair:1)
  16 bread rations
  5 meat rations
(35, 8, Lair:1)
  a wand of iceblast (0/15)
  a wand of flame (0/48)
  a wand of iceblast (0/15)
  a wand of acid (0/15)
  a wand of clouds (0/9)
  a wand of disintegration (0/24)
  a wand of disintegration (0/24)
  a wand of iceblast (6/15)
  a wand of flame (12/48)
  a wand of confusion (22/48)
  a wand of random effects (11/48)
  a wand of random effects (33/48)
  a wand of confusion (16/48)
  a wand of random effects (27/48)
  a wand of flame (31/48)
(36, 7, Lair:1)
  a book of Summonings
  a fan of gales
  a phantom mirror
  a lightning rod (inert)
(37, 35, Lair:1)
  a +0 dagger
(40, -18, Lair:1)
  19 arrows
(42, 15, Lair:1)
  a +0 chain mail
(50, -16, Lair:1)
  14 bolts

Level 2 of the Lair of Beasts
(0, 0, Lair:2)
  a +0 war axe
(29, -5, Lair:2)
  a +0 whip
(29, 20, Lair:2)
  12 arrows
(30, 15, Lair:2)
  a scroll of random uselessness
(33, 2, Lair:2)
  a +0 glaive

Level 3 of the Lair of Beasts
(0, 0, Lair:3)
  4 curare-tipped needles
(1, -1, Lair:3)
  15 gold pieces
(1, 0, Lair:3)
  19 gold pieces
(1, 1, Lair:3)
  26 gold pieces
(2, 3, Lair:3)
  8 gold pieces
(3, 1, Lair:3)
  22 gold pieces
(3, 2, Lair:3)
  an uncursed amulet of rage
(4, 0, Lair:3)
  a cursed -3 dagger
(4, 1, Lair:3)
  20 gold pieces
(20, 24, Lair:3)
  22 poisoned needles
(28, -5, Lair:3)
  12 poisoned needles
(29, -15, Lair:3)
  6 tomahawks
(41, 20, Lair:3)
  a +3 chain mail
(44, 25, Lair:3)
  24 arrows

Level 4 of the Lair of Beasts
(0, 0, Lair:4)
  a cursed +0 ring mail
(1, 16, Lair:4)
  a cursed +0 chain mail
(6, 20, Lair:4)
  a +0 spear
(7, 22, Lair:4)
  a +0 hunting sling
(11, -26, Lair:4)
  24 arrows
(12, 19, Lair:4)
  7 javelins
(13, 14, Lair:4)
  a +0 whip
(36, -22, Lair:4)
  a +0 rapier

Level 5 of the Lair of Beasts
(0, 0, Lair:5)
  a +0 glaive
(6, 27, Lair:5)
  a +0 quarterstaff
(21, 1, Lair:5)
  a +0 ring mail
(24, 3, Lair:5)
  a +0 chain mail
(30, 0, Lair:5)
  the +4 great sword of Xienenol {slice, Int-5 Dex+6}
    It inflicts extra damage upon your enemies.
    
    It affects your intelligence (-5).
    It affects your dexterity (+6).
(34, 9, Lair:5)
  a +0 falchion
(49, 4, Lair:5)
  a +0 robe

Level 6 of the Lair of Beasts
(0, 0, Lair:6)
  a +0 leather armour
(9, -41, Lair:6)
  16 bolts
(11, -40, Lair:6)
  11 arrows
(12, -41, Lair:6)
  a +0 falchion
(15, -17, Lair:6)
  24 sling bullets
(23, -37, Lair:6)
  a +0 scale mail
(29, -29, Lair:6)
  a scroll of amnesia
(31, -34, Lair:6)
  15 stones
(32, -20, Lair:6)
  a +0 spear
(34, -22, Lair:6)
  22 bolts
(34, -20, Lair:6)
  30 stones
(35, -22, Lair:6)
  an uncursed staff of conjuration
(35, -21, Lair:6)
  13 arrows
(40, -11, Lair:6)
  16 bolts
(43, -41, Lair:6)
  15 stones
(49, -4, Lair:6)
  a +0 spear
(54, 0, Lair:6)
  a +0 hand axe

Level 1 of the Swamp
(0, 0, Swamp:1)
  a cursed +0 plate armour
(4, 2, Swamp:1)
  a +0 spear
  a +0 ring mail
(8, 9, Swamp:1)
  19 sling bullets
(13, 2, Swamp:1)
  a +0 robe
(13, 30, Swamp:1)
  a +0 large shield
(20, 45, Swamp:1)
  16 stones
(23, 15, Swamp:1)
  +0 swamp dragon scales
(23, 18, Swamp:1)
  a +0 buckler
  a +0 spear
(30, 48, Swamp:1)
  a +0 whip
(31, 5, Swamp:1)
  a +0 chain mail
  2 throwing nets
(31, 6, Swamp:1)
  3 large rocks
(36, 15, Swamp:1)
  a +0 mace
(38, 25, Swamp:1)
  +0 swamp dragon scales
(46, 8, Swamp:1)
  a +0 trident

Level 2 of the Swamp
(0, 0, Swamp:2)
  a +0 halberd
(12, 3, Swamp:2)
  a +0 ring mail
(13, 2, Swamp:2)
  a +0 fustibalus
(14, 11, Swamp:2)
  19 stones
(26, -5, Swamp:2)
  a +0 cloak
(28, 3, Swamp:2)
  a +0 quarterstaff
(39, -6, Swamp:2)
  a +0 spear
(45, -14, Swamp:2)
  a +0 rapier
(46, -2, Swamp:2)
  a +1 flail of holy wrath
(46, 2, Swamp:2)
  7 bolts
(47, -18, Swamp:2)
  a cursed +0 quarterstaff
  a +0 robe
(50, 11, Swamp:2)
  18 stones
(51, -1, Swamp:2)
  a +0 hand axe

Level 3 of the Swamp
(0, 0, Swamp:3)
  7 arrows
(1, 7, Swamp:3)
  a +0 short sword
(2, -35, Swamp:3)
  +0 swamp dragon scales
(7, -20, Swamp:3)
  a +0 hunting sling
(9, -29, Swamp:3)
  18 stones
(17, -21, Swamp:3)
  12 arrows
(23, -3, Swamp:3)
  16 stones
(29, -8, Swamp:3)
  a +0 spear
(34, -23, Swamp:3)
  2 javelins
(45, -42, Swamp:3)
  a +0 leather armour

Level 4 of the Swamp
(2, -21, Swamp:4)
  the +1 trident "Simu" {venom, *Corrode Dex+6}
    It poisons the flesh of those it strikes.
    
    It affects your dexterity (+6).
    It may corrode you when you take damage.
(4, -7, Swamp:4)
  the cursed ring "Kedeco Qeopp" {MR+ Int-2}
    [ring of intelligence]
    
    It affects your intelligence (-2).
    It affects your resistance to hostile enchantments.
    It has a curse placed upon it.
(11, -7, Swamp:4)
  a +0 quarterstaff
(12, 0, Swamp:4)
  a stone
(14, -18, Swamp:4)
  a +0 falchion
(18, 1, Swamp:4)
  26 stones
  a cursed -2 spear
  a +0 buckler
(23, -5, Swamp:4)
  18 stones
(25, 6, Swamp:4)
  +0 swamp dragon scales
(30, -25, Swamp:4)
  22 stones
(31, -24, Swamp:4)
  a +0 ring mail
(32, 16, Swamp:4)
  a +0 scale mail
(33, -1, Swamp:4)
  a +0 shortbow
(33, 13, Swamp:4)
  30 stones
(42, -16, Swamp:4)
  5 needles of sleeping
(43, 16, Swamp:4)
  a +0 spear
(50, 13, Swamp:4)
  a +0 dagger

Level 1 of the Spider Nest
(0, 0, Spider:1)
  a +0 leather armour
(5, -12, Spider:1)
  13 stones
(7, -17, Spider:1)
  a +3 ring mail
(7, -6, Spider:1)
  a +0 pair of boots
(16, -12, Spider:1)
  a +0 robe
(21, -20, Spider:1)
  the +10 great sword "Tuuzoi" {slice, rC+}
    It inflicts extra damage upon your enemies.
    
    It protects you from cold.
(21, 5, Spider:1)
  a +0 great mace
(24, -3, Spider:1)
  19 stones
(26, -32, Spider:1)
  a +0 scale mail
(26, 1, Spider:1)
  3 stones
(33, -15, Spider:1)
  the +9 falchion of the Eternal Void {holy, rPois rF+ rC+ Int-3}
    It has been blessed by the Shining One to cause great damage to the undead
    and demons.
    
    It affects your intelligence (-3).
    It protects you from fire.
    It protects you from cold.
    It protects you from poison.

Level 2 of the Spider Nest
(0, 0, Spider:2)
  7 tomahawks
(15, -14, Spider:2)
  a +0 scale mail
(21, -27, Spider:2)
  a +0 robe
  a +2 vampiric lajatang
(25, -23, Spider:2)
  a +1 robe of positive energy
(32, 0, Spider:2)
  a +0 scale mail
(41, -14, Spider:2)
  an uncursed ring of flight
(41, -10, Spider:2)
  a +0 helmet
(42, 2, Spider:2)
  15 stones
(53, -9, Spider:2)
  11 arrows
(54, -2, Spider:2)
  a +0 trident
(56, 7, Spider:2)
  20 stones
(58, 13, Spider:2)
  a +2 chain mail of fire resistance
(59, 13, Spider:2)
  an uncursed ring of magical power
(63, 10, Spider:2)
  a +2 battleaxe of freezing

Level 3 of the Spider Nest
(0, 0, Spider:3)
  a +0 flail
(7, -12, Spider:3)
  a cursed +0 pair of gloves
(9, 17, Spider:3)
  a book of the Earth
(12, 12, Spider:3)
  a book of Maledictions
(13, 4, Spider:3)
  a +0 mace
(16, 12, Spider:3)
  a throwing net
(16, 30, Spider:3)
  a +0 helmet
(18, -11, Spider:3)
  the ring "Reodoe" {*Tele rPois Str+4}
    [ring of teleportation]
    
    It may teleport you next to monsters.
    It affects your strength (+4).
    It protects you from poison.
  a +1 ring of protection
(22, 16, Spider:3)
  a +0 glaive
(22, 26, Spider:3)
  a +0 helmet
(25, -12, Spider:3)
  14 sling bullets
(25, -11, Spider:3)
  a cursed +0 scale mail
(26, -8, Spider:3)
  13 stones
(27, 22, Spider:3)
  a scroll of vulnerability
(30, 17, Spider:3)
  a +3 rapier of electrocution
  a +1 cloak of invisibility
  the +2 pair of gloves "Kienudi" {rC+ rN+ MR-}
    It protects you from cold.
    It protects you from negative energy.
    It affects your resistance to hostile enchantments.

Level 4 of the Spider Nest
(0, 0, Spider:4)
  a +0 leather armour
(3, -7, Spider:4)
  a +7 war axe
(3, 4, Spider:4)
  a +0 battleaxe
(6, 11, Spider:4)
  17 stones
(8, -9, Spider:4)
  a cursed +0 falchion
(9, 14, Spider:4)
  a +0 ring mail
(15, -3, Spider:4)
  an uncursed staff of poison
(16, 2, Spider:4)
  a +0 broad axe
(17, -17, Spider:4)
  7 javelins
(19, 25, Spider:4)
  20 stones
(30, 16, Spider:4)
  a +0 chain mail
(31, 9, Spider:4)
  13 bolts
(31, 11, Spider:4)
  a cursed -1 war axe
(38, 12, Spider:4)
  a +3 chain mail
(40, 3, Spider:4)
  25 arrows

