Mash

Level 1 of the Dungeon
(0, 0, D:1)
  18 arrows
(5, 6, D:1)
  a +0 dagger
(6, 26, D:1)
  a +0 hand axe
(22, 19, D:1)
  a +0 dagger
(25, -11, D:1)
  a +0 spear
(25, 14, D:1)
  a +0 hunting sling
(28, -2, D:1)
  16 stones
(38, -17, D:1)
  a +1 whip of electrocution
(40, -17, D:1)
  a stone
(41, -17, D:1)
  2 stones
(44, 6, D:1)
  10 stones
(48, -15, D:1)
  10 stones
(49, 0, D:1)
  11 sling bullets
(51, 10, D:1)
  a +0 dagger
(53, -16, D:1)
  a +0 leather armour

Level 2 of the Dungeon
(0, 0, D:2)
  a +0 dagger
(6, 9, D:2)
  a +0 spear
(10, 9, D:2)
  a +0 dagger
(13, -4, D:2)
  a cursed -1 short sword
(16, 3, D:2)
  17 stones
(20, 1, D:2)
  a +2 leather armour of fire resistance
(27, 12, D:2)
  20 sling bullets
(38, 27, D:2)
  19 arrows
(45, 4, D:2)
  a +0 shield
(51, 7, D:2)
  a +0 hunting sling
(51, 24, D:2)
  21 sling bullets

Level 3 of the Dungeon
(0, 0, D:3)
  a +0 robe
(14, -5, D:3)
  a +0 leather armour
(15, -1, D:3)
  a +0 whip
(17, -6, D:3)
  a +0 hunting sling
(18, -5, D:3)
  a +0 helmet
(19, -13, D:3)
  24 stones
(20, -5, D:3)
  a +0 scale mail
(22, -10, D:3)
  13 stones
(25, -29, D:3)
  a +0 robe
(25, 18, D:3)
  a +0 robe
(26, 26, D:3)
  a +0 hunting sling
(27, 5, D:3)
  a +0 hand axe
(34, 3, D:3)
  a +0 ring mail
  a +0 whip
  a +0 leather armour
  a +0 war axe
  a +0 ring mail
  a cursed +0 hand axe
(44, 0, D:3)
  a +0 scale mail
(51, -9, D:3)
  a cursed +0 club
(55, -7, D:3)
  a +0 short sword

Level 4 of the Dungeon
(0, 0, D:4)
  a +0 whip
(4, -12, D:4)
  a +0 robe
  a +0 dagger
(8, -11, D:4)
  a +0 club
  a +0 giant club
(8, -7, D:4)
  a +0 hand axe
(9, -7, D:4)
  a +0 ring mail
  a +0 mace
(10, -10, D:4)
  a javelin
(13, -13, D:4)
  11 poisoned needles
(17, -12, D:4)
  7 gold pieces
(18, -2, D:4)
  22 stones
(20, -14, D:4)
  a bread ration

Level 5 of the Dungeon
(0, 0, D:5)
  a +0 giant club
(8, 5, D:5)
  22 stones
(15, 19, D:5)
  the +0 ring mail "Nirynuos" {Int+5}
    It affects your intelligence (+5).
(19, -35, D:5)
  a +0 trident
(19, -33, D:5)
  a +0 leather armour
(19, -30, D:5)
  24 arrows
(19, 0, D:5)
  a +0 hunting sling
(21, 18, D:5)
  a +0 ring mail
(25, -9, D:5)
  a +0 leather armour
(27, -24, D:5)
  a +0 spear
(28, 0, D:5)
  20 stones
(28, 26, D:5)
  a +0 shortbow
  11 arrows
(30, 26, D:5)
  2 arrows
(33, 26, D:5)
  an arrow
(43, -8, D:5)
  28 stones
(54, -11, D:5)
  a cursed +0 robe

Level 6 of the Dungeon
(0, 0, D:6)
  a +0 giant club
  a +0 giant club
(5, -1, D:6)
  a +0 giant club
(6, -1, D:6)
  a +0 rapier
(8, -8, D:6)
  an uncursed ring of resist corrosion
(8, -5, D:6)
  a +0 trident
(15, 8, D:6)
  21 stones
(20, -1, D:6)
  a +0 leather armour
(21, 2, D:6)
  a +0 short sword
(25, 14, D:6)
  a +0 dagger
  a +0 robe
(28, -6, D:6)
  a +0 mace
  a +0 scale mail
(29, -6, D:6)
  a +2 vampiric hand axe
  a +0 chain mail
  a +0 whip of electrocution
  a +0 ring mail
  a +0 dagger
  a cursed -2 trident
(35, 14, D:6)
  17 stones
(48, 40, D:6)
  an arrow
(49, 40, D:6)
  an arrow
(50, 39, D:6)
  a +0 falchion
  a +0 shortbow
  31 arrows
  a +0 robe

Level 7 of the Dungeon
(0, 0, D:7)
  9 poisoned needles
(1, 1, D:7)
  a +0 shortbow
  24 arrows
(3, -2, D:7)
  2 arrows
(15, 17, D:7)
  13 sling bullets
(19, 36, D:7)
  18 sling bullets
  a +0 leather armour
  a +1 quarterstaff of protection
  a +0 hunting sling
(20, 34, D:7)
  2 sling bullets
(25, 28, D:7)
  a +0 robe
  a +2 dagger of speed
(26, 31, D:7)
  a cursed +0 robe
(27, 19, D:7)
  12 arrows
(36, -5, D:7)
  a +0 short sword
(40, 8, D:7)
  6 stones
(45, 28, D:7)
  an arrow
(48, 25, D:7)
  an arrow
(49, 22, D:7)
  an arrow
(49, 24, D:7)
  an arrow
(50, 22, D:7)
  2 arrows
(57, 22, D:7)
  a +0 short sword
  a +0 ring mail
  a +0 flail
  a +0 ring mail
  a +0 mace
  a +2 dagger of venom
  a +0 robe
(64, 19, D:7)
  a +0 shortbow
  29 arrows
(66, 22, D:7)
  a +0 flail
(70, 42, D:7)
  31 stones

Level 8 of the Dungeon
(0, 0, D:8)
  23 stones
(6, 10, D:8)
  8 arrows
  a +0 shortbow
(7, 8, D:8)
  an arrow
(7, 9, D:8)
  2 arrows
(9, -33, D:8)
  a +0 club
(16, 14, D:8)
  16 stones
(17, -10, D:8)
  31 sling bullets
(23, -29, D:8)
  an arrow
(24, -29, D:8)
  a +0 hand axe
  4 exploding tomahawks
(25, -29, D:8)
  a cursed +5 hand axe of freezing
  a +0 robe
  a +0 giant club
(26, -29, D:8)
  a +0 hand axe
  a +0 shortbow
  19 arrows
(31, -20, D:8)
  9 bolts
(31, 2, D:8)
  a +0 dagger
  a +0 robe
  an arrow
(32, -29, D:8)
  3 stones
(32, 2, D:8)
  a +0 dagger
  a +0 dagger
  a +0 robe
  a +0 shortbow
  a +0 whip
  a +0 scale mail
  a +0 dagger
  a +2 robe of resistance
  25 arrows
(33, -29, D:8)
  3 stones
  a +0 spear
  a +0 hunting sling
(33, 2, D:8)
  a +0 giant spiked club
  a +0 club
  a +0 leather armour
(36, -29, D:8)
  a +0 short sword
  5 stones
(38, -23, D:8)
  14 arrows
(40, -5, D:8)
  a cursed -1 dagger
(46, -14, D:8)
  a +0 dagger
(54, -38, D:8)
  a cursed -1 whip

Level 9 of the Dungeon
(0, 0, D:9)
  17 arrows
(4, -45, D:9)
  12 bolts
(5, -22, D:9)
  a +0 leather armour
(8, -33, D:9)
  a +0 leather armour (still there?)
  a +0 dagger (still there?)
(8, -32, D:9)
  a +0 flail
(9, -34, D:9)
  a +0 scale mail
  a +0 morningstar
(10, -32, D:9)
  a +0 falchion
  (unseen)
(19, -30, D:9)
  4 arrows
(20, -30, D:9)
  3 arrows
(21, -30, D:9)
  a +0 spear of flaming
  a +0 animal skin
(21, -29, D:9)
  an arrow
(22, -29, D:9)
  6 arrows
  a +0 shortbow
(31, -16, D:9)
  a +0 leather armour
(41, -13, D:9)
  a +0 giant club
(41, 1, D:9)
  a +0 pair of gloves
(42, -19, D:9)
  10 sling bullets
(47, -29, D:9)
  a +0 spear
  a +0 ring mail
(48, -45, D:9)
  a +0 long sword
(48, -29, D:9)
  a cursed -1 whip
(48, -27, D:9)
  a +0 spear
(52, -47, D:9)
  a cursed -2 dagger
  a +0 robe
  a +0 leather armour
(54, 1, D:9)
  a +0 giant spiked club
(56, -22, D:9)
  a +0 dagger
  a +0 robe
(56, -16, D:9)
  23 arrows
(63, -10, D:9)
  a +0 giant spiked club
  a +0 giant spiked club
(65, -29, D:9)
  a +0 club

Level 10 of the Dungeon
(0, 0, D:10)
  a +0 leather armour
(0, 2, D:10)
  a +0 dagger
  a +0 robe
  a +0 long sword
  a +0 chain mail
(0, 3, D:10)
  a +0 dagger
  a +0 robe
(7, -9, D:10)
  14 arrows
(10, -11, D:10)
  a +0 rapier
(20, -1, D:10)
  a +0 dagger
(27, -16, D:10)
  a +0 dagger
(29, -21, D:10)
  a +0 leather armour
  a +0 club
  a cursed -3 scimitar
  a +0 chain mail
(29, -20, D:10)
  a +0 club
(29, -19, D:10)
  a +0 whip
(29, -18, D:10)
  a cursed -2 flail
  a stone
(30, -19, D:10)
  7 stones
(31, -18, D:10)
  a +0 club
(32, -18, D:10)
  2 stones
(38, -7, D:10)
  3 stones
(39, -6, D:10)
  a +2 short sword of holy wrath
  3 stones
  a +0 club
(42, 9, D:10)
  a +0 rapier
(44, -6, D:10)
  12 arrows
  a +0 shortbow

Level 11 of the Dungeon
(0, 0, D:11)
  a +0 dagger
(0, 5, D:11)
  a +0 giant spiked club
  a +0 giant club
(0, 6, D:11)
  a +0 troll leather armour
(7, -3, D:11)
  25 stones
(9, 30, D:11)
  the +5 scale mail of Ettuiliy {+Blink rC++ MP-9 Str-5}
    It affects your strength (-5).
    It greatly protects you from cold.
    It affects your magic capacity (-9).
    It lets you blink.
(17, 1, D:11)
  21 stones
(32, 29, D:11)
  a +0 scale mail
(33, 18, D:11)
  a +0 ring mail
  a +0 flail
(35, 3, D:11)
  a +0 leather armour
  a +0 club
(35, 4, D:11)
  a +0 chain mail
  a +0 flail
(35, 5, D:11)
  a +0 giant club
  a +0 giant spiked club
(35, 7, D:11)
  a +0 troll leather armour
(35, 9, D:11)
  a +0 flail
(35, 12, D:11)
  a +0 whip
  a +0 flail
(35, 14, D:11)
  a +0 robe
  a cursed -1 dagger
(36, 19, D:11)
  a +0 dagger
(37, 31, D:11)
  a +0 dagger
  a +0 robe
(38, 31, D:11)
  a +0 mace
  a +0 chain mail
  a +0 mace
  a +0 glaive
  a +0 plate armour
(39, 2, D:11)
  14 stones
(41, 25, D:11)
  a +0 club
  a +0 flail
(50, -4, D:11)
  an uncursed ring of loudness
  a book of Misfortune
  a book of Minor Magic

Level 12 of the Dungeon
(0, 0, D:12)
  a +0 short sword
  a +0 ring mail
(1, -2, D:12)
  a +0 mace
  a +1 vampiric hand axe
  a +0 leather armour
  a +0 flail
(2, -2, D:12)
  a +0 whip
  a +0 leather armour
(3, -2, D:12)
  a +0 war axe of electrocution
  a cursed -1 ring mail
(3, 14, D:12)
  a +0 dagger
  a +0 robe
(3, 17, D:12)
  a +4 flail
  a +0 robe
(4, 0, D:12)
  a +0 whip
  a +0 ring mail
  a +0 dagger
  a +0 leather armour
(4, 24, D:12)
  2 large rocks
(5, 24, D:12)
  a cursed +3 falchion of freezing
  a +0 robe
  a +2 halberd of freezing
  a +0 robe
(6, 24, D:12)
  a cursed +4 battleaxe
  a +0 robe
(7, 24, D:12)
  a cursed -3 mace
  a +0 robe
(8, 14, D:12)
  a +0 robe
  (unseen)
(9, 16, D:12)
  a +1 battleaxe of freezing
  a cursed +0 plate armour
  a +0 club
  4 large rocks
  a +0 leather armour
  a cursed -2 club
  a +0 chain mail
  a +0 short sword
  a +0 robe
  a +0 plate armour
  a +0 dagger of holy wrath
  a +0 battleaxe
  a +0 whip
  a +0 mace
(9, 40, D:12)
  a +0 flail
(10, 16, D:12)
  a cursed -2 plate armour
  (unseen)
(10, 17, D:12)
  a +0 leather armour
  (unseen)
(11, 14, D:12)
  a +1 robe
(12, 32, D:12)
  a +0 plate armour
  a +0 war axe
(12, 33, D:12)
  2 large rocks
(13, 9, D:12)
  a +0 dagger
(14, 15, D:12)
  a +0 robe
  a +0 dagger
(16, 16, D:12)
  a +0 chain mail
  a +0 hand axe
(16, 17, D:12)
  a +0 leather armour
  a cursed +0 leather armour
  a +0 morningstar
  a +0 hand axe
(17, 16, D:12)
  a +0 whip
  a +0 flail
  a cursed +0 leather armour
(17, 17, D:12)
  a +0 trident
(18, 17, D:12)
  a +0 club
  a +0 hand axe
  a +0 chain mail
(18, 18, D:12)
  a +0 chain mail
  a +0 flail
  a +0 flail
  a +0 chain mail
(21, -7, D:12)
  a +0 morningstar
  a +0 mace
(21, 25, D:12)
  a +0 club
  a +0 dagger
  7 stones
(22, 7, D:12)
  a +0 scimitar
  a +0 plate armour
  a +0 hand axe
  a +0 scale mail
(22, 25, D:12)
  a +0 short sword
  a +0 whip of pain
  a +0 blowgun
  2 poisoned needles
(22, 26, D:12)
  a +0 club
  a +3 short sword
  a stone
(22, 27, D:12)
  a stone
  2 poisoned needles
(22, 28, D:12)
  3 poisoned needles
  a stone
(22, 32, D:12)
  4 stones
(23, 7, D:12)
  a +0 dagger
  a +0 robe
(24, 32, D:12)
  17 poisoned needles
(33, 38, D:12)
  a +0 dagger of protection
(37, 19, D:12)
  a +0 giant spiked club
(44, 25, D:12)
  a +1 mace of crushing
  a +0 ring mail
  a +0 hand axe

the Ecumenical Temple

Level 1 of the Orcish Mines
(0, 0, Orc:1)
  a +0 ring mail
  a +0 dagger
  a +0 chain mail
  a +0 long sword
(1, 0, Orc:1)
  a +0 trident
(1, 1, Orc:1)
  a +0 robe
  a +0 dagger
  a +0 giant club
  a +0 dire flail
  a +0 chain mail
  a +0 morningstar
  a +0 chain mail
  a +0 long sword
  a +0 leather armour
  a +0 club
(1, 2, Orc:1)
  a +0 falchion
  a +0 chain mail
  a +0 battleaxe
  a +0 chain mail
  a +3 flail
(2, 7, Orc:1)
  a +0 robe
  a +0 dagger
  a +0 club
(3, 3, Orc:1)
  a +0 robe
  a +0 dagger
(3, 6, Orc:1)
  a +0 robe
  a +0 dagger
(3, 7, Orc:1)
  a +0 plate armour
  a +0 mace
(4, 5, Orc:1)
  a +0 dagger
  a +0 leather armour
  a +2 mace of protection
  a +0 chain mail
  a +0 long sword
(8, 22, Orc:1)
  a +0 mace
(14, 26, Orc:1)
  a +0 leather armour
  a +0 trident
(15, 23, Orc:1)
  a +0 robe
  a +0 dagger
(15, 25, Orc:1)
  a +2 robe of fire resistance
  a +1 scimitar of flaming
(16, 24, Orc:1)
  a +0 whip
  a +0 leather armour
  a +0 whip
(16, 32, Orc:1)
  a +0 giant club

Level 2 of the Orcish Mines
[Shop] Taceugh's Book Boutique
  (Shop contents are unknown)
(0, 0, Orc:2)
  a +0 hand axe
  a +0 falchion
  a +1 dagger of electrocution
  a +0 ring mail
  an orc corpse
  an orc corpse
  an orc corpse
  an orc corpse
(1, 0, Orc:2)
  a +0 hand axe
  7 tomahawks
  a +0 chain mail
  a +0 dagger
  a +0 dagger
  a +0 chain mail
  a +0 trident
  a +0 plate armour
  a +0 dire flail
  a +0 plate armour
  a +0 dagger
  a +0 scale mail
  a +0 club
  a +0 leather armour
  an orc corpse
  an orc corpse
  an orc corpse
  an orc corpse
(2, 0, Orc:2)
  a +0 battleaxe
  a +0 chain mail
  a +0 trident
  a +0 great sword
  a +0 chain mail
  a +0 war axe of freezing
  an orc corpse
  an orc corpse
  an orc corpse
(3, -1, Orc:2)
  a +0 flail
(3, 0, Orc:2)
  a +0 flail
  a +0 leather armour
  a +0 mace
  a +0 plate armour
  a +0 mace
  a +0 plate armour
(22, -2, Orc:2)
  29 gold pieces
(32, 14, Orc:2)
  a +0 giant club
  a +0 dire flail
(44, 8, Orc:2)
  a +0 leather armour
  a +0 trident
(44, 9, Orc:2)
  a +0 dagger
  a +0 short sword
(45, 7, Orc:2)
  a +0 leather armour
  a +0 club
  a +0 club
(45, 8, Orc:2)
  a +0 plate armour
  a +0 dire flail
(45, 9, Orc:2)
  a +0 plate armour
  a +0 mace
(46, 8, Orc:2)
  a +0 leather armour
  a +0 club
  a +0 robe
  a +0 dagger
(55, 34, Orc:2)
  a +0 trident
(56, 35, Orc:2)
  a +0 club
  a +0 leather armour
  an orc corpse (skeletalised by now)
(56, 36, Orc:2)
  a +0 club
  a +0 leather armour
(59, 36, Orc:2)
  a +0 club
  (unseen)
(59, 37, Orc:2)
  a +0 club
  (unseen)
(60, 36, Orc:2)
  a +0 halberd
  (unseen)
(60, 37, Orc:2)
  a +2 dagger of venom
  a +0 robe
  an orc corpse (skeletalised by now)
(61, 36, Orc:2)
  a +0 war axe
  a +0 plate armour

Level 1 of the Lair of Beasts
(0, 0, Lair:1)
  a +0 scale mail
(10, 20, Lair:1)
  15 stones
(27, 38, Lair:1)
  a +3 battleaxe
  a +0 flail of protection
  a +2 hunting sling of velocity
  a +0 war axe
  a javelin
  the +1 shortbow "Vyxivvoe" {velocity, Int+4}
    Any arrow fired from it inflicts extra damage.
    
    It affects your intelligence (+4).
(27, 40, Lair:1)
  6 potions of mutation
  2 potions of degeneration
  4 potions of magic
(27, 45, Lair:1)
  24 arrows
(28, 38, Lair:1)
  a +0 cloak
  a +0 chain mail of cold resistance
  a +0 shield
(28, 39, Lair:1)
  an uncursed amulet of magic regeneration
  the ring "Uloluxyr" {Ice Int+2 Slay+2}
    [ring of ice]
    
    It enhances your ice magic.
    It affects your intelligence (+2).
    It affects your accuracy and damage with ranged weapons and melee attacks
    (+2).
    It makes you vulnerable to fire.
    It protects you from cold.
  an uncursed ring of teleportation
(28, 40, Lair:1)
  a wand of iceblast (0/15)
  a wand of paralysis (0/24)
  a wand of random effects (22/48)
  a wand of polymorph (17/24)
(30, 28, Lair:1)
  a +0 falchion
(32, 35, Lair:1)
  a +0 robe
(37, 8, Lair:1)
  27 sling bullets
(38, 29, Lair:1)
  a +0 plate armour
(50, 33, Lair:1)
  a +1 great sword of electrocution
(53, 2, Lair:1)
  the +1 ring mail "Momuffy" {rF+ MP+9 Int-2}
    It affects your intelligence (-2).
    It protects you from fire.
    It affects your magic capacity (+9).
(54, 41, Lair:1)
  a royal jelly
(63, 14, Lair:1)
  a crystal ball of energy

Level 2 of the Lair of Beasts
(0, 0, Lair:2)
  a +0 arbalest
(3, 1, Lair:2)
  18 stones
(5, -1, Lair:2)
  9 arrows
(19, -19, Lair:2)
  a +0 long sword
(24, 4, Lair:2)
  a +0 robe of positive energy
(25, -10, Lair:2)
  a +0 blowgun
(32, -24, Lair:2)
  a +0 war axe
(32, -15, Lair:2)
  a +0 short sword
(33, -28, Lair:2)
  a +0 trident
(33, -16, Lair:2)
  a +0 robe
  a cursed -2 halberd
(44, -38, Lair:2)
  a +0 hand axe

Level 3 of the Lair of Beasts
(10, -13, Lair:3)
  23 bolts
(18, 12, Lair:3)
  a +0 ring mail
(20, -12, Lair:3)
  a +0 trident
(22, -40, Lair:3)
  26 stones
(27, -38, Lair:3)
  a +0 robe
(29, -2, Lair:3)
  22 stones
(31, -20, Lair:3)
  a +0 falchion
(38, -28, Lair:3)
  22 stones
(42, -9, Lair:3)
  16 stones
(48, -31, Lair:3)
  13 stones
(56, -39, Lair:3)
  17 sling bullets

Level 4 of the Lair of Beasts
(0, 0, Lair:4)
  a +0 hunting sling
(0, 1, Lair:4)
  a cursed ring of loudness
(3, -43, Lair:4)
  a +0 leather armour
(6, -2, Lair:4)
  18 arrows
(25, -50, Lair:4)
  a cursed -3 dagger
  a +0 robe
(25, -18, Lair:4)
  a +0 chain mail
(50, -9, Lair:4)
  a +0 falchion

Level 5 of the Lair of Beasts
(0, 0, Lair:5)
  18 arrows
(17, 29, Lair:5)
  13 gold pieces
(18, -11, Lair:5)
  a book of Clouds
(18, 27, Lair:5)
  a potion of curing
(18, 28, Lair:5)
  a +0 scimitar
(19, 29, Lair:5)
  a +1 hand axe of chopping
(20, 27, Lair:5)
  13 gold pieces
(20, 28, Lair:5)
  17 gold pieces
(20, 30, Lair:5)
  22 gold pieces
(21, 22, Lair:5)
  9 stones
(21, 24, Lair:5)
  12 bolts
(21, 25, Lair:5)
  a +0 scale mail
(21, 28, Lair:5)
  18 gold pieces
(22, -21, Lair:5)
  a +0 mace
(24, -4, Lair:5)
  an uncursed ring of stealth
(24, 28, Lair:5)
  a +1 great sword of slicing
(30, 1, Lair:5)
  21 sling bullets
(35, 7, Lair:5)
  a +0 robe
(37, 19, Lair:5)
  a +0 broad axe
(47, 5, Lair:5)
  21 sling bullets

Level 6 of the Lair of Beasts
(0, 0, Lair:6)
  a +0 quarterstaff
(3, 13, Lair:6)
  12 stones
(9, 18, Lair:6)
  a +0 chain mail
(9, 30, Lair:6)
  21 sling bullets
(15, 27, Lair:6)
  a +0 club
(20, 32, Lair:6)
  a +0 morningstar
(22, 32, Lair:6)
  a throwing net
(22, 38, Lair:6)
  15 stones
(31, 10, Lair:6)
  22 stones
(31, 11, Lair:6)
  an uncursed staff of cold
(32, 10, Lair:6)
  a +0 great sword of holy wrath
(43, -4, Lair:6)
  8 sling bullets

