Mash

Level 1 of the Dungeon
(0, 0, D:1)
  a stone
(0, 37, D:1)
  a +1 dagger of protection
(3, -3, D:1)
  2 stones
(6, -6, D:1)
  a +0 mace of venom
(6, -3, D:1)
  a +0 dagger
(7, 10, D:1)
  a +0 whip
  a +0 club
  a +0 club
(7, 11, D:1)
  a stone
(7, 26, D:1)
  18 bolts
(7, 31, D:1)
  a +0 club
(11, 30, D:1)
  a +0 whip
  a stone
(11, 32, D:1)
  a stone
(12, 42, D:1)
  19 stones
(18, 13, D:1)
  a +0 ring mail
(24, 0, D:1)
  a +0 dagger
(25, -3, D:1)
  24 bolts
(26, 17, D:1)
  a +0 whip
(31, 24, D:1)
  a +4 dagger of venom
(35, 16, D:1)
  27 stones
(37, 17, D:1)
  a +0 hunting sling
(40, 22, D:1)
  a +0 ring mail
(48, 7, D:1)
  a stone
(49, 5, D:1)
  a +0 short sword
  2 stones
(51, -3, D:1)
  a +0 dagger
(54, 12, D:1)
  a +0 scale mail
(59, 15, D:1)
  a +0 dagger

Level 2 of the Dungeon
(0, 0, D:2)
  a +0 club
  a +0 club
(9, 12, D:2)
  18 arrows
(10, -9, D:2)
  14 stones
(17, -16, D:2)
  a +0 club
(20, -13, D:2)
  a +0 club
(25, 14, D:2)
  a +0 club
(28, -7, D:2)
  17 stones
(33, 2, D:2)
  a +0 club
(33, 24, D:2)
  19 bolts
(38, -10, D:2)
  23 stones

Level 3 of the Dungeon
(0, 0, D:3)
  23 stones
(4, 18, D:3)
  a +0 ring mail
(7, 8, D:3)
  17 bolts
(15, 9, D:3)
  a +0 hand axe
(17, 20, D:3)
  a +0 short sword
  a stone
(18, 20, D:3)
  a +0 dagger
  a +0 leather armour
(19, 20, D:3)
  a stone
(20, -18, D:3)
  a +0 ring mail
(24, -9, D:3)
  a +0 short sword
(26, 7, D:3)
  a +0 dagger
  a +0 hunting sling
  19 stones
(27, -2, D:3)
  23 sling bullets
(27, 9, D:3)
  a stone
(27, 11, D:3)
  a stone
(27, 12, D:3)
  a stone
(27, 14, D:3)
  a stone
(30, 23, D:3)
  a +0 dagger
(30, 27, D:3)
  a stone
(31, 28, D:3)
  a stone
(33, -18, D:3)
  a +0 dagger
  4 stones
(35, -19, D:3)
  a stone
(43, 10, D:3)
  a +0 club
(46, -21, D:3)
  a +0 short sword
  a +0 leather armour
(47, -26, D:3)
  12 stones
(47, -21, D:3)
  a +0 leather armour
  a cursed -3 dagger

Level 4 of the Dungeon
(8, -5, D:4)
  24 bolts
(15, 9, D:4)
  18 poisoned needles
(17, -16, D:4)
  a +0 long sword
(17, -5, D:4)
  a +0 dagger
  a +0 robe
  a +0 short sword
(17, -1, D:4)
  a +0 club
  a +0 dagger
  a +0 dagger
  a +0 dagger
(18, 9, D:4)
  23 stones
(19, -1, D:4)
  a +0 club
  a +0 dagger
  a +0 helmet
  a +0 animal skin
  a +1 short sword of draining
(20, -16, D:4)
  a +0 leather armour
(22, -18, D:4)
  16 poisoned needles
(25, -19, D:4)
  25 sling bullets
(27, -2, D:4)
  a +1 leather armour of fire resistance
  a +2 rapier of protection
(29, -2, D:4)
  a +0 falchion of slicing
(32, -15, D:4)
  a +0 robe
(38, -13, D:4)
  a cursed +0 robe
(48, -16, D:4)
  a +0 dagger
  a +0 robe
(50, -13, D:4)
  8 tomahawks
(52, -8, D:4)
  a +0 dagger
  a +0 robe
(53, -9, D:4)
  a +0 flail
  a cursed -1 club
(57, 6, D:4)
  a +0 hand axe
(61, -2, D:4)
  a +0 flail
  a +0 flail
(62, -3, D:4)
  a cursed -3 halberd
(62, 20, D:4)
  15 sling bullets

Level 5 of the Dungeon
(0, 0, D:5)
  9 sling bullets
(23, 5, D:5)
  a +0 giant spiked club
(25, 39, D:5)
  a +0 giant club
(29, 8, D:5)
  a +0 long sword
(30, -8, D:5)
  a +0 flail
  a +0 leather armour
(30, -7, D:5)
  a +0 robe
(32, 35, D:5)
  10 bolts
(34, 7, D:5)
  a +0 hunting sling
(35, -8, D:5)
  24 stones
(41, 3, D:5)
  a +0 whip
(43, -6, D:5)
  a +0 whip
(49, -1, D:5)
  13 stones
(50, 12, D:5)
  a +0 falchion
(53, 8, D:5)
  a +0 whip
  a +0 leather armour
(54, 7, D:5)
  a +0 dagger
  a +0 robe

Level 6 of the Dungeon
(0, 0, D:6)
  11 stones
(5, 32, D:6)
  a +0 rapier
(6, 10, D:6)
  a +3 dagger
  a +0 halberd
(10, 13, D:6)
  a cursed -3 hand axe
(22, -6, D:6)
  7 needles of paralysis
(28, 39, D:6)
  13 sling bullets
(36, 27, D:6)
  a +0 robe
(42, 32, D:6)
  16 stones
(56, 28, D:6)
  18 stones

Level 7 of the Dungeon
(0, 0, D:7)
  a +0 mace
(17, 38, D:7)
  22 bolts
(19, 15, D:7)
  a +0 dagger
  a +0 robe
(19, 32, D:7)
  a cursed +0 flail
  a +0 spear
  a +0 scale mail
  a +0 buckler
(19, 53, D:7)
  an uncursed staff of fire
(20, 0, D:7)
  a +0 giant spiked club
  a +0 giant club
(20, 32, D:7)
  a +2 spear of venom
(21, 34, D:7)
  a +0 leather armour

Level 8 of the Dungeon
(0, 0, D:8)
  an arrow
(0, 2, D:8)
  a +0 shortbow
  10 arrows
(0, 4, D:8)
  2 arrows
(8, -18, D:8)
  25 bolts
(23, 30, D:8)
  a +1 dagger of chaos
  a +1 robe of cold resistance
(24, 30, D:8)
  a +0 shield
(25, -15, D:8)
  a poisoned needle
(25, -13, D:8)
  a stone
  a +0 short sword
  a +4 blowgun
  7 poisoned needles
(25, -12, D:8)
  a +0 whip
  4 stones
(25, -11, D:8)
  a +0 dagger
  4 stones
(25, -10, D:8)
  a +0 dagger
(25, -9, D:8)
  a cursed -1 whip
(25, -8, D:8)
  a +0 blowgun
  7 poisoned needles
(25, 10, D:8)
  a +0 short sword
  a +0 leather armour
  a +3 hand axe
  a +0 scale mail
(31, -22, D:8)
  21 arrows
(31, -20, D:8)
  15 stones
(33, 6, D:8)
  24 stones
(35, 24, D:8)
  a +0 quarterstaff
  a +0 hunting sling
  26 sling bullets
  a +0 ring mail
(36, 23, D:8)
  a sling bullet
(42, 28, D:8)
  20 stones
(43, 11, D:8)
  15 stones
(52, -6, D:8)
  3 large rocks
(54, 13, D:8)
  a +0 giant club
(55, 16, D:8)
  a +0 long sword
(59, -17, D:8)
  a +0 robe

Level 9 of the Dungeon
[Shop] Xovilog's Jewellery Shop
  a cursed ring of loudness (63 gold)
  a +3 ring of intelligence (219 gold)
  a cursed -2 ring of evasion (28 gold)
  an uncursed amulet of harm (420 gold)
  a +2 ring of protection (140 gold)
  an uncursed ring of resist corrosion (280 gold)
  an uncursed amulet of harm (420 gold)
  an uncursed ring of stealth (245 gold)
  a +5 ring of intelligence (576 gold)
  the ring of Xom's Best Wishes {rN+ Str+3 Int+2} (435 gold)
    [ring of strength]
    
    It affects your strength (+3).
    It affects your intelligence (+2).
    It protects you from negative energy.
  a +5 ring of slaying (1591 gold)
  a +6 ring of evasion (1092 gold)
(0, 0, D:9)
  a cursed +0 giant club
(0, 14, D:9)
  the cursed +0 leather armour of Curiosity {rN+ MR- Str+4 Slay+2}
    It affects your strength (+4).
    It affects your accuracy and damage with ranged weapons and melee attacks
    (+2).
    It protects you from negative energy.
    It affects your resistance to hostile enchantments.
    It has a curse placed upon it.
(3, 6, D:9)
  a +0 pair of gloves
(16, 1, D:9)
  a potion of degeneration
(22, -17, D:9)
  a +0 dagger
  a +0 dagger
  a cursed +0 robe
(22, -16, D:9)
  a +0 hand axe
  a +0 ring mail
  a +0 club
(23, -17, D:9)
  a +0 hand axe
  a cursed +0 ring mail
(35, -1, D:9)
  19 stones
(40, -16, D:9)
  a large rock
(41, -16, D:9)
  a +0 dagger
  a +0 robe
  a +0 dagger
  a +0 robe
  a +0 dagger
  a +0 giant spiked club
(44, 14, D:9)
  a +3 leather armour
  a +0 whip
(45, 5, D:9)
  20 sling bullets
(47, -12, D:9)
  3 large rocks
(52, -40, D:9)
  a +0 ring mail
(52, -39, D:9)
  a +0 quarterstaff
(55, 8, D:9)
  a +0 giant spiked club
  a +0 giant spiked club
(58, 7, D:9)
  an arrow
(59, -35, D:9)
  a potion of lignification
(59, -12, D:9)
  19 poisoned needles
(59, -1, D:9)
  an arrow
(59, 6, D:9)
  a +0 shortbow
  20 arrows
(59, 14, D:9)
  a +0 falchion
(60, -28, D:9)
  19 stones

the Ecumenical Temple

