       ########                                         
       #......#                                         
       #......#                                         
       #......#                                         
       #......#                                         
       #......##############                            
 ########'##................                            
 #....#....'................                            
 #....#....#.........u......                            
 #....#....#.......................                     
 ##'###..###...)..................                      
 #...###'#......###########......#                      
 #.......#........#       #......#                      
 #.......#......#.#       #......#                      
 #.......#†####...###     #......#                      
 #.......#†#  ###...###   #......#                      
##########.#    ###...#####......#                      
#..........#      ###....##......#                      
#..........#    u#######.........#                      
#..........#    Z.....'###.......#                      
#..........#         ##..###.....#                      
#......(...#       ###'.#..###...###                    
#..........#     ###..#..#...###...#                    
#..........#   ###..#.#.#...#..###)#                    
##+####....# ###..###.#..#...#...#.#                    
 #....#....###..###.#.#.#...#..###.#                    
 #....'....#..###.÷†..#..#...#####O#                    
 #....#...(###..###.#.#.#..####..#.#   #......          
 #....#....(.###..###.#..####..#.#O#   #...... ..# ##+  
 #....#........###..#.#####..#.#.#.#####.....##..# ...  
 #....#.......(..###..###..#.#.#.#.y...#.....+...#...   
 #....#............###'..#.#.#.#.#.....#.....#...#...#. 
 #....#..............####..#.#.#.#.....#.....#.....#...#
 #....+.................###..#.#.#.....#.....#...#...#..
####'##...................###..#)#..####.....#.#...#...#
#.....#####.......#'##+##...###).#.........##....#...#  
#.....#...'.......'.....#.....###'.........+...#...#..  
#.....#...#.......#.....#..................#.....#...#  
#.....'...#.......#.....+....#.............#...#...#...#
#.....#..##.......#....####'##.............###...#...#..
##########........#....##...########...........#...#...#
         #......#######............#..)..........#...#. 
         #......#.....#............+............#..#..  
         #......#.....#.>..........#....O.......###..#  
         #......###'#####..###..##.#............#  ##.  
         ####...#.....###..###..##.#####'###........    
            #...'.....#+........#..O.O'....#........    
            #...########........#.....#....#.........   
            #...).#    #........#.....#....#.........   
            #...)<#    #........#.....#....#.........   
#############.....#    ###'###+###...###...#........    
#............###### #+####.##..#########...########     
#............#     ..................#......#           
#............#     ..................#......#           
#............#     ..................'......#           
#............#     ##########################           
##############                                          
