Mash

Level 1 of the Dungeon
(0, 0, D:1)
  2 stones
(3, 38, D:1)
  a +0 ring mail
(8, 19, D:1)
  23 stones
(13, 4, D:1)
  a +1 hand axe of electrocution
(16, -16, D:1)
  21 arrows
(18, 4, D:1)
  a +0 club
(36, 10, D:1)
  a stone
(37, 11, D:1)
  a stone
(38, 12, D:1)
  a stone
(40, 15, D:1)
  a +0 club

Level 2 of the Dungeon
(0, 0, D:2)
  a +0 hand axe
(1, 5, D:2)
  an orc corpse
(2, 12, D:2)
  a +0 club
(5, 43, D:2)
  a +0 rapier
(9, -2, D:2)
  a +0 spear
(9, 27, D:2)
  a stone
(10, 26, D:2)
  a stone
(12, 3, D:2)
  a +0 club
(13, 25, D:2)
  a +0 club
  a stone
(26, 19, D:2)
  2 tomahawks
(29, 20, D:2)
  27 sling bullets
(30, 0, D:2)
  15 arrows
(30, 15, D:2)
  a stone
(30, 18, D:2)
  a stone
(30, 19, D:2)
  a stone
(30, 21, D:2)
  a +0 dagger of venom
(31, 18, D:2)
  31 stones
(33, -3, D:2)
  a +0 dagger
(35, 1, D:2)
  a +0 whip
(36, 31, D:2)
  a cursed -3 falchion
(41, 31, D:2)
  a +0 spear
(51, 25, D:2)
  a +0 quarterstaff

Level 3 of the Dungeon
(0, 0, D:3)
  5 tomahawks
  (unseen)
(1, -6, D:3)
  a scroll of magic mapping
(1, 0, D:3)
  a +0 club
  an orc skeleton
(6, -7, D:3)
  a scroll of fear

