Mash

Level 1 of the Dungeon
(0, 0, D:1)
  20 arrows
(0, 4, D:1)
  23 stones
(11, 13, D:1)
  a +0 halberd
(12, 5, D:1)
  28 stones
(15, -1, D:1)
  a +0 dagger
(16, -14, D:1)
  26 stones
(21, 14, D:1)
  a +0 leather armour
(28, 23, D:1)
  a +0 club
(29, 23, D:1)
  a cursed -2 club
(30, 2, D:1)
  a +0 scale mail
(34, -17, D:1)
  a +0 dagger of venom
(34, -16, D:1)
  a +1 dagger of electrocution
(35, -16, D:1)
  a +0 club
(41, -5, D:1)
  a +0 dagger
(46, 10, D:1)
  a +0 dagger
(48, 20, D:1)
  a +0 club

Level 2 of the Dungeon
(0, 0, D:2)
  16 stones
(21, 1, D:2)
  a +0 club
  a +0 dagger
  a +0 animal skin
  a +0 helmet
  a +0 club
  a +0 club
  a +0 dagger
  a +0 club
  a +0 dagger
(21, 3, D:2)
  a +0 dagger
(29, -7, D:2)
  an uncursed staff of earth
(34, -7, D:2)
  a +0 dagger
  a stone
  a +0 club
(36, -6, D:2)
  a stone
(46, 16, D:2)
  a +3 dagger
(52, 35, D:2)
  a +0 club

Level 3 of the Dungeon
(1, -8, D:3)
  a +0 club
  a +0 leather armour
  a +0 mace
  a +0 scale mail
(7, -10, D:3)
  16 sling bullets
(14, 19, D:3)
  a +0 falchion
(15, -3, D:3)
  a +0 club
(16, 21, D:3)
  a +0 helmet
(18, 18, D:3)
  a stone
(19, 17, D:3)
  a cursed -1 dagger
(20, -3, D:3)
  a +0 hunting sling
(26, 21, D:3)
  17 stones
(32, -6, D:3)
  a +0 club
(32, 22, D:3)
  11 poisoned needles

Level 4 of the Dungeon
(0, 0, D:4)
  a +0 flail
  a +0 club
  a +0 ring mail
  a +1 flail of protection
(4, -2, D:4)
  a +0 giant club
(5, -36, D:4)
  a +0 war axe
  a +0 leather armour
(11, -37, D:4)
  a +0 rapier
(15, -6, D:4)
  a cursed -1 hand axe
(21, -16, D:4)
  19 stones
(27, -30, D:4)
  a +0 dagger
(31, -8, D:4)
  a +0 whip
(38, -16, D:4)
  18 bolts
(47, -16, D:4)
  a +0 robe

Level 5 of the Dungeon
(1, 4, D:5)
  a +0 rapier
(9, 40, D:5)
  12 bolts
(11, 18, D:5)
  a +0 trident
(11, 48, D:5)
  17 bolts
(13, 19, D:5)
  a +0 leather armour
(15, 19, D:5)
  a +0 trident
  a +0 scale mail
(16, 20, D:5)
  a +0 hand axe
  a +0 leather armour

Level 6 of the Dungeon
(0, 0, D:6)
  a +0 club
(3, 9, D:6)
  16 stones
(5, -3, D:6)
  a +0 dagger
(30, -9, D:6)
  23 stones
(36, -11, D:6)
  21 sling bullets
(38, 7, D:6)
  a +0 scimitar
(48, -9, D:6)
  a +0 ring mail
(52, -10, D:6)
  22 stones

Level 7 of the Dungeon
(10, -29, D:7)
  a +0 leather armour
(21, 3, D:7)
  a +0 scale mail
(21, 12, D:7)
  a +0 hand axe
  a +0 ring mail
(27, -8, D:7)
  13 stones
(28, -32, D:7)
  a +0 ring mail
(29, -26, D:7)
  a +0 leather armour
(31, -8, D:7)
  a cursed +0 long sword
(37, -5, D:7)
  a +0 trident
(38, -7, D:7)
  15 bolts
(41, 10, D:7)
  a +0 shortbow
(44, -9, D:7)
  10 poisoned needles
(47, -31, D:7)
  19 stones
(47, -2, D:7)
  a +0 mace
(52, -3, D:7)
  a cursed -3 giant club
  2 throwing nets

Level 8 of the Dungeon
(0, 0, D:8)
  a +0 chain mail
(1, -41, D:8)
  13 arrows
(4, -29, D:8)
  a +0 short sword
(4, -16, D:8)
  a +0 spear
(8, -31, D:8)
  a +0 giant club
  (unseen)
(14, -47, D:8)
  a stone
(14, -46, D:8)
  2 poisoned needles
(14, -42, D:8)
  a +0 giant club
  a +0 giant club
(14, -40, D:8)
  a stone
(14, -39, D:8)
  a +0 short sword
  3 stones
  a +0 blowgun
  6 poisoned needles
(15, -44, D:8)
  a stone
(15, -41, D:8)
  2 poisoned needles
  a +0 short sword
  a stone
(16, 12, D:8)
  a +0 ring mail
(17, -30, D:8)
  a +0 giant spiked club
(21, -24, D:8)
  19 arrows
(28, 10, D:8)
  16 bolts
(38, -39, D:8)
  a +0 giant spiked club
(46, -30, D:8)
  13 arrows
(50, -25, D:8)
  a +0 hunting sling
(51, 3, D:8)
  a +0 scale mail
  a +0 mace
(51, 4, D:8)
  a +0 glaive
(51, 5, D:8)
  a +0 dagger
  a +0 leather armour
(52, 2, D:8)
  a +0 dagger
  a +0 robe

Level 9 of the Dungeon
(0, 0, D:9)
  a +0 robe
(1, -7, D:9)
  a +3 scimitar of flaming
  a +2 robe of magic resistance
(3, -15, D:9)
  a +0 leather armour
(5, -5, D:9)
  a +0 troll leather armour
  21 stones
(6, -2, D:9)
  19 poisoned needles
(6, 1, D:9)
  a +0 robe
(44, -19, D:9)
  a +0 ring mail
(45, 1, D:9)
  +0 acid dragon scales
(45, 2, D:9)
  19 arrows

Level 10 of the Dungeon
(0, 0, D:10)
  16 arrows
(9, 18, D:10)
  a +0 battleaxe
(15, 17, D:10)
  a +0 robe
(16, 6, D:10)
  a +0 giant club
  a +0 giant club
(18, 15, D:10)
  a +0 robe
(20, 12, D:10)
  a +0 robe
  a cursed +5 halberd of freezing
  a cursed +0 short sword
  a +0 robe
(26, 13, D:10)
  a +0 robe
(26, 28, D:10)
  a +0 giant club
  a +0 dire flail
(32, 37, D:10)
  19 arrows
(34, 27, D:10)
  a +0 short sword
(35, 32, D:10)
  23 poisoned needles
(36, 21, D:10)
  a +0 giant club
  a cursed -1 dire flail
(37, 20, D:10)
  a +2 hand axe of flaming
(43, 10, D:10)
  a +0 buckler
(43, 17, D:10)
  a +0 broad axe
(47, 17, D:10)
  a +0 plate armour
  a +0 glaive
  a +0 chain mail
  a +0 dire flail
(47, 18, D:10)
  a cursed +0 plate armour
  a +1 short sword of venom
(48, 17, D:10)
  a +0 plate armour
  a +0 flail
(48, 18, D:10)
  a +0 plate armour
  a +0 war axe
  a +0 ring mail
  a +0 short sword
(49, 17, D:10)
  a +0 plate armour
  a +0 great mace
  a +0 leather armour
  a cursed -1 dagger
(49, 18, D:10)
  a +0 troll leather armour
  a +0 giant club
(51, 31, D:10)
  a cursed +0 giant club
(52, 31, D:10)
  a +0 rapier
(52, 35, D:10)
  a +0 robe
(52, 36, D:10)
  a cursed +0 spear
  a +0 robe
(53, 34, D:10)
  a +4 spear
  a +0 robe
(53, 36, D:10)
  a +3 great sword
  a +0 robe
(61, 19, D:10)
  a +0 flail

Level 11 of the Dungeon
(0, 0, D:11)
  a +0 pair of gloves
(1, 22, D:11)
  a cursed -3 flail
(9, 1, D:11)
  a +0 ring mail
(15, 46, D:11)
  a +0 halberd
(27, 54, D:11)
  a +0 quarterstaff
(30, 28, D:11)
  4 curare-tipped needles
(34, 7, D:11)
  a +0 robe
(38, 4, D:11)
  a +0 chain mail
(49, 39, D:11)
  a +0 hand crossbow
(58, 15, D:11)
  a cursed +0 leather armour
(58, 20, D:11)
  a +0 helmet
(58, 30, D:11)
  a +0 pair of gloves
(66, 17, D:11)
  a +0 leather armour

Level 12 of the Dungeon
[Shop] Qaexzy's Gadget Shoppe
  a wand of random effects (23/48) (150 gold)
  a wand of confusion (17/48) (170 gold)
  a sack of spiders (240 gold)
  a wand of lightning (12/15) (192 gold)
  a lamp of fire (inert) (480 gold)
  a wand of confusion (22/48) (216 gold)
  a wand of paralysis (12/24) (168 gold)
  a wand of random effects (33/48) (210 gold)
  a crystal ball of energy (240 gold)
  a wand of lightning (7/15) (132 gold)
(0, 0, D:12)
  10 poisoned needles
(1, 25, D:12)
  a +0 ring mail
(12, -6, D:12)
  a +0 short sword
  a +0 plate armour
(12, -4, D:12)
  a +0 whip
  a +0 leather armour
  a +0 dagger
  a cursed +0 robe
(12, -2, D:12)
  a +0 flail
(19, 11, D:12)
  a +4 mace of crushing
(31, -19, D:12)
  a +4 flail of draining
  a +0 chain mail
(34, 28, D:12)
  a +0 trident
(35, 26, D:12)
  a cursed -2 scimitar
(35, 27, D:12)
  a +0 flail
(44, -1, D:12)
  a +0 halberd
(45, -2, D:12)
  a +0 spear
(45, 0, D:12)
  a +0 spear
(46, -1, D:12)
  a +0 spear

Level 13 of the Dungeon
(0, 0, D:13)
  a +0 giant club
  a +0 giant club
(2, 0, D:13)
  a +0 robe
(11, -4, D:13)
  a +0 giant spiked club
(14, -5, D:13)
  2 steel javelins
(18, -23, D:13)
  18 stones
(22, 8, D:13)
  a +0 shortbow
  19 arrows
(23, 10, D:13)
  an arrow
(25, -19, D:13)
  a +0 pair of boots
(26, 19, D:13)
  a +0 whip
(27, -9, D:13)
  a +0 leather armour
  a +0 short sword
(39, -29, D:13)
  an uncursed ring of protection from magic
  5 poisoned javelins
  a wand of confusion (15/48)
  a wand of flame (18/48)
  a wand of flame (25/48)
(40, -26, D:13)
  a +0 large shield
  a +0 plate armour
  a +3 long sword
(40, -25, D:13)
  a +0 plate armour
  a +0 battleaxe
  a +0 plate armour
  a +0 great sword
  a cursed +0 chain mail
  a +0 great mace
  a +0 chain mail
  a +1 dire flail
(40, -24, D:13)
  a +4 chain mail of fire resistance
  a cursed +0 chain mail
  a +0 glaive
  a +0 plate armour
  a +0 long sword
(40, -23, D:13)
  a +2 chain mail of fire resistance
  a +0 great mace
(43, -18, D:13)
  a +0 leather armour
(50, -9, D:13)
  20 arrows
(51, -1, D:13)
  a +2 pair of gloves of strength

Level 14 of the Dungeon
(0, 0, D:14)
  2 large rocks
(1, -1, D:14)
  a large rock
(2, 0, D:14)
  a large rock
(3, 2, D:14)
  a +0 giant club
(5, -32, D:14)
  a wand of random effects (22/48)
  a wand of random effects (24/48)
(6, -25, D:14)
  a fan of gales
(8, -12, D:14)
  3 arrows
(9, -11, D:14)
  a +1 hand axe of chopping
  a +0 scale mail of fire resistance
  a +0 longbow
  29 arrows
(10, -13, D:14)
  a +0 mace
(13, -16, D:14)
  a bolt
(14, -38, D:14)
  a +0 plate armour of fire resistance
  a +2 plate armour of cold resistance
  a +1 ring mail of cold resistance
  11 meat rations
(15, -11, D:14)
  an uncursed staff of air
(16, -11, D:14)
  the +3 glaive of Inconvenience {drain, MR+ Dex+2}
    A truly terrible weapon, it drains the life of those it strikes.
    
    It affects your dexterity (+2).
    It affects your resistance to hostile enchantments.
(17, -11, D:14)
  the cursed +1 trident of Icout {speed, MR++ Str+3}
    Attacks with this weapon are significantly faster.
    
    It affects your strength (+3).
    It affects your resistance to hostile enchantments.
    It has a curse placed upon it.
(18, -11, D:14)
  14 javelins
  2 tomahawks of dispersal
(19, -11, D:14)
  a manual of Translocations
(20, -33, D:14)
  a +0 robe
  a +0 war axe
(21, -26, D:14)
  a +0 club
(23, -4, D:14)
  a scroll of amnesia
(26, -18, D:14)
  a cursed +0 scale mail
(26, -17, D:14)
  a +0 halberd
(26, 0, D:14)
  a +1 hand crossbow of flaming
(26, 6, D:14)
  a +0 hat
(27, -16, D:14)
  a +0 short sword
(27, -10, D:14)
  a +0 long sword
  a cursed +0 ring mail
  a +0 buckler
  5 large rocks
  a +0 longbow
  13 arrows
  a +0 falchion of holy wrath
  a +0 arbalest
  12 bolts
  a +0 robe
(28, -17, D:14)
  a +0 dire flail
  a +0 morningstar
(28, -16, D:14)
  a cursed +0 short sword
(29, -4, D:14)
  25 stones
(29, -3, D:14)
  a +0 dagger
  a +0 robe
  a +0 broad axe
  a +0 chain mail
  a +0 dire flail
  a +0 chain mail
(29, -2, D:14)
  a +0 flail
  a +0 ring mail
(30, -16, D:14)
  a +0 troll leather armour
(31, -2, D:14)
  a large rock
(31, -1, D:14)
  a +0 dagger
  a +0 robe
  a +0 falchion
  a +0 club
  a cursed +0 ring mail
(32, -22, D:14)
  a wand of paralysis (14/24)
(32, 0, D:14)
  2 large rocks
(33, 6, D:14)
  a +1 dire flail of protection
  a +0 plate armour
(34, -16, D:14)
  a +0 giant club
(34, 0, D:14)
  a large rock
(34, 5, D:14)
  a +0 hand axe
  a +0 leather armour
(34, 6, D:14)
  a +0 mace of holy wrath
  a +0 scale mail
(35, -16, D:14)
  a +0 helmet
(38, -36, D:14)
  a +0 ring mail
  a +0 long sword
(38, -15, D:14)
  a +0 long sword
(39, -34, D:14)
  a +0 flail
(40, -33, D:14)
  22 bolts
(47, -23, D:14)
  a +0 troll leather armour
  (unseen)
(50, 15, D:14)
  a +0 scale mail
(52, 11, D:14)
  a +0 plate armour

Level 15 of the Dungeon
(0, 0, D:15)
  a +0 rapier
(1, -2, D:15)
  a +0 giant club
(2, -24, D:15)
  a +0 giant club
  a +0 giant club
(3, -11, D:15)
  a +0 short sword
(11, 0, D:15)
  15 arrows
(15, -8, D:15)
  a +0 giant club
  a +0 giant spiked club
  a +0 dire flail
  a +0 giant spiked club
(17, -30, D:15)
  17 stones
(22, -11, D:15)
  a bolt
(23, -9, D:15)
  a +0 longbow
  27 arrows
(24, -9, D:15)
  a +0 arbalest
  24 bolts
(24, 0, D:15)
  a +0 arbalest
  21 bolts
(26, -2, D:15)
  a bolt
(29, -33, D:15)
  a +0 trident
(29, -16, D:15)
  an uncursed ring of stealth
(35, -27, D:15)
  a +0 hand axe
  a +0 battleaxe
  a +3 scimitar of flaming
(35, -26, D:15)
  a +0 mace
(36, -27, D:15)
  a +0 long sword
(46, 14, D:15)
  a +0 glaive
(46, 15, D:15)
  a +0 morningstar
  a +0 dire flail
(47, 14, D:15)
  a cursed -2 short sword
(48, -3, D:15)
  14 sling bullets
(48, 14, D:15)
  a +0 trident
(51, -45, D:15)
  a +0 dire flail of draining
  a +0 giant spiked club
(51, -28, D:15)
  a +0 plate armour
(52, -31, D:15)
  a +1 hand axe of chopping
(54, -19, D:15)
  a +0 leather armour
(58, -7, D:15)
  a book of Debilitation

Level 1 of the Orcish Mines
(0, 0, Orc:1)
  a +0 scale mail
  a +0 whip
(1, -1, Orc:1)
  a +0 robe
  a +0 dagger
(14, 4, Orc:1)
  a +0 leather armour
  a +0 plate armour
  a +0 dire flail
(15, 5, Orc:1)
  a book of Callings
(19, -5, Orc:1)
  a +0 dagger
(22, 3, Orc:1)
  a +0 plate armour
  a +0 mace
(22, 11, Orc:1)
  a +0 mace
(23, 3, Orc:1)
  a +0 dagger
  a +0 mace
(24, 0, Orc:1)
  a +0 robe
  a +0 plate armour
  a +0 long sword
  a +0 plate armour
  a cursed -3 dagger
  a +2 dire flail of protection
(24, 1, Orc:1)
  a +0 plate armour
  a +0 mace
(24, 2, Orc:1)
  a +0 robe
  a +0 dagger
(24, 3, Orc:1)
  a +0 leather armour
  a +0 hand axe
(24, 9, Orc:1)
  a +0 leather armour
  a +0 short sword
(25, 0, Orc:1)
  a +0 giant spiked club
  a +0 chain mail
  a +0 giant club
  a +0 hand axe
(25, 2, Orc:1)
  a +0 chain mail
  a +0 glaive
(26, 1, Orc:1)
  a +0 plate armour
  a +0 mace
(26, 2, Orc:1)
  a +0 hand axe
(27, -8, Orc:1)
  a +0 leather armour
  a +0 dagger
(27, -1, Orc:1)
  a +0 club
  a +0 giant club
(27, 0, Orc:1)
  a +0 leather armour
  a +0 ring mail
  a +0 ring mail
  a +2 mace of crushing
(29, -9, Orc:1)
  a +0 hand axe
  a +0 leather armour
  a +1 war axe of electrocution
  a +0 mace
  a +0 plate armour
  a +0 mace
  a +0 chain mail
  a +0 flail
  a +0 dagger
  a +0 dagger
  a +0 robe
(29, 3, Orc:1)
  a +0 hand axe
(30, 5, Orc:1)
  a +0 leather armour
  a +2 dagger of venom
(30, 6, Orc:1)
  a +0 robe
  a cursed -2 dagger
(37, -16, Orc:1)
  a +1 robe of cold resistance
  a +0 dagger
(42, 9, Orc:1)
  a +0 robe
  a +0 dagger
(43, 9, Orc:1)
  a +2 robe of resistance
  a +0 dagger
(43, 10, Orc:1)
  a +0 robe
  a cursed -3 dagger
(44, 9, Orc:1)
  a +0 flail
  a +0 flail
  a +0 leather armour
  a +0 falchion
  a +0 club
  a +0 robe
  a +0 dagger
(44, 10, Orc:1)
  a +0 chain mail
  a +0 halberd
  a +0 flail
(44, 11, Orc:1)
  a +0 plate armour
  a +0 long sword
(45, 9, Orc:1)
  a +0 robe (still there?)
  a +0 dagger of draining (still there?)
  a +0 dagger (still there?)
(45, 11, Orc:1)
  a +1 ring mail of cold resistance
  a +0 dagger
(46, 9, Orc:1)
  a +0 ring mail
  (unseen)
(46, 10, Orc:1)
  a +0 plate armour
  (unseen)
(46, 11, Orc:1)
  a +0 robe
  (unseen)
(47, 10, Orc:1)
  a +0 leather armour
  a +1 flail of crushing

Level 2 of the Orcish Mines
[Shop] Obaim's Antique Armour Shop
  a +0 pair of gloves (162 gold)
  the +5 scale mail "Qusm" {-Cast rF+ Slay+4 SInv} (2052 gold)
    It affects your accuracy and damage with ranged weapons and melee attacks
    (+4).
    It protects you from fire.
    It lets you see invisible.
    It prevents spellcasting.
  a +3 leather armour of cold resistance (864 gold)
  a +0 cloak of poison resistance (306 gold)
  a +0 helmet (162 gold)
  a +0 robe (25 gold)
  a +1 chain mail of fire resistance (594 gold)
  a +0 scale mail of cold resistance (396 gold)
  a +0 pair of gloves (162 gold)
[Shop] Lamelonu's General Store
  a royal jelly (30 gold)
  a book of Maledictions (375 gold)
  20 stones (30 gold)
  a +0 morningstar (60 gold)
  15 stones (22 gold)
  a scroll of magic mapping (52 gold)
  the +2 pair of gloves of Diga {*Drain +Inv SInv} (406 gold)
    It lets you see invisible.
    It lets you turn invisible.
    It causes draining when unequipped.
  22 stones (33 gold)
  a +0 club (15 gold)
  7 arrows (21 gold)
  a scroll of amnesia (52 gold)
  11 poisoned needles (66 gold)
[Shop] Muoshrid's Book Shop
  a book of Cantrips (300 gold)
  a book of the Dragon (1350 gold)
  a book of the Earth (975 gold)
  a book of Transfigurations (825 gold)
  a book of Callings (450 gold)
  a book of Maledictions (375 gold)
  a book of Party Tricks (750 gold)
  a book of Conjurations (450 gold)
  the Tome of Dislocation (1387 gold)
    Spells                             Type                      Level
     a - Apportation                  Translocation                 1
     b - Passage of Golubria          Translocation                 4
[Shop] Aceam's Antique Weapon Boutique
  the +6 flail of Runeatt {drain, rF- MP+9 Dex+4} (2035 gold)
    A truly terrible weapon, it drains the life of those it strikes.
    
    It affects your dexterity (+4).
    It makes you vulnerable to fire.
    It affects your magic capacity (+9).
  a +0 blowgun (80 gold)
  a +0 glaive (208 gold)
  a +0 spear (96 gold)
  a +0 dagger (64 gold)
  a +0 dagger (64 gold)
  a +2 rapier of flaming (614 gold)
  a +4 short sword of venom (819 gold)
  a +0 rapier (128 gold)
(0, 0, Orc:2)
  a +0 flail
  a +0 leather armour
(1, 0, Orc:2)
  a +0 hand axe
(1, 1, Orc:2)
  a +0 dagger
  a +0 ring mail
(4, 10, Orc:2)
  a scroll of random uselessness
  3 scrolls of amnesia
  23 tomahawks
  a +0 trident
  a +0 chain mail
(4, 11, Orc:2)
  a +0 trident of pain
(4, 24, Orc:2)
  a +0 dagger
  a +0 robe
  a +0 scimitar
  a +0 plate armour
(5, 11, Orc:2)
  a +0 flail
(5, 24, Orc:2)
  a +0 mace
  a +0 chain mail
  a +0 war axe
  a +0 chain mail
  a +0 great sword
  a +0 long sword
  a +0 chain mail
(5, 25, Orc:2)
  a +0 trident
  a +0 leather armour
(6, 24, Orc:2)
  a +0 whip
  a +0 leather armour
  a +0 glaive
  a cursed +0 chain mail
  a +0 dagger
  a +0 robe
  a +0 dagger
  a +0 robe
  a +0 dagger
  a +0 club
  a +0 whip
  a +0 whip
  a +0 hand axe
(6, 25, Orc:2)
  a +0 club
  a +0 flail
  a +0 leather armour
(7, 18, Orc:2)
  a +2 flail of holy wrath
  a +0 plate armour
  a +0 whip
  a +0 dagger
  a +0 robe
  a +0 scimitar
  a +0 chain mail
  a cursed +0 long sword
  a +0 plate armour
  a +0 hand axe
  a +0 plate armour
  a +0 short sword
  a +0 plate armour
  a +0 scimitar
(7, 23, Orc:2)
  a +0 plate armour
  a +0 scimitar
(7, 24, Orc:2)
  a +0 short sword
(8, 12, Orc:2)
  a +0 robe
  a +0 dagger
(8, 13, Orc:2)
  a large rock
(8, 17, Orc:2)
  a +0 ring mail
  a +0 long sword
  a +0 chain mail
  a +0 short sword
  a +0 flail
(8, 18, Orc:2)
  a +0 plate armour
  a +0 chain mail
  a +0 halberd
  a +0 war axe
  a +0 flail
  a +0 scale mail
(8, 19, Orc:2)
  a +0 robe
  a +2 dagger of protection
(8, 22, Orc:2)
  a +0 trident
(9, 16, Orc:2)
  3 large rocks
(9, 17, Orc:2)
  a +0 ring mail
  a +0 dagger
(10, 19, Orc:2)
  a +0 scale mail
  a cursed -3 club
(11, 21, Orc:2)
  a +0 hand axe
(12, 21, Orc:2)
  a +0 flail
(13, 31, Orc:2)
  a +5 scimitar
  a +0 plate armour
(14, 28, Orc:2)
  a +0 giant club
(15, 30, Orc:2)
  a +0 battleaxe
  a +0 plate armour
(15, 33, Orc:2)
  a +0 flail
  a +0 leather armour
(17, 24, Orc:2)
  a +0 war axe
(18, 7, Orc:2)
  a +0 plate armour
  a +0 hand axe
(21, 18, Orc:2)
  a +0 plate armour
  a +0 chain mail
  a +0 giant club
  a +0 battleaxe
  a +0 mace
  a +0 short sword
  a +0 mace of crushing
  a +0 leather armour
  a cursed -1 club
  a +0 ring mail
  a +0 scimitar
  a +0 plate armour
  a +0 flail
  a +0 chain mail
  a +0 giant club
  a +0 mace
  a +0 chain mail
  a +0 dagger
  a +0 hand axe
  a +0 leather armour
(22, 19, Orc:2)
  a +0 ring mail
  a +0 robe
  a +0 hand axe
  a +0 dagger of holy wrath
  a +0 dagger
  a +2 robe of fire resistance
  a +0 trident
  a +0 ring mail
(22, 32, Orc:2)
  a +0 flail
(23, 19, Orc:2)
  a +2 robe of magic resistance
  a +2 leather armour of cold resistance
  a +0 dagger
  a +0 short sword
(23, 21, Orc:2)
  a +0 robe
  a +0 dagger
(24, 23, Orc:2)
  a +0 robe
  a +0 dagger
(24, 34, Orc:2)
  a +0 scale mail
(25, 23, Orc:2)
  a +0 plate armour
  a +0 glaive
(26, 31, Orc:2)
  a +0 chain mail
  a +0 mace
(27, 30, Orc:2)
  a +0 plate armour
  a +0 glaive
(28, 29, Orc:2)
  a +0 troll leather armour
(28, 31, Orc:2)
  a +0 dagger
(29, 28, Orc:2)
  a +0 robe
  a +0 dagger
(29, 29, Orc:2)
  a +0 ring mail
(30, 16, Orc:2)
  a +0 ring mail
  a +0 trident
(30, 19, Orc:2)
  a +0 short sword
  a +0 giant club

Level 1 of the Elven Halls
(0, 0, Elf:1)
  a +0 long sword
(1, 14, Elf:1)
  a +0 rapier
(2, -10, Elf:1)
  6 javelins of returning
(2, 7, Elf:1)
  a +0 ring mail
(6, 0, Elf:1)
  9 arrows
(7, -30, Elf:1)
  19 stones
(7, 5, Elf:1)
  a +0 rapier
  a +0 ring mail
(8, 3, Elf:1)
  a +1 short sword of venom
  a +1 short sword of electrocution
  a +0 short sword of holy wrath
  a +0 ring mail
(9, 3, Elf:1)
  a cursed +0 shortbow
  a +0 long sword
  23 arrows
(10, 3, Elf:1)
  an arrow
  a +0 scimitar
(10, 4, Elf:1)
  a +0 short sword
  a +0 ring mail
  a +1 short sword of venom
  a +0 rapier
  a +0 ring mail
(11, -5, Elf:1)
  a +0 short sword
(11, -4, Elf:1)
  a +0 dagger
  a +2 short sword of electrocution
(11, 9, Elf:1)
  24 arrows
(11, 11, Elf:1)
  a scroll of vulnerability
(13, -12, Elf:1)
  a cursed -1 short sword
  a +0 leather armour
  a +0 short sword
(14, 6, Elf:1)
  a +0 robe
(15, 2, Elf:1)
  23 bolts
(16, -34, Elf:1)
  an arrow
(17, 9, Elf:1)
  a potion of brilliance
  a +0 dagger
(18, -34, Elf:1)
  a +0 shortbow
  13 arrows
(18, -18, Elf:1)
  a +0 glaive of venom
(20, 16, Elf:1)
  a cursed -2 leather armour
(22, -19, Elf:1)
  a +2 long sword of slicing
(25, 4, Elf:1)
  18 sling bullets
(27, -19, Elf:1)
  a +1 long sword of protection
(29, -19, Elf:1)
  a +0 short sword
(30, -24, Elf:1)
  16 stones
(30, -22, Elf:1)
  a +0 chain mail
  a cursed -1 rapier
(30, -20, Elf:1)
  a +2 long sword of draining
  a +0 leather armour
  a +0 long sword
(30, -19, Elf:1)
  a +2 short sword of electrocution
(30, -16, Elf:1)
  a +0 leather armour
  a +0 dagger
(31, -19, Elf:1)
  a +0 long sword
(33, 1, Elf:1)
  a +0 dagger
(38, -10, Elf:1)
  a +1 dagger of venom
  a +0 leather armour
(38, -5, Elf:1)
  a +3 long sword
  a +0 shortbow
  21 arrows
  a +0 ring mail
(45, 2, Elf:1)
  a +2 halberd of protection
(46, -19, Elf:1)
  a +3 trident of piercing
(48, -33, Elf:1)
  a +0 rapier
  a +0 chain mail
(48, -30, Elf:1)
  a +0 short sword
(49, -33, Elf:1)
  a +0 long sword
(50, -36, Elf:1)
  an uncursed staff of wizardry
(50, -29, Elf:1)
  a +0 dagger
(51, -28, Elf:1)
  2 needles of frenzy
(51, -17, Elf:1)
  a +0 long sword
(51, -10, Elf:1)
  2 arrows
(52, -37, Elf:1)
  a +0 dagger
(52, -10, Elf:1)
  2 arrows
(53, -10, Elf:1)
  a +1 short sword of electrocution
  a +0 shortbow
  a +0 leather armour
  a +0 dagger
  a +0 longbow
  37 arrows
  a cursed +0 leather armour
(53, -9, Elf:1)
  a +0 shortbow
  a +0 dagger of flaming
  23 arrows
  a +0 leather armour
(53, -8, Elf:1)
  a +0 dagger
(53, -6, Elf:1)
  2 arrows
(53, -4, Elf:1)
  3 arrows
(53, -3, Elf:1)
  a +0 long sword
  a +0 leather armour of poison resistance
(53, 13, Elf:1)
  19 stones
(54, -3, Elf:1)
  a +0 long sword
(55, 9, Elf:1)
  a potion of mutation

Level 2 of the Elven Halls
[Shop] Kisenik's Weapon Shop
  a +0 shortbow (60 gold)
  a +0 short sword (60 gold)
  a +0 quarterstaff (80 gold)
  a +0 great sword (130 gold)
  the +1 rapier "Cookie Cutter" {holy, Str-4 Int+2 Stlth+} (356 gold)
    It has been blessed by the Shining One to cause great damage to the undead
    and demons.
    
    It affects your strength (-4).
    It affects your intelligence (+2).
    It makes you more stealthy.
  a +0 whip (50 gold)
(0, 0, Elf:2)
  a +0 dagger
  a +0 long sword
  a +0 scale mail
(1, -17, Elf:2)
  15 stones
(2, -4, Elf:2)
  a +0 animal skin
(8, -19, Elf:2)
  a +0 dagger
  a +0 dagger
  a +0 shortbow
  15 arrows
  a +0 leather armour
(8, -16, Elf:2)
  a +2 quarterstaff of protection
  a +0 robe
(8, -15, Elf:2)
  a +0 broad axe
  a +0 animal skin
(8, -7, Elf:2)
  a +0 animal skin
(9, -20, Elf:2)
  an arrow
  a +0 short sword
(9, -10, Elf:2)
  a +0 dagger
(10, -20, Elf:2)
  a +0 antimagic rapier
  a +0 animal skin
(10, -17, Elf:2)
  an arrow
(11, -28, Elf:2)
  a +0 long sword
  a +0 leather armour
(12, -25, Elf:2)
  the +7 morningstar of Gaejugid {crush, rC+ Str+6}
    It inflicts extra damage upon your enemies.
    
    It affects your strength (+6).
    It protects you from cold.
  a +0 robe
(12, -22, Elf:2)
  a +0 short sword
(12, -21, Elf:2)
  a +1 lajatang of venom
  a +0 robe
  a +0 rapier
  a +0 animal skin
  a +0 long sword of electrocution
  a +0 ring mail
(12, -20, Elf:2)
  a +0 rapier
  a +0 animal skin
(14, -2, Elf:2)
  a +0 rapier
(16, -8, Elf:2)
  a +4 short sword of protection
(18, -9, Elf:2)
  16 stones
(20, -37, Elf:2)
  an arrow
(22, -39, Elf:2)
  an arrow
(23, -40, Elf:2)
  2 arrows
(24, -40, Elf:2)
  an arrow
(24, -18, Elf:2)
  a +0 scale mail
  a +0 dagger
(25, -42, Elf:2)
  a +0 leather armour
  a +0 shortbow
  7 arrows
  a +0 dagger
(25, 2, Elf:2)
  a +0 dagger
(26, -43, Elf:2)
  an arrow
(26, -18, Elf:2)
  a +0 ring mail
  a +0 long sword
(27, -44, Elf:2)
  6 arrows
  a +0 scimitar
  a +0 shortbow
(27, -40, Elf:2)
  2 arrows
(27, -39, Elf:2)
  2 arrows
(27, -18, Elf:2)
  a +0 dagger
  a +0 shortbow
  20 arrows
  a +3 leather armour
  a +0 long sword
  a +0 leather armour
  a +0 dagger
(30, -23, Elf:2)
  a potion of degeneration
(34, -5, Elf:2)
  a +0 scale mail
(35, -19, Elf:2)
  a +0 robe
(36, -24, Elf:2)
  a +4 hand axe of electrocution
(49, -19, Elf:2)
  a +0 falchion

Level 3 of the Elven Halls
[Shop] Ewkut's Gadget Shoppe
  a phantom mirror (450 gold)
  a wand of random effects (30/48) (240 gold)
  a wand of lightning (4/15) (120 gold)
  a lamp of fire (inert) (600 gold)
  a wand of polymorph (14/24) (240 gold)
  a box of beasts (300 gold)
  a phantom mirror (450 gold)
  a wand of confusion (29/48) (348 gold)
  a wand of digging (11/24) (450 gold)
  a wand of flame (20/48) (165 gold)
(0, 0, Elf:3)
  3 arrows
(3, 3, Elf:3)
  an arrow
(4, 4, Elf:3)
  7 arrows
(5, 5, Elf:3)
  25 arrows (still there?)
  a +0 rapier (still there?)
(6, 6, Elf:3)
  44 arrows (still there?)
  a +0 longbow (still there?)
  a +0 rapier (still there?)
  a +0 rapier (still there?)
  a +0 leather armour (still there?)
  a scroll of random uselessness (still there?)
  42 gold pieces (still there?)
  a +0 rapier of speed (still there?)
(6, 7, Elf:3)
  an arrow
(6, 11, Elf:3)
  a +0 short sword
  (unseen)
(7, 7, Elf:3)
  29 arrows
  a +0 leather armour
  a +0 longbow
(7, 12, Elf:3)
  an arrow
(8, 2, Elf:3)
  4 arrows
(8, 3, Elf:3)
  4 arrows
(8, 6, Elf:3)
  a +0 short sword
(8, 9, Elf:3)
  an arrow
(9, 6, Elf:3)
  a +0 rapier
  a +0 long sword
  an arrow
  a +0 rapier
(9, 9, Elf:3)
  2 arrows
(9, 24, Elf:3)
  a +0 leather armour
  a +0 longbow
  22 arrows
  a +2 short sword of speed
(10, 4, Elf:3)
  6 exploding tomahawks
(10, 5, Elf:3)
  a +0 long sword
  a +0 leather armour
  9 gold pieces
  a +0 scimitar
  a +0 dagger
  a +0 dagger
  an arrow
(10, 8, Elf:3)
  an arrow
(10, 24, Elf:3)
  a +2 war axe of pain
(10, 25, Elf:3)
  5 needles of sleeping (still there?)
  5 needles of sleeping (still there?)
  a +0 rapier (still there?)
(11, 4, Elf:3)
  a +0 short sword
  (unseen)
(11, 9, Elf:3)
  a +0 short sword
(14, 12, Elf:3)
  an arrow
(17, 20, Elf:3)
  a +0 short sword
(33, 7, Elf:3)
  a cursed -1 rapier
  (unseen)
(39, -3, Elf:3)
  a +0 dagger
(39, 14, Elf:3)
  a +0 robe
(41, 6, Elf:3)
  a +0 long sword
(42, -10, Elf:3)
  a +0 rapier
(43, -11, Elf:3)
  a +0 short sword
  a +2 shortbow of freezing
  21 arrows
  a +0 ring mail
(44, -10, Elf:3)
  a +0 short sword
(44, -5, Elf:3)
  a +0 ring mail
  a +0 long sword
(44, 3, Elf:3)
  a +0 short sword
(46, -6, Elf:3)
  a +0 leather armour
  16 arrows
  a +0 shortbow
  a +0 war axe
(47, 22, Elf:3)
  a +3 scimitar of draining
(48, 22, Elf:3)
  a +0 long sword
(48, 23, Elf:3)
  a +0 rapier
(49, -15, Elf:3)
  an arrow
(49, -13, Elf:3)
  a +0 ring mail
  a +0 short sword of speed
(49, -12, Elf:3)
  a cursed -3 short sword
(49, -11, Elf:3)
  an arrow
  a +3 dagger
(49, -10, Elf:3)
  a +0 long sword
(49, -8, Elf:3)
  17 arrows
  a +0 longbow
  a +0 leather armour
  a +0 dagger
(50, -10, Elf:3)
  an arrow
(50, -9, Elf:3)
  a +0 buckler
  a +2 long sword of freezing
  a +0 leather armour
  a +0 long sword
(50, 12, Elf:3)
  a +0 buckler
  a +0 leather armour
  a +0 short sword
(51, -10, Elf:3)
  4 arrows
(52, -9, Elf:3)
  an arrow
(54, 18, Elf:3)
  a +0 trident of piercing
(57, 25, Elf:3)
  a +0 leather armour
  a +0 dagger

Level 1 of the Lair of Beasts
(0, 0, Lair:1)
  a cursed -2 hunting sling
  a +0 quarterstaff
  17 sling bullets
  a +0 leather armour
(0, 3, Lair:1)
  a sling bullet
(1, -22, Lair:1)
  16 sling bullets
(1, 13, Lair:1)
  12 arrows
(8, -21, Lair:1)
  a +0 dagger
(8, 7, Lair:1)
  a +0 robe
(18, -15, Lair:1)
  a lamp of fire (inert)
(19, -16, Lair:1)
  a +0 war axe
  3 poisoned tomahawks
  a +0 flail
  a +0 battleaxe
  a +3 dire flail
(19, -15, Lair:1)
  a +9 plate armour of ponderousness
  a +2 plate armour of poison resistance
  a scarf of cloud immunity
  a +2 cloak
  a +1 shield
  the +1 plate armour of Iwixesao {Dex+4}
    It affects your dexterity (+4).
  the +6 plate armour of the Guild-Master {rF+ MR- Slay+2}
    It affects your accuracy and damage with ranged weapons and melee attacks
    (+2).
    It protects you from fire.
    It affects your resistance to hostile enchantments.
  a +0 buckler of reflection
  a +1 plate armour of fire resistance
  an uncursed amulet of regeneration
(20, -15, Lair:1)
  a +4 ring of dexterity
  a -2 ring of dexterity
  an uncursed ring of wizardry
  an uncursed ring of teleportation
(21, -16, Lair:1)
  a book of Cantrips
  a book of Party Tricks
(21, -15, Lair:1)
  a potion of mutation
  5 potions of brilliance
  3 potions of magic
  2 potions of degeneration
(21, -14, Lair:1)
  a wand of acid (4/15)
(21, -9, Lair:1)
  a +0 war axe
(22, -15, Lair:1)
  9 scrolls of remove curse
  a scroll of amnesia
(38, -10, Lair:1)
  a +0 broad axe
(39, -21, Lair:1)
  a +0 robe
(42, -11, Lair:1)
  an uncursed amulet of magic regeneration
(47, -26, Lair:1)
  a +0 robe

Level 2 of the Lair of Beasts
(0, 0, Lair:2)
  a +5 halberd of venom
(10, -6, Lair:2)
  a book of Cantrips
(18, 6, Lair:2)
  the +2 plate armour of the Evil One {rC+ rN+ Int+6}
    It affects your intelligence (+6).
    It protects you from cold.
    It protects you from negative energy.
(21, 16, Lair:2)
  14 arrows
(25, 38, Lair:2)
  a +0 hand axe
(26, -4, Lair:2)
  a +0 battleaxe
(29, 17, Lair:2)
  a +0 ring mail
(40, 8, Lair:2)
  a +0 leather armour
(50, 13, Lair:2)
  19 bolts

Level 3 of the Lair of Beasts
(0, 0, Lair:3)
  a +0 chain mail
(32, 30, Lair:3)
  21 stones
(36, 34, Lair:3)
  18 sling bullets
(39, -8, Lair:3)
  11 poisoned needles
(39, 18, Lair:3)
  11 stones
(53, -11, Lair:3)
  a +0 shield

Level 4 of the Lair of Beasts
(0, 0, Lair:4)
  a +0 plate armour
(7, 31, Lair:4)
  a +0 robe
(14, 42, Lair:4)
  13 arrows
(15, 18, Lair:4)
  23 arrows
(26, 29, Lair:4)
  a +0 shield
(31, 1, Lair:4)
  15 stones
(32, 19, Lair:4)
  a +5 rapier of draining
(42, 12, Lair:4)
  a +0 ring mail
(45, 34, Lair:4)
  a +0 hand crossbow
(55, -1, Lair:4)
  22 sling bullets

Level 5 of the Lair of Beasts
(0, 0, Lair:5)
  7 poisoned needles
(2, 17, Lair:5)
  a +0 leather armour
(4, -4, Lair:5)
  a +0 war axe
(15, 7, Lair:5)
  a +0 robe
(17, 2, Lair:5)
  23 stones
(18, 18, Lair:5)
  14 arrows
(20, -1, Lair:5)
  a +4 great sword of holy wrath
(21, 42, Lair:5)
  18 sling bullets
(25, 19, Lair:5)
  a +0 hunting sling
(29, 13, Lair:5)
  26 stones
(30, 24, Lair:5)
  25 stones
(34, 2, Lair:5)
  11 poisoned needles
(46, 18, Lair:5)
  a +0 shortbow
(53, 15, Lair:5)
  the +3 scale mail "Fusuxty" {Str+6 Dex+5}
    It affects your strength (+6).
    It affects your dexterity (+5).

Level 6 of the Lair of Beasts
(0, 0, Lair:6)
  a +0 dire flail
(14, 10, Lair:6)
  a +0 mace
(15, -12, Lair:6)
  a cursed -3 mace
(17, -5, Lair:6)
  a +0 trident
(18, -5, Lair:6)
  a +0 rapier
(19, -6, Lair:6)
  11 stones
(21, -6, Lair:6)
  11 poisoned needles
(35, 7, Lair:6)
  a potion of mutation
(39, -8, Lair:6)
  a +0 scale mail
(39, 14, Lair:6)
  21 bolts
(45, 2, Lair:6)
  20 stones
(52, 11, Lair:6)
  a +0 robe
(58, 24, Lair:6)
  23 stones

Level 1 of the Swamp
(0, 0, Swamp:1)
  a scroll of random uselessness
(10, 1, Swamp:1)
  a +0 ring mail
(28, -24, Swamp:1)
  a +0 flail
(28, 8, Swamp:1)
  12 stones
(38, -22, Swamp:1)
  a +0 quarterstaff
  a +0 robe
(48, -35, Swamp:1)
  29 stones

Level 2 of the Swamp
(0, 0, Swamp:2)
  a +1 robe of the Archmagi
(7, -18, Swamp:2)
  17 bolts
(12, -25, Swamp:2)
  a +0 robe
(12, 0, Swamp:2)
  a +0 halberd
(16, -19, Swamp:2)
  a +0 scale mail
(19, 8, Swamp:2)
  an uncursed staff of power
(22, 1, Swamp:2)
  a +0 buckler
  a +0 spear
(23, 7, Swamp:2)
  a +0 ring mail
(37, -24, Swamp:2)
  a book of Conjurations
  a book of Geomancy
(39, 9, Swamp:2)
  a cursed -1 robe
  a +3 quarterstaff
(43, -37, Swamp:2)
  a +0 chain mail

Level 3 of the Swamp
(0, 0, Swamp:3)
  an uncursed ring of fire
(3, -22, Swamp:3)
  2 scrolls of random uselessness
(4, -34, Swamp:3)
  a +0 robe
  a +0 quarterstaff
(4, -33, Swamp:3)
  a +0 spear
(4, -32, Swamp:3)
  2 curare-tipped needles
  a +0 blowgun
  a cursed -1 spear
(12, -27, Swamp:3)
  8 curare-tipped needles
(14, -27, Swamp:3)
  26 stones
(15, -36, Swamp:3)
  a book of Maledictions
(23, -6, Swamp:3)
  a +0 flail
(23, -2, Swamp:3)
  a +0 chain mail
  22 arrows
(24, -26, Swamp:3)
  a +3 ring mail of poison resistance
(24, -19, Swamp:3)
  a +0 spear
(24, -18, Swamp:3)
  4 curare-tipped needles
(35, -7, Swamp:3)
  a +0 club
(41, -26, Swamp:3)
  21 sling bullets
(46, -25, Swamp:3)
  a +0 rapier
  a +0 robe
(47, -22, Swamp:3)
  11 arrows
(48, -24, Swamp:3)
  a +0 spear
  a +0 buckler
(48, -23, Swamp:3)
  a +0 quarterstaff
  a cursed +0 robe
(49, -34, Swamp:3)
  a +0 flail
(55, -11, Swamp:3)
  a +2 morningstar of pain
  a +0 chain mail
  a +0 large shield

Level 4 of the Swamp
(0, 0, Swamp:4)
  10 poisoned needles
(16, 16, Swamp:4)
  a +0 robe
  a +0 quarterstaff
(22, -9, Swamp:4)
  a scroll of random uselessness
(23, 18, Swamp:4)
  15 stones
(28, 23, Swamp:4)
  a +0 centaur barding
(29, 10, Swamp:4)
  a +0 helmet
(30, 9, Swamp:4)
  a +0 hunting sling
(31, -18, Swamp:4)
  17 arrows
(37, 21, Swamp:4)
  18 stones
(39, 25, Swamp:4)
  a scroll of remove curse
(41, 28, Swamp:4)
  a cursed -1 spear
(42, 21, Swamp:4)
  a +0 flail
(47, 28, Swamp:4)
  a +0 leather armour

Level 1 of the Snake Pit
[Shop] Kiwkura's Gadget Emporium
  a wand of flame (26/48) (182 gold)
  a wand of scattershot (4/9) (312 gold)
  a phial of floods (520 gold)
  a lightning rod (4/4) (520 gold)
  a wand of acid (11/15) (390 gold)
  a box of beasts (260 gold)
  a phial of floods (520 gold)
  a wand of polymorph (6/24) (104 gold)
  a phial of floods (520 gold)
  a crystal ball of energy (260 gold)
  a lightning rod (4/4) (520 gold)
[Shop] Axalia Layd's Jewellery Shop
  the ring of Woatisell {rCorr rElec Str+7 Int+3 Stlth-} (643 gold)
    [ring of resist corrosion]
    
    It affects your strength (+7).
    It affects your intelligence (+3).
    It insulates you from electricity.
    It makes you less stealthy.
  the ring "Myzeriz" {*Corrode MR+ MP+9 Int+3} (399 gold)
    [ring of magical power]
    
    It affects your intelligence (+3).
    It affects your resistance to hostile enchantments.
    It affects your magic capacity (+9).
    It may corrode you when you take damage.
  an uncursed ring of poison resistance (240 gold)
  an uncursed ring of positive energy (240 gold)
  an uncursed ring of flight (210 gold)
  an uncursed ring of stealth (210 gold)
  a +3 amulet of reflection (188 gold)
[Shop] Dackati's Gadget Emporium
  a box of beasts (300 gold)
  a wand of enslavement (9/24) (165 gold)
  a wand of confusion (28/48) (337 gold)
  a wand of lightning (10/15) (210 gold)
  a wand of digging (12/24) (480 gold)
  a phial of floods (600 gold)
  a wand of enslavement (15/24) (255 gold)
  a wand of scattershot (2/9) (270 gold)
  a wand of lightning (7/15) (165 gold)
  a wand of random effects (18/48) (150 gold)
  a wand of random effects (25/48) (202 gold)
  a phantom mirror (450 gold)
  a wand of disintegration (9/24) (195 gold)
  a wand of enslavement (7/24) (135 gold)
(0, 0, Snake:1)
  a +0 short sword
(4, -17, Snake:1)
  a +0 robe
  a +0 flail
(4, -16, Snake:1)
  13 poisoned needles
(6, 11, Snake:1)
  a +0 robe
(7, -14, Snake:1)
  a -3 broad axe
(7, 10, Snake:1)
  a +0 robe
  a +4 scimitar of venom
(8, 4, Snake:1)
  a +0 hand axe
  a +0 mace
(9, -3, Snake:1)
  the +4 ring mail of Oroe {MR+ Regen+ rCorr}
    It affects your resistance to hostile enchantments.
    It increases your rate of regeneration.
    It protects you from acid and corrosion.
(11, -2, Snake:1)
  a +0 flail
(12, -6, Snake:1)
  a +0 ring mail
(14, 12, Snake:1)
  a +0 robe
  a +4 war axe
(15, -3, Snake:1)
  a +0 mace
(20, -8, Snake:1)
  21 arrows
(20, -7, Snake:1)
  17 sling bullets
(24, 2, Snake:1)
  a +0 spear
(24, 3, Snake:1)
  a +0 halberd
  a +0 robe
(33, 14, Snake:1)
  a +0 scimitar
(38, 4, Snake:1)
  28 stones
(39, 6, Snake:1)
  a +0 spear
(46, -4, Snake:1)
  an uncursed amulet of faith
(46, 12, Snake:1)
  a +0 flail
(47, 12, Snake:1)
  a +0 whip

Level 2 of the Snake Pit
(0, 0, Snake:2)
  11 bolts
(2, -9, Snake:2)
  a +0 ring mail
(3, -15, Snake:2)
  a +0 short sword
(6, -15, Snake:2)
  2 arrows
(7, -14, Snake:2)
  a +0 robe
  a +0 dagger
(7, -13, Snake:2)
  a +0 shortbow of flaming
  a +0 shortbow of flaming
  43 arrows
(7, -12, Snake:2)
  a +0 glaive
(8, -11, Snake:2)
  a +0 spear
(10, 8, Snake:2)
  27 arrows
(13, 30, Snake:2)
  a wand of flame (20/48)
(14, -6, Snake:2)
  a scroll of amnesia
  a +2 war axe of freezing
(22, -8, Snake:2)
  a +0 chain mail
(26, 20, Snake:2)
  a +0 club
(29, 18, Snake:2)
  a +0 robe
  a +0 whip
(31, 26, Snake:2)
  a +0 quarterstaff
(35, 15, Snake:2)
  21 poisoned needles
(36, 6, Snake:2)
  a +0 trident
(48, -1, Snake:2)
  a wand of digging (8/24)
(51, -5, Snake:2)
  a wand of polymorph (6/24)

Level 3 of the Snake Pit
(0, 0, Snake:3)
  2 potions of degeneration
(3, 21, Snake:3)
  a +0 robe
(4, 20, Snake:3)
  a +1 flail of protection
  a +0 long sword
  a +0 mace
(4, 21, Snake:3)
  a +0 battleaxe of chopping
  a +0 robe
  a +0 trident
(9, 21, Snake:3)
  19 arrows
(12, 2, Snake:3)
  a +0 dagger of venom
  a +0 robe
(14, 3, Snake:3)
  a +0 robe
(18, 1, Snake:3)
  a +0 robe
  a +0 hand axe
(18, 2, Snake:3)
  16 arrows
  a +0 robe
  a +0 shortbow of flaming
  a +0 dagger of venom
(18, 3, Snake:3)
  a +0 glaive
(19, -10, Snake:3)
  a +0 war axe
(19, 20, Snake:3)
  a wand of acid (0/15)
(20, -8, Snake:3)
  2 tomahawks of returning
(20, 22, Snake:3)
  a +0 short sword
(24, 16, Snake:3)
  2 arrows
(25, -16, Snake:3)
  22 stones
(29, 3, Snake:3)
  a +0 robe
  a cursed -1 scimitar
(31, -3, Snake:3)
  10 arrows
(32, 6, Snake:3)
  an uncursed ring of ice
(34, 8, Snake:3)
  an arrow
(36, 10, Snake:3)
  12 arrows
  a +1 shortbow of flaming
(37, 11, Snake:3)
  a +0 robe
  a cursed +0 dagger
(37, 25, Snake:3)
  a +0 robe
  a +0 scimitar of venom
(38, 10, Snake:3)
  a +0 glaive
(38, 11, Snake:3)
  an arrow
(39, 24, Snake:3)
  a +0 robe
  a +0 battleaxe
(40, 13, Snake:3)
  a +0 glaive
(40, 20, Snake:3)
  a +0 robe
  a +0 halberd
(40, 21, Snake:3)
  a +0 hand axe
(41, 18, Snake:3)
  a +0 robe
  a +0 long sword
(41, 21, Snake:3)
  a +0 robe
  a +0 dagger of venom
(42, -26, Snake:3)
  a +0 whip
(42, 14, Snake:3)
  an arrow
(42, 19, Snake:3)
  a +0 flail
(43, -13, Snake:3)
  18 stones
(47, 19, Snake:3)
  a +0 robe
  a +0 halberd
(58, 17, Snake:3)
  a +0 halberd
(59, 16, Snake:3)
  a +0 halberd
(66, -10, Snake:3)
  a +0 cloak
(66, 20, Snake:3)
  a +1 pair of boots

Level 4 of the Snake Pit
[Shop] Dourrir's Jewellery Boutique
  an uncursed amulet of harm (510 gold)
  a cursed -6 ring of strength (34 gold)
  an uncursed amulet of faith (680 gold)
  a cursed amulet of inaccuracy (34 gold)
  an uncursed ring of protection from magic (425 gold)
  an uncursed amulet of faith (680 gold)
  the amulet of the Four Winds {rN+ MR+++ Clar} (746 gold)
    [amulet of nothing]
    
    It protects you from negative energy.
    It affects your resistance to hostile enchantments.
    It protects you against confusion.
  an uncursed ring of fire (425 gold)
  an uncursed ring of protection from cold (425 gold)
  an uncursed ring of resist corrosion (340 gold)
[Shop] Dyfaden's Distillery
  a potion of mutation (120 gold)
  2 potions of mutation (240 gold)
  2 potions of curing (90 gold)
  a potion of flight (45 gold)
  2 potions of berserk rage (150 gold)
  a potion of haste (150 gold)
  a potion of flight (45 gold)
  a potion of lignification (45 gold)
  a potion of resistance (150 gold)
  2 potions of curing (90 gold)
  a potion of curing (45 gold)
  a potion of degeneration (15 gold)
(0, 0, Snake:4)
  7 arrows
(4, -23, Snake:4)
  a +0 dire flail
  a +0 robe
(4, -22, Snake:4)
  a +0 arbalest
  a +0 battleaxe
  10 bolts
(5, -23, Snake:4)
  2 bolts
  a +1 flail of protection
(5, -6, Snake:4)
  2 arrows
(6, -23, Snake:4)
  a bolt
(7, -23, Snake:4)
  2 bolts
(7, -9, Snake:4)
  a +0 war axe
  a +0 robe
(8, -9, Snake:4)
  a +0 battleaxe
  a +0 flail
(8, -8, Snake:4)
  a bolt
(9, -9, Snake:4)
  a +0 quarterstaff
  a +0 robe
  2 bolts
(10, -11, Snake:4)
  a bolt
(10, -10, Snake:4)
  13 bolts
  a +0 dire flail
  a +0 arbalest
  a +0 robe
  a +0 flail
(11, -18, Snake:4)
  a +0 plate armour
(11, -10, Snake:4)
  4 arrows
  2 bolts
  a +0 war axe
  a cursed -1 hand axe
  a +0 shield
  a +0 war axe
(11, -5, Snake:4)
  a +0 glaive
(12, -9, Snake:4)
  21 bolts
  a +1 scale mail of fire resistance
  7 arrows
  a +0 mace
(12, -8, Snake:4)
  a +0 scimitar
(13, -10, Snake:4)
  3 bolts
  3 arrows
(13, -9, Snake:4)
  a +0 scimitar
  a +0 scimitar
(13, -8, Snake:4)
  14 bolts
  a +0 glaive of venom
  a +0 arbalest
(13, -5, Snake:4)
  a +0 robe
  a +0 club
(14, -11, Snake:4)
  a +0 robe
  15 bolts
  a +0 halberd
  a -3 arbalest
(14, -10, Snake:4)
  an arrow
(15, -11, Snake:4)
  a cursed +0 robe
  a +0 shortbow
  a +0 trident
  20 arrows
(15, -5, Snake:4)
  a +0 robe
  a +0 spear
(15, 4, Snake:4)
  an arrow
(16, -11, Snake:4)
  a +0 spear
  an arrow
(16, -7, Snake:4)
  a bolt
(17, -12, Snake:4)
  a bolt
(17, -11, Snake:4)
  a +0 short sword
(17, -10, Snake:4)
  a bolt
(17, -9, Snake:4)
  a bolt
(17, -8, Snake:4)
  2 bolts
  2 arrows
(17, -4, Snake:4)
  a +0 long sword
(18, -11, Snake:4)
  an arrow
  a +2 naga barding of cold resistance
  9 bolts
  a +0 trident of venom
  a +0 arbalest
(18, -10, Snake:4)
  a bolt
(18, -9, Snake:4)
  2 arrows
  a +0 flail
  3 bolts
(18, -5, Snake:4)
  a +0 longbow of freezing
  a -1 glaive
  15 arrows
  a +3 scimitar of venom
  a +0 robe
(18, -4, Snake:4)
  2 arrows
(18, 7, Snake:4)
  2 arrows
(19, -12, Snake:4)
  2 bolts
(19, -10, Snake:4)
  2 bolts
  a +0 robe
  a +0 halberd
(19, -9, Snake:4)
  22 bolts
  a +0 scimitar
  a +0 arbalest
  2 arrows
(19, -8, Snake:4)
  8 tomahawks of returning
  5 bolts
  19 arrows
  a +0 long sword
  a +0 longbow
(19, -7, Snake:4)
  16 arrows
  a +0 mace
  2 bolts
  a +0 shortbow
(19, -6, Snake:4)
  a bolt
  6 arrows
(19, -5, Snake:4)
  a +2 dagger of venom
  a +0 robe
  a +0 mace
  a +0 arbalest
  a -3 battleaxe
  10 bolts
  a +0 robe
  a +0 halberd
  a +0 robe
  an arrow
  a +0 robe
  a +0 war axe
(19, -4, Snake:4)
  a bolt
  7 arrows
(19, 8, Snake:4)
  a +0 war axe
(20, -15, Snake:4)
  2 arrows
(20, -10, Snake:4)
  2 arrows
  a +0 long sword
  a +0 shortbow
(20, -9, Snake:4)
  a +0 scimitar
  an arrow
(20, -4, Snake:4)
  2 arrows
  2 bolts
(20, -3, Snake:4)
  a bolt
(20, 9, Snake:4)
  2 arrows
  3 bolts
  a cursed -1 robe
  a +0 mace
(21, -4, Snake:4)
  an arrow
(21, -1, Snake:4)
  a bolt
  a +0 trident
(21, 1, Snake:4)
  4 arrows
  a +0 halberd
(21, 10, Snake:4)
  a +0 battleaxe
  a +3 scimitar
  a +0 robe
  a +0 robe
  a cursed -2 hand axe
  17 bolts
  a +0 hand axe
  a +0 arbalest
  a +0 long sword
  a +0 robe
  a +2 mace of protection
  a +0 robe
  a +0 long sword
  11 arrows
  a +0 trident
  a +0 shortbow
  a +0 robe
  a +0 flail
  a +0 robe
  a +0 spear
  a +0 robe
  a +0 halberd
  a +0 robe
  a +0 robe
(22, -9, Snake:4)
  22 bolts
(22, -1, Snake:4)
  a +0 halberd
(22, 0, Snake:4)
  a bolt
(22, 1, Snake:4)
  2 arrows
  a +0 long sword
  a +0 longbow
  a +0 halberd
  a +0 robe
  a +0 club
(22, 2, Snake:4)
  a +0 halberd
  a +0 longbow
  a +0 robe
  35 arrows
  a +0 halberd
  a +0 shortbow
(22, 3, Snake:4)
  a +0 spear
  a +0 robe
  5 arrows
  a +0 robe
  a +0 dagger of venom
(22, 4, Snake:4)
  2 arrows
(22, 5, Snake:4)
  an arrow
(22, 6, Snake:4)
  a bolt
  4 arrows
(22, 8, Snake:4)
  a bolt
(22, 9, Snake:4)
  3 bolts
  a +0 trident
(22, 10, Snake:4)
  a +0 spear
  a +0 arbalest
  a +0 battleaxe
  a +0 robe
  a +0 shortbow
  a +0 war axe
  a +0 spear
  34 arrows
  a +0 scimitar
  a +0 shortbow
  a +0 robe
  15 bolts
  a +0 halberd
  a +0 arbalest
  a +0 flail of protection
(31, -8, Snake:4)
  15 stones
(34, -17, Snake:4)
  a +0 hand axe
  a +0 robe
(34, 13, Snake:4)
  a +2 ring of strength
(36, -3, Snake:4)
  a scroll of vulnerability
(37, 1, Snake:4)
  a +0 glaive
(39, -34, Snake:4)
  3 bolts
(40, -34, Snake:4)
  a bolt
(40, -33, Snake:4)
  a +0 long sword of holy wrath
  a +0 flail
  a +0 shield
(40, -32, Snake:4)
  a +0 dire flail
  a +0 robe
(40, -30, Snake:4)
  a +0 arbalest
  a +0 long sword
  17 bolts
(40, -28, Snake:4)
  a +0 battleaxe
  a +0 robe
(43, -2, Snake:4)
  a +0 scale mail
(49, 11, Snake:4)
  a +0 halberd
(55, -1, Snake:4)
  2 bolts
(55, 15, Snake:4)
  2 bolts
(56, 5, Snake:4)
  2 bolts
(56, 6, Snake:4)
  2 bolts
(56, 14, Snake:4)
  a +0 arbalest
  a +0 long sword
  15 bolts
  a +0 robe

Level 1 of the Vaults
(0, 0, Vaults:1)
  18 arrows
(3, -27, Vaults:1)
  a +1 glaive
  a +0 plate armour
(3, -26, Vaults:1)
  a +0 morningstar
  a +3 arbalest
  18 bolts
  a +0 ring mail
(5, -27, Vaults:1)
  a book of Enchantments
  a cursed -1 giant club
  a +0 giant club
  a +0 giant club
  a +0 giant spiked club
  a +2 dire flail of draining
  a cursed +0 giant spiked club
  a +0 great sword
  a +0 plate armour
  a +0 scimitar
  a +0 ring mail
  a +0 long sword
  a +0 plate armour
  a cursed -3 giant spiked club
(5, -26, Vaults:1)
  a +3 battleaxe of flaming
  a +0 plate armour
(5, -25, Vaults:1)
  2 bolts
(5, -7, Vaults:1)
  a bolt
(6, -22, Vaults:1)
  a royal jelly
(6, -9, Vaults:1)
  18 bolts
  a +0 arbalest
(6, -7, Vaults:1)
  2 bolts
(6, -3, Vaults:1)
  a +0 arbalest
  (unseen)
(6, -2, Vaults:1)
  a +0 arbalest
  13 bolts
(7, -10, Vaults:1)
  10 bolts
  a cursed -1 arbalest
(7, -9, Vaults:1)
  a bolt
(7, -8, Vaults:1)
  11 bolts
  a +0 arbalest
(7, -7, Vaults:1)
  7 bolts
  a +0 arbalest
(7, -6, Vaults:1)
  a bolt
(7, -5, Vaults:1)
  2 bolts
(7, -4, Vaults:1)
  a bolt
(7, -3, Vaults:1)
  a bolt
(7, -1, Vaults:1)
  a +0 arbalest (still there?)
  a bolt (still there?)
(11, -49, Vaults:1)
  a +0 morningstar
  a +0 arbalest
  19 bolts
  a +0 scale mail
(12, -47, Vaults:1)
  a bolt
(13, -44, Vaults:1)
  a bolt
(13, 0, Vaults:1)
  21 bolts
(14, -49, Vaults:1)
  a +0 arbalest
  12 bolts
(14, -48, Vaults:1)
  a +0 arbalest
  24 bolts
(14, -47, Vaults:1)
  4 bolts
(14, -46, Vaults:1)
  a bolt
(14, -45, Vaults:1)
  a bolt
(14, -44, Vaults:1)
  2 bolts
(14, -43, Vaults:1)
  2 bolts
(14, -42, Vaults:1)
  a bolt
(14, -26, Vaults:1)
  a stone
(14, -22, Vaults:1)
  a stone
  a stone
(14, -21, Vaults:1)
  a stone
(14, -4, Vaults:1)
  25 arrows
  (unseen)
(15, -48, Vaults:1)
  a +0 arbalest
  8 bolts
(15, -47, Vaults:1)
  a +0 arbalest
  13 bolts
(15, -2, Vaults:1)
  a bolt
(16, -49, Vaults:1)
  a +2 glaive of freezing
  a +0 chain mail
(16, -47, Vaults:1)
  16 bolts
  a +0 arbalest
(16, -23, Vaults:1)
  2 stones
(16, -20, Vaults:1)
  17 stones
(16, -6, Vaults:1)
  an arrow
(16, -5, Vaults:1)
  an arrow
(16, -3, Vaults:1)
  15 bolts
  (unseen)
(16, -2, Vaults:1)
  a +0 dire flail
  (unseen)
(16, -1, Vaults:1)
  17 bolts
  a +0 arbalest
(16, 1, Vaults:1)
  16 bolts
  (unseen)
(17, -24, Vaults:1)
  a +0 ring mail
  a +0 long sword
(17, -23, Vaults:1)
  a +0 leather armour
  a +0 flail
(18, -20, Vaults:1)
  a +0 large shield
  a +0 chain mail
  a +0 war axe
  7 stones
(18, -8, Vaults:1)
  a cursed +0 leather armour
  17 arrows
  a +0 dagger
  a +0 shortbow
(20, -18, Vaults:1)
  an arrow
(22, -22, Vaults:1)
  a +2 buckler
(22, -18, Vaults:1)
  14 bolts
  a +0 arbalest
(22, -17, Vaults:1)
  27 bolts
  a +0 arbalest
(22, -16, Vaults:1)
  16 bolts
  a +0 arbalest
(22, -15, Vaults:1)
  a +0 leather armour
  a +0 dagger
  7 arrows
  a +1 shortbow of freezing
(23, -22, Vaults:1)
  a bolt
(23, -20, Vaults:1)
  a bolt
(23, -17, Vaults:1)
  a +0 plate armour
  a +0 great mace of crushing
(23, -16, Vaults:1)
  15 bolts
  a +0 arbalest
(23, -2, Vaults:1)
  11 stones
(24, -16, Vaults:1)
  16 bolts
  a +0 arbalest
(25, -42, Vaults:1)
  a +0 robe
  a +0 dagger
(26, -42, Vaults:1)
  a bolt
(27, -42, Vaults:1)
  a bolt
(28, -44, Vaults:1)
  a bolt
(28, -8, Vaults:1)
  a bolt
(29, -47, Vaults:1)
  a wand of confusion (22/48)
  an uncursed amulet of harm
  a +0 arbalest
  19 bolts
(29, -45, Vaults:1)
  11 bolts
  a +0 arbalest
(29, -29, Vaults:1)
  a +0 morningstar
  a +0 leather armour
(29, -11, Vaults:1)
  a bolt
(30, -45, Vaults:1)
  22 bolts
  a +0 arbalest
(31, 2, Vaults:1)
  a +3 falchion
  a +0 arbalest
  22 bolts
  a +0 scale mail
(32, -43, Vaults:1)
  a cursed +0 robe
  a +0 dagger
(32, -11, Vaults:1)
  a bolt
(32, -10, Vaults:1)
  a bolt
(33, -10, Vaults:1)
  16 bolts
  a +0 arbalest
(34, -11, Vaults:1)
  2 bolts
(35, -11, Vaults:1)
  21 bolts
  a +0 arbalest
(36, -10, Vaults:1)
  a bolt
(37, -55, Vaults:1)
  30 bolts
  a +0 arbalest
  a +0 arbalest
(38, -55, Vaults:1)
  a +0 robe
  a +2 dagger of venom
  a +0 scale mail
  a +1 morningstar of protection
(38, -54, Vaults:1)
  a cursed -2 robe
  a +0 spear
(38, -7, Vaults:1)
  12 bolts
  a +0 arbalest
(39, -56, Vaults:1)
  a bolt
(39, -8, Vaults:1)
  a bolt
(40, -21, Vaults:1)
  a book of Debilitation
(40, -11, Vaults:1)
  a +0 club
(41, -13, Vaults:1)
  2 bolts
(41, -10, Vaults:1)
  a bolt
(42, -11, Vaults:1)
  a bolt
(43, -12, Vaults:1)
  27 bolts
  a +0 arbalest
(43, -11, Vaults:1)
  10 bolts
  a +0 arbalest
(44, -14, Vaults:1)
  9 bolts
  a +0 arbalest
(44, -13, Vaults:1)
  23 bolts
  a +0 arbalest
(46, -10, Vaults:1)
  a +0 scimitar
  a +0 chain mail
  a +0 buckler
(46, -9, Vaults:1)
  a +0 short sword
(46, -8, Vaults:1)
  a +0 long sword
(47, -9, Vaults:1)
  a +0 scimitar
  a cursed +0 chain mail
  a +0 buckler
(47, -8, Vaults:1)
  a +0 scimitar
(48, -29, Vaults:1)
  16 bolts
(51, -6, Vaults:1)
  a bolt
  a cursed -1 plate armour
  a +0 war axe
(51, -5, Vaults:1)
  a cursed +0 falchion
(51, -4, Vaults:1)
  a +0 plate armour
  a +0 halberd
(52, -4, Vaults:1)
  a +0 dagger
  20 bolts
  a +0 arbalest
(53, -48, Vaults:1)
  a +0 arbalest
  20 bolts
(53, -47, Vaults:1)
  3 bolts
(53, -46, Vaults:1)
  a bolt
(54, -48, Vaults:1)
  a +0 arbalest
  6 bolts
(54, -10, Vaults:1)
  a large rock
(55, -48, Vaults:1)
  a +0 arbalest
  22 bolts
(55, -10, Vaults:1)
  a +0 plate armour
  a +2 great sword
(55, -9, Vaults:1)
  a large rock
  a cursed -2 club
(62, -52, Vaults:1)
  +0 acid dragon scales
(65, -31, Vaults:1)
  a +0 club

Level 2 of the Vaults
(0, 0, Vaults:2)
  6 needles of sleeping
(1, -1, Vaults:2)
  19 stones
(1, 0, Vaults:2)
  the +8 glaive of the Guard {elec, +Rage AC+5 SInv}
    Occasionally, upon striking a foe, it will discharge some electrical energy
    and cause terrible harm.
    
    It affects your AC (+5).
    It lets you see invisible.
    It lets you go berserk.
(1, 1, Vaults:2)
  a +1 plate armour of magic resistance
(2, 0, Vaults:2)
  17 arrows
(5, -31, Vaults:2)
  a +0 shortbow
  14 arrows
(6, -30, Vaults:2)
  a +0 arbalest
  a +0 war axe
  8 bolts
  a +0 ring mail
(6, -29, Vaults:2)
  an arrow
(6, -28, Vaults:2)
  a bolt
(7, -31, Vaults:2)
  a +0 shortbow
  11 arrows
(7, 0, Vaults:2)
  a +0 dagger
  a +0 scale mail
(7, 1, Vaults:2)
  a +0 troll leather armour
(8, -32, Vaults:2)
  a +0 shortbow
  11 arrows
  a royal jelly
(8, -30, Vaults:2)
  a +0 arbalest
  26 bolts
(8, 0, Vaults:2)
  a +2 battleaxe of freezing
  a +0 plate armour
  5 large rocks
(9, 0, Vaults:2)
  a +1 battleaxe of freezing
(9, 2, Vaults:2)
  a +0 falchion
(10, 0, Vaults:2)
  35 bolts
  a +0 arbalest
  a cursed -2 arbalest
(10, 2, Vaults:2)
  7 needles of sleeping
(11, 0, Vaults:2)
  a +1 great sword of flaming
(13, 16, Vaults:2)
  a +3 ring of strength
(14, -1, Vaults:2)
  an uncursed ring of positive energy
(22, 2, Vaults:2)
  a +0 robe
  a +0 spear
(22, 3, Vaults:2)
  a +0 giant spiked club
  a +0 giant club
(24, 4, Vaults:2)
  a +0 giant club
(24, 9, Vaults:2)
  16 arrows
(32, -21, Vaults:2)
  a +0 ring mail
(32, -19, Vaults:2)
  +0 acid dragon scales
(33, -21, Vaults:2)
  a +2 vampiric broad axe
(33, -19, Vaults:2)
  a cursed -2 shortbow
  22 arrows
(34, -21, Vaults:2)
  a +3 war axe
  a +0 chain mail
(41, 12, Vaults:2)
  a +0 scale mail
  a +0 flail of protection
(43, 5, Vaults:2)
  a +0 long sword
(44, 2, Vaults:2)
  a +0 leather armour
  14 arrows
  a +0 dagger
  a +0 shortbow
(44, 13, Vaults:2)
  a +0 robe
  a +0 dagger
(45, 1, Vaults:2)
  a +0 short sword of venom
  a +2 ring mail of fire resistance
  a +0 great sword of electrocution
(45, 2, Vaults:2)
  a +0 short sword
(46, 1, Vaults:2)
  a +0 battleaxe
(46, 2, Vaults:2)
  a +0 mace
  7 arrows
  a +0 plate armour
(46, 3, Vaults:2)
  an arrow
(46, 21, Vaults:2)
  +0 ice dragon scales
(48, 0, Vaults:2)
  a +0 chain mail
  a +0 long sword
  a +0 scale mail
  a +0 long sword
  a +0 ring mail
  a +0 morningstar
  a +0 buckler
  a cursed +0 scale mail
  a +2 long sword of holy wrath
  a +0 ring mail
  a +0 great mace
(48, 2, Vaults:2)
  a +0 hand axe of draining
(48, 18, Vaults:2)
  an arrow
(49, -14, Vaults:2)
  4 large rocks
(49, 19, Vaults:2)
  22 bolts
  a +0 arbalest
(49, 20, Vaults:2)
  31 bolts
  a +0 arbalest
(50, -15, Vaults:2)
  a +0 leather armour
  a +0 ring mail
  a +0 short sword
  a cursed +0 shortbow
  23 arrows
  a +0 dire flail
(50, 20, Vaults:2)
  6 arrows
  a +0 longbow
(51, -15, Vaults:2)
  a +0 ring mail
  a +0 long sword
(51, -14, Vaults:2)
  13 bolts
  a +0 arbalest
  a +0 leather armour
  a +0 morningstar
(51, 2, Vaults:2)
  14 bolts
  a +0 arbalest
(51, 3, Vaults:2)
  29 bolts
  a +0 arbalest
(51, 4, Vaults:2)
  16 bolts
  a +0 arbalest
(51, 20, Vaults:2)
  a +0 robe
  a +0 halberd
(52, -15, Vaults:2)
  17 bolts
  a +0 arbalest
(52, -14, Vaults:2)
  16 bolts
  a cursed -1 arbalest
  a +0 ring mail
  a +4 flail
(52, 20, Vaults:2)
  a cursed +0 large shield
  a +0 chain mail
  a +4 war axe of freezing
(53, -14, Vaults:2)
  a +0 large shield
  a +0 chain mail
  a +0 war axe
  a bolt
(53, 4, Vaults:2)
  a +1 scimitar of electrocution
(53, 19, Vaults:2)
  +0 fire dragon scales
  a +0 giant spiked club
  a +0 dire flail
  a +0 giant spiked club
  a +0 giant spiked club
  a +0 giant club
  a +0 giant club
  a +0 great mace
  a +0 dire flail
  a +0 giant spiked club
  a +0 giant spiked club
(53, 20, Vaults:2)
  a cursed +0 ring mail
  a +0 great mace
(54, -14, Vaults:2)
  3 bolts
(54, 2, Vaults:2)
  a bolt
  a +0 chain mail
  a +0 long sword
(54, 20, Vaults:2)
  a large rock
  a bolt
  a +0 giant club
(55, 1, Vaults:2)
  a bolt
(55, 20, Vaults:2)
  14 bolts
  a +0 arbalest
(55, 21, Vaults:2)
  a +0 plate armour
  a +0 great mace
(55, 22, Vaults:2)
  a +0 ring mail
  a +0 great mace
(56, -14, Vaults:2)
  a large rock
(56, -2, Vaults:2)
  a +0 long sword
(56, 22, Vaults:2)
  a bolt
  a large rock
  a +0 ring mail
  a +0 dire flail
(57, 19, Vaults:2)
  a +0 giant club
  a +0 giant club
(57, 20, Vaults:2)
  a +0 giant spiked club
  a +0 giant club
(57, 21, Vaults:2)
  4 arrows
  a large rock
  a +0 giant club
  a +0 giant club
  a +0 giant spiked club
(57, 22, Vaults:2)
  a +0 dagger
  2 large rocks
(58, -15, Vaults:2)
  an arrow
(58, 0, Vaults:2)
  a bolt
(58, 17, Vaults:2)
  a +0 giant spiked club
  a +0 giant club
(59, -17, Vaults:2)
  a +0 leather armour
  a +0 longbow
  21 arrows
  a +0 short sword
(59, 19, Vaults:2)
  a +0 giant spiked club
  a +0 giant club
(59, 20, Vaults:2)
  a large rock
(59, 23, Vaults:2)
  a large rock

Level 3 of the Vaults
(0, 0, Vaults:3)
  2 bolts
(3, 1, Vaults:3)
  a bolt
(51, -7, Vaults:3)
  a +0 great sword of flaming
(54, 11, Vaults:3)
  a +0 dagger
  (unseen)
(54, 24, Vaults:3)
  17 gold pieces
(55, 16, Vaults:3)
  a +2 glaive
  a +0 chain mail
(56, 17, Vaults:3)
  a +0 dagger
  (unseen)
(57, -15, Vaults:3)
  a +2 helmet

