Mash

Level 1 of the Dungeon
(0, 0, D:1)
  a +0 robe
(2, 0, D:1)
  a +0 dagger
(2, 3, D:1)
  19 arrows
(5, 0, D:1)
  a +0 short sword
(9, 5, D:1)
  a +0 club
(10, 50, D:1)
  a +0 short sword
(12, 5, D:1)
  a stone
(13, 5, D:1)
  a stone
(13, 50, D:1)
  a +1 dagger of electrocution
(14, 5, D:1)
  a stone
(15, 46, D:1)
  a +2 helmet
(48, 24, D:1)
  a +0 dagger
(49, 34, D:1)
  a +0 leather armour
(52, 35, D:1)
  a +0 mace
(58, 26, D:1)
  a +0 hunting sling

Level 2 of the Dungeon
(0, 0, D:2)
  a +0 whip
(4, -7, D:2)
  2 stones
(5, -7, D:2)
  2 stones
(8, -10, D:2)
  a +1 dagger of pain
(10, -5, D:2)
  a stone
(10, 1, D:2)
  a +0 club
(10, 2, D:2)
  a +0 dagger
  3 stones
(11, 26, D:2)
  18 bolts
(14, 27, D:2)
  a +0 club
(16, -18, D:2)
  19 stones
(22, -11, D:2)
  a sling bullet
(22, -2, D:2)
  20 bolts
(24, -12, D:2)
  a +0 hunting sling
  25 sling bullets
(25, 9, D:2)
  a +4 quarterstaff of chaos
(27, 10, D:2)
  a +0 mace
(42, 37, D:2)
  a stone
(43, 37, D:2)
  a stone
(44, 23, D:2)
  a +0 club
(44, 24, D:2)
  a +0 dagger
(44, 37, D:2)
  a stone
(46, 37, D:2)
  2 stones
(48, -21, D:2)
  a +0 dagger
(50, -17, D:2)
  a +0 whip

Level 3 of the Dungeon
(0, 0, D:3)
  a +0 quarterstaff
(7, -21, D:3)
  a +0 club
  a +0 hunting sling
  10 stones
(7, -11, D:3)
  a +0 long sword
(8, -26, D:3)
  26 stones
(9, -21, D:3)
  a stone
(10, -21, D:3)
  a stone
(12, -20, D:3)
  a stone
(13, -24, D:3)
  a +0 mace
(13, -20, D:3)
  a stone
(26, -6, D:3)
  18 stones
(32, -24, D:3)
  a +0 club
(34, 8, D:3)
  a cursed +0 leather armour
(38, -11, D:3)
  a +0 leather armour
(57, -22, D:3)
  8 poisoned needles

Level 4 of the Dungeon
(7, -3, D:4)
  a +0 leather armour
(12, 13, D:4)
  a +0 leather armour
  a +0 dagger
(13, 15, D:4)
  a +0 hand axe
  a +1 short sword of venom
  a +0 robe
  a +0 dagger
(15, 15, D:4)
  a +0 short sword
(32, 25, D:4)
  17 stones
(33, 15, D:4)
  a +0 mace
(34, 16, D:4)
  a cursed +0 club
(35, -3, D:4)
  a +0 leather armour
  21 bolts
(37, -3, D:4)
  14 sling bullets
(38, 14, D:4)
  12 bolts
(39, 28, D:4)
  a +0 whip

Level 5 of the Dungeon
(0, 0, D:5)
  a +0 whip of draining
  a +0 scale mail
(1, 0, D:5)
  a +0 dagger
  a +0 robe
  a +0 dagger
  a +0 robe
(2, 0, D:5)
  a +0 animal skin
(3, 60, D:5)
  a +0 dagger
  a +0 robe
(28, 39, D:5)
  a +0 giant spiked club
(28, 40, D:5)
  a +0 giant club
  an ogre skeleton
(31, 30, D:5)
  a +2 whip of flaming
  a +0 robe
  the big kobold corpse of Pikel
(32, 29, D:5)
  a +0 animal skin
(32, 30, D:5)
  a +0 animal skin
  (unseen)

