          ###      #####                                                  
         ##.## #####.#.#######                                            
    ######...###.#......##.#.###                                          
   ##.##.##.###................##                                         
   #.........###................#                                         
   ##.........##...............##                                         
    #...#.......#..............#                                          
    ##.#..(.(.................##           #...                           
    ##.....n............$...###         ###....                           
#####o..o.(.(................#         ........#    .##....               
#.oooo..#.#.................##       ###.......#    .......               
######.##.#................#.##      #.........#    ......#               
     ##.o..o..................##      ........######......#               
       oooo..................#.##    ##.......##.#........#               
       oooo...  ...........#....#   ##.....................               
       .oooo.o  ..........#....## ###.#....................               
       ...oo..  .............######....#.#..........#                     
       ...4oo.  ..............#.##....#.###....[<...#                     
       .......  .........................##...[[[...#                     
                ....................#.#.###...)[....##   ##               
                ..................####...#...........## ...               
                ......#...........#  ##.##............##...               
                ......#...........######.#.................               
                ##### #..........###.###...................               
                      #...........)..........#...#.........               
                      #......................#.####........               
                      #............#.........#####.........               
                      #..........####.##......##.#...........#.......     
                      #.........##  ####......##......#......#.......     
                      #..#.#....#      #......##.....###........>...      
                      #........##      ####....#....## #...........       
                      #.#....###          .........##   #........#        
                      ####...##            .#......##    #......##        
                         #....##           ###......## ####......##       
                         ##....#        ####.........###.#........###     
                          ###.##        #..#..........#.............#     
                            ###        ##...........................###   
                                       #..............................##  
                                    #####.....###...........##.........## 
                                    #........###..........#######.......##
                                    #.........####..........#  ###.......#
                                    ##.#....#####...........####........##
                                     ####....#.#......#................## 
                                        ##.....##....##...............##  
                                         #...........####)...........##   
                                         #.#.........##...)........###    
                                         ####........####.)..)))#..#      
                                          ###.....####  #....)).####      
                                          #.......####  ###..<.....#      
                                          #..........#####.........#      
                                      ## .#..........##.#..........####   
                                     ##.##...................##.......##  
                                     #..#......###.........#.##........## 
                                   ###........# #.........####..........##
                                   #..........# #........#######.........#
                                     #......#######..........##.........##
                                     #.......#.##.............#........## 
                                     ##..#.....##.....................##  
                                      ##.#...............<........##.##   
                                       ####.........#.#............###    
                                          ##.......#######........##      
                                           #......##     ###......#       
                                           #.....##        #...####       
                                           ###....#        ##..#          
                                             #.#.##         ####          
                                             #####                        
