Mash

Level 1 of the Dungeon
(0, 0, D:1)
  a +0 naga barding
(1, -24, D:1)
  13 arrows
(2, 13, D:1)
  9 stones
(15, -8, D:1)
  23 stones
(16, 4, D:1)
  a +0 dagger
(17, 1, D:1)
  a +0 club
  4 stones
(19, 1, D:1)
  a stone
(26, 3, D:1)
  a +0 club
(29, -23, D:1)
  a +0 buckler
(43, -8, D:1)
  a +0 spear

Level 2 of the Dungeon
(0, 0, D:2)
  a +0 flail
(4, -15, D:2)
  a +3 dagger of speed
  a +2 robe of magic resistance
(5, 10, D:2)
  a +0 club
(5, 12, D:2)
  a +0 club
(5, 13, D:2)
  a +3 dagger of protection
  a +0 club
  a +0 spear
  a +0 animal skin
  a +0 helmet
(6, 13, D:2)
  a +0 club
  a +0 dagger
(7, 13, D:2)
  a +0 hunting sling
  a +0 dagger
  13 stones
(8, 18, D:2)
  a +0 club
(8, 24, D:2)
  18 stones
(15, -14, D:2)
  a +0 club
(17, 2, D:2)
  3 stones
(19, -11, D:2)
  14 stones
(20, 25, D:2)
  24 stones
(23, 4, D:2)
  a cursed +0 halberd
(24, 4, D:2)
  a +1 spear of venom
(24, 20, D:2)
  a +0 dagger
(24, 21, D:2)
  a +0 hunting sling
  19 stones
(26, 17, D:2)
  a +0 dagger
(27, 4, D:2)
  a +0 club
(28, -11, D:2)
  a +0 leather armour
(31, -3, D:2)
  a +0 helmet
(40, 0, D:2)
  a +0 halberd
  a +0 leather armour
(42, -1, D:2)
  a +0 whip
(43, 0, D:2)
  a throwing net
(50, -13, D:2)
  a +0 short sword
(50, -8, D:2)
  a +0 dagger
(53, 7, D:2)
  18 arrows
(60, 0, D:2)
  18 stones

Level 3 of the Dungeon
(0, 0, D:3)
  a +0 short sword
  a +0 falchion of electrocution
(7, -39, D:3)
  a +0 dagger
(12, 6, D:3)
  a +0 club
(17, -18, D:3)
  a ball python corpse (skeletalised by now)
(21, 7, D:3)
  a +0 short sword
  a +0 leather armour
  a +0 whip
  a +0 scale mail
(22, 7, D:3)
  a +0 scale mail
  a +0 mace
(27, -6, D:3)
  a +0 hand axe
  a +0 dagger
  a +0 robe
(40, -13, D:3)
  a +0 club

Level 4 of the Dungeon
(0, 0, D:4)
  a +0 dagger of electrocution (still there?)
  a +0 mace (still there?)
  a +0 club (still there?)
  a +0 leather armour (still there?)
  an orc skeleton (still there?)
  an orc skeleton (still there?)
(0, 1, D:4)
  a +0 whip
  an orc corpse
(0, 2, D:4)
  a +3 vampiric dagger
  a +0 robe
(9, -5, D:4)
  a +0 dagger
  (unseen)
(10, -5, D:4)
  13 gold pieces

Level 5 of the Dungeon
(0, 0, D:5)
  a +0 chain mail
  (unseen)
(2, -6, D:5)
  a scroll of identify
(8, 0, D:5)
  a potion of heal wounds

