                       ###   ###                                  
                   #####˜#####.## ###                             
                  ##.##˜˜˜P˜#...###.#                             
                  #.#...˜˜˜˜˜˜˜...#.#                             
                  ##..˜˜˜˜˜˜˜˜˜˜˜..##                   ########  
                 ##..˜˜˜#######˜˜˜.####                 #P...PP#  
     #####   #####.#.˜˜##˜˜˜˜˜#P˜˜..#.######      ##### #˜˜˜˜˜˜#  
 #####.#.#####PP###..˜˜#)˜˜˜˜˜˜˜˜˜.#.#.#.#.########.#.###˜....˜#  
 #...................˜˜##˜˜˜˜˜#˜˜˜......................#......###
##.....###..##.......˜˜˜#######˜˜˜......................#......HH#
#P.....#########......˜˜˜˜˜˜˜˜˜˜˜......#.#..#+..........'......{h#
#.......#      #........˜˜˜˜˜˜˜#.......#........#.......#.......>#
##.....##      #.(...........P.P................#.......#.....H###
 #.....P##     #..P...##......................).#.......#˜....˜#  
 #......P#     #.#......................................#˜˜˜˜˜˜#  
 #......##     #.#..............÷......#................#......#  
##.....####   ##................................#.......########  
#......P..#####...........................P...#.#..............## 
##.......................P......................................# 
#P..................<.......#...<...............................# 
#...##.###..#P...#.......#.####.......PP..#.P..........#.##....## 
#...#### #####....##..####.# #P.......#...............####.....## 
##..#       ##............^# ##.............#..........# ##.....# 
##..#########..............## #.......#................#  #....## 
#.....##...###..............# ##........P#P.#..........#  #....#  
##..........................# #.......................##  #....#  
 #.#.#.#.#......##.##.P...#.# #..#.##.#...............##  #....#  
 #.#.....#.....P#######...### ##.######....###..#......#  #....#  
 #...........P....#  #...##   #..#    #...## ###......#####....#  
 #..#P..#....#.#..####...#    #..### ###..P### ##..(...........#  
##...........###...##....#    ##.#.###...<...####..............#  
#............# #...##P..## #####...........##..##..............#  
##...........####.###...####.##................................#  
##........#....#..####....##P........###.##.#.#.#..............#  
#...#...#.........#...................####..##.#........#.###..#  
##........#...##...P.>.....#...#......#  #..####......##### #..#  
 #........########..P.....######......#  #..# ###.....#     #..#  
 #..).....#      #....[.###    #......#  #..###.#.....##    #..#  
##........###    #...#...#     #.....#####..##.#.......#   ##..#  
#...#+.#....#   ##.P###..##    #......................##   #P..## 
##.........÷##  #P.## #...##   #......................#    ##...# 
 #.....PP..#.#  #...####..P#   #.#.###................##    #..## 
 #.....#.....#  ##...# #...#  ##.....#.####.#.(........#    #..## 
 #.....#....##  #...## #...####.........####.#........#######...# 
 #..........#####..P# ##.P...###.......#.# ###.................###
 #.....#....##.#..P.###.#....###.....P..##   #......#...#.#.P..#.#
 #.....#.....#.................#........#    #.....#............##
 #.....#.....#.................#.....#.##    #.....P........P..P# 
 #...........#.........................#######..............P..P# 
 #......)......................P........#..#.......#.........(..# 
##.....P....PP..........#.#....+............................#..## 
#......#.#.PP..........#.......P##.PP#..............##.....P#...# 
##.....................#.>#...............................P....## 
#P.........#...P.#........+......................###.##P##......# 
#........#.........#....##.......)#####..#..#...## #######.....## 
##................................#.# ######....#       ##.....## 
 #.................................##  ######...#### ####.......# 
 #.............#.#.................#####.##.#....#.###.#.#.....## 
 #.............................<...............................#  
 #######.#######.#.##..#######P#####P###.P#...#######P##.###.#.#  
       ###     #########     ###   ### ########     ###### ##.##  
                                                            ###   
