                             ############# 
                             #...........# 
                             #.#########.# 
                             #.#       #.# 
                    ######   #.#       #.# 
                #####....#   #.#       #.# 
.......         #........#####.#       #.# 
#......  #####  #..............#########.# 
.......###...## #..............##........# 
..............#####............##.######## 
.......##..(...####............##.#        
.........(.g....K.'............##.#        
###.....#(oo..(.###...........###.#        
............o(................# #.#        
###.....######.......########## #.#        
  #.....$    #.#.......#        #.#        
.......#.#   #.#.........#      #.#        
....w.. <.   ...)...>....#      #.#        
.....+# ###  ####..#.......     #.#        
.....           ##.#........    #.#        
.....            #..........    #.#        
                 ..........#    #.#        
                                #.#        
                                #.#        
                                #.#        
                                #.#        
                                #.#########
                                #.........#
                                #########.#
                                  #.#####.#
                                  #.......#
                                  #.#######
                                  #.#      
                                  #.#      
                                  #.#      
                                  #.#      
                      ###....#.#  #.#      
                      .......#.#  #.#      
                      .......#.#  #.#      
                     +.......#.#  #.#      
                 #####.....>.#.#  #.#      
                 ............#.#  #.#      
                 .......###..#.####.#      
                 ...................#      
                 .........#..#.######      
                 ..........#.#)#           
      #.     .#  .[.....<....#.#           
      #.     .#  ##+##+#.#.###.#           
       ..    .#     #......# #.#           
       #.####.#     ####...# #.#           
       #......##      .....# #.#           
        .......      .#....# #.#           
    ######...#      # #....# #.#           
    #......<.#        ###..#               
    #.####.#.#          ...#               
        ... .#                             
       #.#. .#                             
       #.## (#                             
       #    .#                             
            ##                             
