Mash

Level 1 of the Dungeon
(0, 0, D:1)
  27 stones
(2, 18, D:1)
  a +0 club
(6, 16, D:1)
  a +1 hand axe of electrocution
(17, 27, D:1)
  a +0 club
(22, -15, D:1)
  22 stones
(23, 25, D:1)
  a +0 leather armour
(24, -15, D:1)
  a stone
(25, 16, D:1)
  a +0 leather armour
(31, -5, D:1)
  26 stones
(31, 19, D:1)
  a +0 club
(32, 9, D:1)
  a +0 mace
(32, 24, D:1)
  a +0 club
(42, -16, D:1)
  a +0 club
(47, 13, D:1)
  27 stones

Level 2 of the Dungeon
(5, 31, D:2)
  a stone
(8, 13, D:2)
  a +0 dagger
(8, 31, D:2)
  a +0 club
(9, 24, D:2)
  a +0 club
(9, 31, D:2)
  19 stones
  a +0 hunting sling
(10, 27, D:2)
  a +0 club
(10, 28, D:2)
  a +0 club
(10, 29, D:2)
  a +0 dagger
  a +0 club
  a +0 helmet
  a +0 animal skin
  a +0 short sword
(10, 30, D:2)
  a cursed -2 club
(18, 46, D:2)
  a +0 whip
(22, 8, D:2)
  a +0 short sword
(22, 12, D:2)
  a +0 hand axe
(28, 10, D:2)
  26 stones
(28, 56, D:2)
  a +0 dagger
(43, 8, D:2)
  a +0 short sword
(49, 3, D:2)
  a +0 chain mail
(55, 36, D:2)
  a +0 dagger
  a +0 robe

Level 3 of the Dungeon
(0, 0, D:3)
  a +0 leather armour
(5, 7, D:3)
  a +0 club
  a +0 trident
(10, 21, D:3)
  a +0 dagger
(10, 38, D:3)
  a poisoned needle
(11, 41, D:3)
  28 stones
(12, 40, D:3)
  a +0 dagger
  a +0 blowgun
  10 poisoned needles
(16, 10, D:3)
  24 arrows
(22, 9, D:3)
  a +0 dagger
(23, 10, D:3)
  a +0 dagger
(24, 8, D:3)
  a +0 war axe
  a +0 falchion
  a +0 mace
  a cursed +0 scale mail
(30, 43, D:3)
  a +0 club
  11 stones
(32, 43, D:3)
  a stone
(33, 43, D:3)
  a stone
(34, 43, D:3)
  a stone
(35, 43, D:3)
  a stone
(37, 43, D:3)
  a stone
(44, 8, D:3)
  a +0 short sword
(44, 32, D:3)
  a +0 falchion
(44, 55, D:3)
  a +0 chain mail
(46, 40, D:3)
  a +0 hand axe

Level 4 of the Dungeon
(0, 0, D:4)
  a +0 trident
(0, 10, D:4)
  23 stones
(8, -12, D:4)
  a cursed +0 spear
(9, -12, D:4)
  a +0 shortbow
(25, 10, D:4)
  a cursed +0 leather armour
(28, -8, D:4)
  17 arrows
(30, 12, D:4)
  20 arrows
(32, -9, D:4)
  9 stones
(34, -6, D:4)
  23 stones
(35, 11, D:4)
  a +0 mace
  a +0 mace
  a +0 ring mail
  a cursed -2 hand axe
  a +0 flail
  a +0 dagger
  a +0 robe
(36, -11, D:4)
  a large rock
(40, -10, D:4)
  19 stones
(42, 34, D:4)
  19 bolts

Level 5 of the Dungeon
(0, 0, D:5)
  9 stones
(5, 1, D:5)
  a +0 leather armour
(6, -15, D:5)
  a +0 club
(11, 15, D:5)
  a +0 scale mail
  a +2 flail of holy wrath
  a +0 leather armour
(12, 4, D:5)
  a +0 scythe
  a +0 robe
(12, 7, D:5)
  the +2 robe of Ehull {rCorr Str-5 Int+3 Stlth+}
    It affects your strength (-5).
    It affects your intelligence (+3).
    It protects you from acid and corrosion.
    It makes you more stealthy.
(19, -34, D:5)
  a +0 dagger
  (unseen)
(19, -3, D:5)
  a +0 flail
  a +4 club
(21, 2, D:5)
  the cursed +3 hunting sling of Hacking and Slashing {freeze, Int+2}
    It causes projectiles fired from it to freeze those they strike, causing
    extra injury to most foes and up to half again as much damage against
    particularly susceptible opponents. They can also slow down cold-blooded
    creatures.
    
    It affects your intelligence (+2).
    It has a curse placed upon it.
(22, -15, D:5)
  a cursed +0 dagger
(22, -14, D:5)
  a +0 chain mail
(62, -34, D:5)
  18 poisoned needles
(64, -27, D:5)
  a cursed +0 leather armour
(66, 17, D:5)
  a book of Cantrips

Level 6 of the Dungeon
(0, 0, D:6)
  a +0 chain mail
(6, -36, D:6)
  a +0 long sword
(9, -37, D:6)
  a +1 hunting sling of flaming
(13, -21, D:6)
  a +0 mace
  a +0 ring mail
(15, -47, D:6)
  a +0 giant club
(25, -36, D:6)
  a +0 giant club
(33, -50, D:6)
  a +0 robe
  a +0 dagger
  a +0 robe
  a +0 dagger
(34, -11, D:6)
  a +0 cloak
(39, -36, D:6)
  a +0 club
(39, -11, D:6)
  18 arrows
(41, -52, D:6)
  a +0 dagger
  a +0 ring mail
(53, -36, D:6)
  a +0 whip of draining
(60, -22, D:6)
  20 stones
(63, -37, D:6)
  30 stones
(64, -52, D:6)
  19 arrows
(68, -2, D:6)
  a +0 war axe

Level 7 of the Dungeon
(0, 0, D:7)
  21 bolts
(4, -17, D:7)
  a stone
(4, -16, D:7)
  2 poisoned needles
(4, -11, D:7)
  a poisoned needle
  a +0 short sword
  6 stones
(4, -10, D:7)
  a +0 club
  a +0 club
  a +0 short sword
  a stone
(4, -9, D:7)
  a +0 blowgun
  14 poisoned needles
(6, -9, D:7)
  a +0 club
(11, -21, D:7)
  a +0 buckler
(12, 8, D:7)
  a sling bullet
(12, 9, D:7)
  a sling bullet
(15, -5, D:7)
  a +0 ring mail
  a +0 hunting sling
  16 sling bullets
  a +0 quarterstaff
(17, -8, D:7)
  a +0 robe
  a +4 hand axe of freezing
(19, -5, D:7)
  3 sling bullets
(19, 12, D:7)
  a +0 robe
(20, -5, D:7)
  5 sling bullets
(22, -15, D:7)
  a +0 shield
(29, 10, D:7)
  a +0 club
(30, 11, D:7)
  a +0 chain mail
(33, 15, D:7)
  a +0 robe
  a cursed +0 falchion
(37, -16, D:7)
  a +1 ring mail of cold resistance
(37, -14, D:7)
  9 poisoned needles
(39, -9, D:7)
  a +0 robe
(40, 3, D:7)
  a cursed +0 flail
(40, 11, D:7)
  a +0 dagger
  a +0 robe
(51, 11, D:7)
  26 stones
(51, 19, D:7)
  a +0 ring mail
(57, -23, D:7)
  a +0 falchion
(57, 9, D:7)
  21 stones

Level 8 of the Dungeon
(0, 0, D:8)
  a +0 war axe
(3, -12, D:8)
  a +0 trident
(4, -11, D:8)
  a +0 dagger
  a +0 robe
  a +0 mace
  a +0 leather armour
(4, -10, D:8)
  a +0 robe
  a +0 dagger
(5, 30, D:8)
  an arrow
(6, 27, D:8)
  a +0 ring mail
  a +0 falchion
  a +0 chain mail
  a +0 mace
(6, 30, D:8)
  a +0 short sword
(7, -12, D:8)
  15 stones
(7, 27, D:8)
  a +0 chain mail
  a +0 flail
(7, 28, D:8)
  a +0 short sword
  a +0 leather armour
  a +0 giant club
  a +0 flail
  a +0 mace
  a +0 giant club
  a +0 ring mail
  a +0 flail
  a +0 mace
  a +0 leather armour
  a +0 dagger
(7, 29, D:8)
  a +2 ring mail of magic resistance
  a +0 mace
  an arrow
(7, 30, D:8)
  a +0 shortbow
  32 arrows
(8, 37, D:8)
  a +0 club
(9, 37, D:8)
  a +0 leather armour
  a +0 ring mail
  a +0 dagger
(10, 37, D:8)
  a +0 chain mail
  a +0 war axe
  a +0 flail
  a +0 leather armour
  a +0 short sword
(12, 37, D:8)
  a +0 robe
  a +5 halberd
(13, -12, D:8)
  an arrow
(13, 15, D:8)
  a +0 hand axe
  a +0 plate armour
(14, 38, D:8)
  a +0 robe
  a +0 mace
(16, -10, D:8)
  19 arrows
  a +0 shortbow
(18, -16, D:8)
  a +1 spear of flaming
(23, 27, D:8)
  a +0 flail of holy wrath
(26, 28, D:8)
  28 stones
(36, -8, D:8)
  a cursed -2 giant club
(39, 1, D:8)
  a +0 giant club
(45, -9, D:8)
  2 arrows
(46, -10, D:8)
  an arrow
(46, -6, D:8)
  a +0 short sword
(48, -10, D:8)
  an arrow
  a +0 giant spiked club
(50, -10, D:8)
  10 arrows
  (unseen)
(51, -8, D:8)
  18 stones
(52, 29, D:8)
  a +0 pair of gloves
(65, -13, D:8)
  a cursed -3 giant club

Level 9 of the Dungeon
(0, 0, D:9)
  a +0 robe
  a +0 dagger
(1, 0, D:9)
  a +0 mace
(1, 37, D:9)
  a +0 short sword
(1, 39, D:9)
  a +0 chain mail
  a +0 long sword
(2, 3, D:9)
  a +0 scale mail
  a +0 mace
  a +0 robe
  a +0 dagger
  a +0 scale mail
  a +0 mace
  a +0 leather armour
(2, 37, D:9)
  a +1 robe of cold resistance
  a +2 dagger of venom
(4, 34, D:9)
  16 arrows
(5, 17, D:9)
  a +0 robe of fire resistance
  a +4 mace
  a +0 robe
  a +0 hand axe
  a +0 robe
  a cursed +0 dagger
  a +0 robe
  a +0 battleaxe
(6, 18, D:9)
  a +0 robe
  a +0 halberd
(7, -1, D:9)
  23 stones
(14, -1, D:9)
  28 stones
(14, 1, D:9)
  a +0 chain mail
(14, 5, D:9)
  a +0 shortbow
(20, -6, D:9)
  12 stones
(25, -6, D:9)
  a +0 shortbow
  20 arrows
(25, 27, D:9)
  a cursed +0 leather armour
(36, -8, D:9)
  a +0 robe
  a cursed +7 falchion
(37, -8, D:9)
  a +0 giant club
  a +0 robe of resistance
  a +1 short sword
  a +0 robe
  a +0 mace
  a +0 robe
  a cursed +4 long sword
  a +0 spear
  a +0 robe
(54, 3, D:9)
  a +0 giant spiked club
(57, -6, D:9)
  a +0 club

Level 10 of the Dungeon
(0, 0, D:10)
  a +0 dagger
  a +0 robe
(0, 3, D:10)
  a +0 dagger
  a +0 robe
(0, 10, D:10)
  26 stones
(3, 2, D:10)
  12 stones
(4, 7, D:10)
  a cursed -3 dagger
  a +0 robe
(7, -31, D:10)
  a +0 dagger
  a +0 robe
  a +0 dagger
  a +0 robe
(7, -30, D:10)
  a +0 short sword
  a +0 scale mail
(8, -31, D:10)
  a +4 dagger
  a +0 robe
(8, -12, D:10)
  a +0 robe
  a +0 dagger
(13, -1, D:10)
  a +0 robe
  a +0 dagger
(14, -39, D:10)
  a +0 morningstar
(14, 14, D:10)
  21 stones
(15, -44, D:10)
  a +0 hand axe
(15, 10, D:10)
  a +0 robe
  a +0 dagger
(17, -7, D:10)
  a +0 robe
  a +0 dagger
(18, 1, D:10)
  a +0 shortbow
  18 arrows
(18, 9, D:10)
  a +0 robe
  a +0 dagger
(19, 3, D:10)
  an arrow
(20, -18, D:10)
  a +2 flail of draining
  a +0 dagger
  a +0 robe
(20, 4, D:10)
  an arrow
(21, -19, D:10)
  a +0 robe
  a +0 dagger
(21, -15, D:10)
  16 stones
(21, 5, D:10)
  an arrow
(22, -11, D:10)
  a cursed +0 quarterstaff
(24, -9, D:10)
  a +0 dagger
  a +0 robe
  a +0 dagger
  a +0 robe
(25, -9, D:10)
  a +0 troll leather armour
(29, -19, D:10)
  a +0 robe
(31, -25, D:10)
  a +0 flail
(33, -3, D:10)
  a +0 leather armour
(35, 5, D:10)
  a +0 giant spiked club
  a cursed -2 giant club
(41, -37, D:10)
  a +0 robe
(42, -25, D:10)
  a +0 rapier
(48, -18, D:10)
  a +0 robe
  a +0 dagger
(54, -14, D:10)
  a +0 giant club
  a +0 giant spiked club
(55, -17, D:10)
  a +0 robe
  a +0 club
(56, -17, D:10)
  a +3 chain mail
  a +0 hand axe

Level 11 of the Dungeon
[Shop] Vucosuez's Antique Weapon Shop
  a +1 trident of venom (246 gold)
  a +1 dagger of draining (233 gold)
  a +0 mace (66 gold)
  a +2 dagger of venom (316 gold)
  a +0 scimitar (88 gold)
  a +0 quarterstaff (88 gold)
  the +8 rapier of Fate {freeze, rF+} (1346 gold)
    It has been specially enchanted to freeze those struck by it, causing extra
    injury to most foes and up to half again as much damage against particularly
    susceptible opponents. It can also slow down cold-blooded creatures.
    
    It protects you from fire.
  a +0 rapier (88 gold)
  a +2 arbalest of flaming (442 gold)
  the +5 hunting sling "Ure Ziqeto" {freeze, +Inv Str-3 Int+2 SInv} (963 gold)
    It causes projectiles fired from it to freeze those they strike, causing
    extra injury to most foes and up to half again as much damage against
    particularly susceptible opponents. They can also slow down cold-blooded
    creatures.
    
    It affects your strength (-3).
    It affects your intelligence (+2).
    It lets you see invisible.
    It lets you turn invisible.
(0, 0, D:11)
  20 stones
(5, 38, D:11)
  a +0 giant club
(6, 38, D:11)
  a +0 giant club
  a +0 giant club
(8, 3, D:11)
  a +0 dagger
  a +0 robe
  a +0 dagger
(10, 3, D:11)
  a +0 club
(11, 3, D:11)
  a +0 dagger
  a +0 robe
  a +0 war axe
  14 stones
(12, 40, D:11)
  a +0 chain mail
  a +0 war axe
(13, 36, D:11)
  a +0 rapier
(13, 38, D:11)
  a +0 mace
(13, 40, D:11)
  13 arrows
(15, 6, D:11)
  a cursed +0 helmet
(16, 37, D:11)
  26 stones
(17, 28, D:11)
  a +0 robe
  a +1 antimagic short sword
(18, 29, D:11)
  a +0 robe
  a +3 flail
(20, 27, D:11)
  a cursed +0 robe
  a +4 hand axe
(20, 28, D:11)
  a +0 robe
  a cursed +0 short sword
(21, 18, D:11)
  a +0 short sword
  a +0 cloak
(21, 29, D:11)
  a +0 robe
  a +4 scimitar
(21, 34, D:11)
  a cursed +0 chain mail
  a +0 glaive
(21, 35, D:11)
  a +0 chain mail
  a +0 trident
(21, 36, D:11)
  13 stones
(22, 3, D:11)
  a +0 hand axe
  a +0 leather armour
(23, 3, D:11)
  a +0 club
  a +0 hand axe
  a +0 plate armour
(24, 2, D:11)
  a +0 leather armour
(24, 3, D:11)
  a +0 dagger
  a +0 robe
(24, 12, D:11)
  a wand of iceblast (9/15)
(28, 32, D:11)
  a +0 robe
(29, 34, D:11)
  a +0 chain mail
  a +0 leather armour
  a +0 dire flail
  a +0 short sword
(30, 36, D:11)
  10 stones
(35, 13, D:11)
  23 stones
(36, 23, D:11)
  18 sling bullets
(37, 15, D:11)
  4 large rocks
(38, 20, D:11)
  a large rock
(50, 15, D:11)
  a cursed +0 robe
  a +2 vampiric dagger
(50, 16, D:11)
  a +0 plate armour
  a +0 glaive
(51, 15, D:11)
  a +0 ring mail
  4 poisoned tomahawks
(51, 21, D:11)
  an arrow
(52, 21, D:11)
  an arrow
(53, 21, D:11)
  an arrow
(54, 21, D:11)
  4 arrows
(54, 25, D:11)
  an arrow
(55, 21, D:11)
  a +0 shortbow
  a +0 shortbow of velocity
  24 arrows
  a +2 vampiric hand axe
(55, 24, D:11)
  an arrow
(56, 22, D:11)
  a +0 shortbow
  a +0 giant club
  a +0 robe
  a +0 shortbow
  36 arrows

Level 12 of the Dungeon
(0, 0, D:12)
  20 arrows
(2, 40, D:12)
  14 sling bullets
(2, 42, D:12)
  18 sling bullets
(2, 45, D:12)
  a +0 chain mail
(4, 5, D:12)
  a potion of brilliance
(4, 21, D:12)
  a +3 short sword
(4, 25, D:12)
  a cursed +0 leather armour
  a +1 hand axe of chopping
(4, 26, D:12)
  a +0 chain mail
  a +0 mace
(4, 28, D:12)
  a +0 club
  a +0 chain mail
(5, 25, D:12)
  a wand of lightning (6/15)
(7, 19, D:12)
  a +0 scale mail
  a +0 long sword
(7, 45, D:12)
  a +0 ring mail
(8, 5, D:12)
  2 meat rations
  a +0 shortbow
  13 arrows
(10, 5, D:12)
  2 arrows
(14, 15, D:12)
  a +0 hand axe
(15, 17, D:12)
  12 arrows
  (unseen)
(16, 15, D:12)
  19 arrows
  (unseen)
(16, 17, D:12)
  a +0 flail
(20, 13, D:12)
  a +0 plate armour
  a +0 trident
(25, 39, D:12)
  a +0 flail
  a +0 leather armour
  a +0 leather armour
  a +0 dagger
  a +0 robe
  a cursed -1 short sword
  a +0 troll leather armour
(25, 40, D:12)
  a +2 halberd of flaming
  a cursed +0 plate armour
(26, 28, D:12)
  22 bolts
(29, 20, D:12)
  a +0 whip
(30, 18, D:12)
  a +2 whip of distortion
(30, 19, D:12)
  a +0 scale mail
  a +0 spear
(30, 20, D:12)
  a +0 spear
(43, 25, D:12)
  a +0 plate armour
  a +0 great mace of protection
(44, 42, D:12)
  a meat ration
(50, 44, D:12)
  a +0 flail
(51, 15, D:12)
  4 fruits
(53, 22, D:12)
  a +0 mace
(54, 38, D:12)
  19 stones
(57, 15, D:12)
  a +0 short sword of flaming

Level 13 of the Dungeon
(0, 0, D:13)
  an arrow
(2, 1, D:13)
  4 arrows
(2, 2, D:13)
  a +0 shortbow
  8 arrows
(3, 0, D:13)
  2 arrows
(3, 2, D:13)
  a +0 shortbow
  21 arrows
(4, -2, D:13)
  3 arrows
(4, -1, D:13)
  29 arrows
(4, 3, D:13)
  an arrow
(5, 4, D:13)
  an arrow
(6, -4, D:13)
  2 arrows
(7, 2, D:13)
  21 stones
(7, 5, D:13)
  a +0 shortbow
  6 arrows
(11, -10, D:13)
  a +0 trident
(21, 8, D:13)
  a +0 long sword
(24, 7, D:13)
  23 stones
(24, 10, D:13)
  a +0 troll leather armour
(31, 11, D:13)
  a +1 mace of crushing
(36, -8, D:13)
  a +1 dagger of venom
  a +0 blowgun
  a curare-tipped needle
(38, -7, D:13)
  a curare-tipped needle
(39, -6, D:13)
  a curare-tipped needle
(41, -5, D:13)
  a curare-tipped needle
(44, -26, D:13)
  a wand of polymorph (14/24)
(45, 27, D:13)
  22 sling bullets
(57, -14, D:13)
  a +0 trident
(60, -22, D:13)
  29 stones
(60, 20, D:13)
  2 large rocks
(63, 23, D:13)
  a large rock
(64, 22, D:13)
  8 needles of paralysis
(65, 10, D:13)
  a large rock
(65, 25, D:13)
  a large rock

Level 14 of the Dungeon
(0, 0, D:14)
  a +0 long sword
  a +0 ring mail
(1, -20, D:14)
  a +0 troll leather armour
(7, 0, D:14)
  19 arrows
(13, -18, D:14)
  a cursed -2 giant spiked club
(16, -19, D:14)
  a +4 scimitar of flaming
(17, -18, D:14)
  a +0 shortbow
  7 arrows
(18, -31, D:14)
  the ring of Sunlight {rPois MR+ MP+9 Int-2 Dex+5}
    [ring of protection from magic]
    
    It affects your intelligence (-2).
    It affects your dexterity (+5).
    It protects you from poison.
    It affects your resistance to hostile enchantments.
    It affects your magic capacity (+9).
  a +0 leather armour
  20 arrows
  a +1 dire flail of holy wrath
  a +0 longbow
(18, -30, D:14)
  an arrow
  a +0 dagger
  a +0 robe
(19, -30, D:14)
  a +0 robe
  a +0 dagger
(19, -18, D:14)
  2 arrows
(21, -18, D:14)
  an arrow
(22, -38, D:14)
  a +0 longbow
  21 arrows
(22, -18, D:14)
  2 arrows
(23, -38, D:14)
  the ring "Qyleg" {rN+ MP-9 Str+4 Int+4}
    [ring of strength]
    
    It affects your strength (+4).
    It affects your intelligence (+4).
    It protects you from negative energy.
    It affects your magic capacity (-9).
  the +9 battleaxe of Pizut {drain, rF+}
    A truly terrible weapon, it drains the life of those it strikes.
    
    It protects you from fire.
    
    The Shining One disapproves of the use of such an item.
(23, -18, D:14)
  an arrow
(23, 11, D:14)
  a +0 leather armour
(24, -18, D:14)
  an arrow
(25, -41, D:14)
  a scroll of vulnerability
  a +1 ring of evasion
  53 tomahawks
  a +2 pair of gloves
  the +3 warlock's mirror {reflect}
(38, -50, D:14)
  27 sling bullets
(38, -46, D:14)
  a +0 chain mail
  a +0 battleaxe
(44, -16, D:14)
  an uncursed amulet of magic regeneration
(46, -29, D:14)
  7 stones
(54, -30, D:14)
  a cursed +0 flail
(57, -18, D:14)
  a +4 falchion
(59, -45, D:14)
  a +0 falchion
(64, -39, D:14)
  a +0 dire flail
  a +0 giant club

Level 15 of the Dungeon
(0, 0, D:15)
  a +0 giant spiked club
  a +0 giant club
(1, 0, D:15)
  a +1 pair of gloves of archery
(8, -13, D:15)
  a bolt
(8, -11, D:15)
  a +0 shortbow
  26 arrows
(9, -14, D:15)
  a +0 arbalest
  20 bolts
(10, -11, D:15)
  an arrow
(11, -16, D:15)
  a +2 battleaxe of freezing
(11, 1, D:15)
  a +0 long sword
(12, -11, D:15)
  2 arrows
(13, -15, D:15)
  a +0 rapier
(14, -16, D:15)
  a +1 scimitar of flaming
  a +0 battleaxe
  a +0 chain mail
(16, -13, D:15)
  a book of Cantrips
(17, -19, D:15)
  a +1 battleaxe of freezing
(18, -13, D:15)
  20 arrows
(19, -14, D:15)
  16 stones
(20, -3, D:15)
  a +0 leather armour
  a +0 great mace
(21, -6, D:15)
  a lightning rod (inert)
(21, -5, D:15)
  the +9 short sword of Naxtoaqu {drain, +Fly rPois MR+ Str+6}
    A truly terrible weapon, it drains the life of those it strikes.
    
    It affects your strength (+6).
    It protects you from poison.
    It affects your resistance to hostile enchantments.
    It lets you fly.
    
    The Shining One disapproves of the use of such an item.
(23, 2, D:15)
  an arrow
(24, -5, D:15)
  a large rock
(24, 3, D:15)
  2 arrows
(25, -17, D:15)
  a +1 rapier of venom
(25, -6, D:15)
  a +0 battleaxe of freezing
(25, 5, D:15)
  a +0 leather armour
  a +0 shortbow
  20 arrows
  a +1 dagger of electrocution
(26, -31, D:15)
  a +0 robe
  a +3 trident of freezing
(26, -7, D:15)
  a large rock
(27, -30, D:15)
  a +0 robe
  a cursed +2 dagger of distortion
(29, -32, D:15)
  a +0 robe
  a +4 mace
(29, -31, D:15)
  a +0 robe
  a +0 long sword
(29, -20, D:15)
  9 bolts
(29, -1, D:15)
  a +0 halberd
(29, 6, D:15)
  a +0 arbalest
  8 bolts
(30, 5, D:15)
  a +0 giant club
  a +0 giant club
(31, -3, D:15)
  a +0 dire flail
(32, -24, D:15)
  10 stones
(32, -11, D:15)
  a +2 battleaxe of freezing
(32, -3, D:15)
  18 stones
(32, 2, D:15)
  a +4 scimitar of flaming
  a bolt
(33, 3, D:15)
  2 bolts
(36, -23, D:15)
  a +0 scimitar of flaming
  a +1 robe of the Archmagi
(36, -22, D:15)
  2 arrows
(36, -21, D:15)
  12 arrows
  a +0 longbow
  a +2 battleaxe of chopping
(36, -20, D:15)
  3 arrows
(36, -18, D:15)
  a +0 chain mail
  6 tomahawks
  a +0 halberd
(36, -16, D:15)
  an arrow
(36, -15, D:15)
  a +0 robe
  a +2 dagger of venom
(36, -7, D:15)
  a +0 plate armour
  a +0 battleaxe
(37, -29, D:15)
  12 poisoned needles
(37, -21, D:15)
  28 bolts
  a +0 arbalest
  a +0 short sword
  2 arrows
  an uncursed ring of stealth
  the ring "Emityen" {*Corrode rC+ Int+3 Stlth-}
    [ring of loudness]
    
    It affects your intelligence (+3).
    It protects you from cold.
    It may corrode you when you take damage.
    It makes you less stealthy.
(38, -21, D:15)
  a +0 troll leather armour
  an arrow
(38, -20, D:15)
  5 arrows
(38, -15, D:15)
  a +0 leather armour
  a +3 shortbow
  13 arrows
  a +0 short sword
(38, -13, D:15)
  a lightning rod (inert)
(38, -7, D:15)
  a +0 long sword
  a +0 robe
(39, -22, D:15)
  a +2 short sword of venom
(39, -13, D:15)
  11 stones
(39, -2, D:15)
  a +0 shortbow
  20 arrows
(40, -14, D:15)
  28 stones
(40, -13, D:15)
  13 stones
(40, -3, D:15)
  an arrow
(40, 11, D:15)
  an arrow
(41, -32, D:15)
  a +0 chain mail
(41, -2, D:15)
  an arrow
(41, 9, D:15)
  a +0 shortbow
  8 arrows
(41, 10, D:15)
  6 arrows
(42, -32, D:15)
  a book of the Sky
(42, -27, D:15)
  a +2 scale mail of poison resistance
(42, 11, D:15)
  a +2 war axe of chopping
  a +0 robe
  a +0 broad axe
  a +2 leather armour of fire resistance
  a +0 war axe
  a +0 robe
(44, -32, D:15)
  a phial of floods (inert)
(47, -21, D:15)
  18 stones
(48, -30, D:15)
  a book of Clouds
(48, -28, D:15)
  a +0 trident
(48, -27, D:15)
  20 stones

the Ecumenical Temple

Level 1 of the Orcish Mines
(3, -1, Orc:1)
  a +0 dagger
  a +0 robe
(6, 0, Orc:1)
  Sif Muna's Handbook of Combat Magic
    Spells                             Type                      Level
     a - Shock                        Conjuration/Air               1
(10, -15, Orc:1)
  a +0 plate armour of fire resistance
  a +5 plate armour of ponderousness
(12, -4, Orc:1)
  a +0 chain mail
  a +3 falchion
(13, -5, Orc:1)
  a +0 trident
(13, -4, Orc:1)
  a +0 plate armour
  a +0 long sword
(20, -21, Orc:1)
  a +0 chain mail
  a +0 dagger
(21, -22, Orc:1)
  a +0 robe
  a +0 dagger
  a cursed +0 plate armour
  a +0 hand axe
(43, -6, Orc:1)
  a +0 flail
(43, -5, Orc:1)
  a +0 trident
(44, -7, Orc:1)
  a +0 short sword
  a +0 plate armour
  a +0 dagger
  a +0 leather armour
(58, -3, Orc:1)
  a +0 dagger
  a +2 robe of the Archmagi

Level 2 of the Orcish Mines
[Shop] Voisyubb's Distillery
  a potion of ambrosia (120 gold)
  2 potions of curing (90 gold)
  a potion of lignification (45 gold)
  a potion of flight (45 gold)
  a potion of curing (45 gold)
  a potion of might (60 gold)
  a potion of might (60 gold)
  a potion of curing (45 gold)
  a potion of might (60 gold)
[Shop] Foott's Weapon Emporium
  a +0 shortbow (42 gold)
  a +0 long sword (49 gold)
  a +0 trident (49 gold)
  a +1 glaive of pain (324 gold)
  a +0 morningstar (56 gold)
  a +2 mace of protection (218 gold)
  a +3 spear (280 gold)
  a +0 quarterstaff (56 gold)
  the +3 hand crossbow of Honesty {penet, +Inv} (527 gold)
    Ammo fired by it will pass through the targets it hits, potentially hitting
    all targets in its path until it reaches maximum range.
    
    It lets you turn invisible.
  17 stones (23 gold)
[Shop] Laoffuaq's Antique Weapon Emporium
  a +0 short sword (84 gold)
  a +0 glaive (182 gold)
  a +0 mace (84 gold)
  a +1 broad axe of distortion (476 gold)
  a +2 rapier of venom (470 gold)
  a +2 flail of crushing (481 gold)
  a +0 hunting sling (42 gold)
  the cursed +1 short sword of the Grey Skies {freeze, -Tele Str+7 Dex+3} (834 gold)
    It has been specially enchanted to freeze those struck by it, causing extra
    injury to most foes and up to half again as much damage against particularly
    susceptible opponents. It can also slow down cold-blooded creatures.
    
    It affects your strength (+7).
    It affects your dexterity (+3).
    It prevents most forms of teleportation.
    It has a curse placed upon it.
  a +3 lajatang of pain (1526 gold)
  a +1 scythe of venom (296 gold)
  a +0 battleaxe (182 gold)
[Shop] Zoema's Antique Armour Shoppe
  a +0 plate armour (621 gold)
  the +2 leather armour of Compression {+Blink MR+ Slay-2} (626 gold)
    It affects your accuracy and damage with ranged weapons and melee attacks
    (-2).
    It affects your resistance to hostile enchantments.
    It lets you blink.
  a +0 scale mail (108 gold)
  a +0 scale mail (108 gold)
  a +0 ring mail (108 gold)
  the cursed +0 leather armour "Iveupit" {MR+ Str+4} (540 gold)
    It affects your strength (+4).
    It affects your resistance to hostile enchantments.
    It has a curse placed upon it.
  a +0 leather armour (54 gold)
  a +0 ring mail (108 gold)
  a +0 leather armour of cold resistance (243 gold)
  a +0 chain mail (121 gold)
  a +0 scale mail (108 gold)
  a +2 plate armour of cold resistance (1080 gold)
  a +0 scale mail (108 gold)
  a +1 ring mail of poison resistance (351 gold)
  a +0 robe (18 gold)
(0, 0, Orc:2)
  a +0 long sword
  a +2 plate armour of cold resistance
(1, -1, Orc:2)
  a +0 dagger
  a +0 robe
  a +0 falchion
(6, -8, Orc:2)
  a +0 war axe
  a +0 chain mail
(6, -1, Orc:2)
  a +0 hand axe
(6, 1, Orc:2)
  a +0 flail
  a +0 ring mail
  a +1 dire flail
  a +0 plate armour
(6, 2, Orc:2)
  a +0 glaive
  a +0 chain mail
(7, -8, Orc:2)
  a +0 short sword
  a +0 ring mail
(7, -7, Orc:2)
  a +0 scale mail
  a +0 hand axe
(7, 0, Orc:2)
  a +0 short sword
  a +0 chain mail
(7, 1, Orc:2)
  a +0 long sword
  a +0 chain mail
  a +0 dagger
  a +0 chain mail
  a +0 club
  a +1 leather armour of fire resistance
(7, 3, Orc:2)
  a +0 trident
  a +0 plate armour
(8, -8, Orc:2)
  a +0 flail
(8, -6, Orc:2)
  a +0 falchion
(8, -5, Orc:2)
  a +0 flail
(8, 0, Orc:2)
  a +0 mace of protection
(9, -6, Orc:2)
  a +0 leather armour
(12, -2, Orc:2)
  a +0 trident
  a +0 plate armour
  a +0 dagger
  a +0 robe
  a +0 whip
(13, -2, Orc:2)
  a +0 flail
  a +0 dagger
  a +0 robe
(13, -1, Orc:2)
  a +0 scale mail
  a +1 vampiric long sword
  a +0 plate armour
(14, -3, Orc:2)
  a +3 hand axe
(14, -2, Orc:2)
  a +0 battleaxe
  a +0 short sword
  a +0 plate armour
(16, 6, Orc:2)
  a cursed +0 leather armour
  a +4 great mace of crushing
(17, -4, Orc:2)
  a +0 war axe
  a +0 scale mail
(17, 6, Orc:2)
  a +0 battleaxe
  a +0 great mace
  a +0 hand axe
  a +0 plate armour
  a +0 scimitar of electrocution
  a +0 chain mail
  a +0 hand axe
  a +0 falchion
  a +0 mace
(18, 6, Orc:2)
  a cursed -1 short sword
  a +0 mace
  a +0 flail
  a +0 whip
  a +0 plate armour
  a +2 vampiric short sword
  a +0 scale mail
  a +0 short sword
  a +0 plate armour
  a +0 mace
  a +0 leather armour
  a +0 club
  a cursed +0 chain mail
  a +0 war axe
  a +0 chain mail
  a +0 ring mail
  a +0 mace
  a cursed -3 club
  a +0 leather armour
  a cursed +0 falchion
  a +0 robe
  a +0 dagger
(19, -6, Orc:2)
  a +0 war axe
  a +0 chain mail
  a +0 leather armour
  a +0 flail
  a +0 chain mail
(19, -5, Orc:2)
  a +0 ring mail
  a +0 leather armour
  a +0 giant spiked club
  a cursed -1 hand axe
(19, -4, Orc:2)
  a +0 dagger
  a +0 robe
(19, 7, Orc:2)
  a +1 robe of cold resistance
  a +0 dagger
(20, -6, Orc:2)
  a +1 ring mail of cold resistance
(20, -5, Orc:2)
  a +0 dagger
(20, 7, Orc:2)
  a +0 scale mail
  a +0 trident
(21, 8, Orc:2)
  a +0 robe
  a +0 dagger
(22, 32, Orc:2)
  a +0 mace
(23, -5, Orc:2)
  a +0 chain mail
  a +0 trident
(23, 32, Orc:2)
  a +0 robe
  a +0 dagger
(23, 34, Orc:2)
  a +0 robe
  a +0 dagger
(26, -3, Orc:2)
  a +0 robe
  a +0 dagger of protection
(26, -2, Orc:2)
  a +0 plate armour
  a +0 war axe
(28, -5, Orc:2)
  a +0 robe
  a +1 dagger of venom
  a +0 flail
  a +0 chain mail
(28, -3, Orc:2)
  a +0 leather armour
  a +0 hand axe
(29, -6, Orc:2)
  a +0 robe
  a +0 dagger
(29, -5, Orc:2)
  a +0 chain mail
  a +0 trident
(29, -4, Orc:2)
  a +0 plate armour
  a +0 chain mail
  a +0 club
  a +0 trident
  a +0 mace
(29, -3, Orc:2)
  a +0 hand axe
(31, 3, Orc:2)
  a +0 whip
(32, 19, Orc:2)
  a +0 trident
  a +0 plate armour
  a +0 war axe
(32, 20, Orc:2)
  a +0 whip
  a +0 chain mail
(33, 19, Orc:2)
  a +0 dagger
  a +0 robe
  a +0 club
(34, 18, Orc:2)
  a +0 whip
  a +0 chain mail
(36, 17, Orc:2)
  a +0 flail
  a +0 ring mail
(36, 18, Orc:2)
  a +0 hand axe
  a +0 leather armour
(39, -1, Orc:2)
  a +0 war axe
  a +0 chain mail
  a +0 dagger
  a +0 robe
  a +0 flail
  a +0 hand axe
  a +0 leather armour
  a +0 flail
(42, -7, Orc:2)
  a +0 giant club
(44, -15, Orc:2)
  a +2 war axe of draining
  a +0 short sword
(44, -14, Orc:2)
  a +0 hand axe
  a +0 club

Level 1 of the Elven Halls
[Shop] Ukhloakh's Jewellery Shoppe
  a +2 ring of strength (135 gold)
  an uncursed ring of ice (450 gold)
  an uncursed ring of positive energy (360 gold)
  an uncursed amulet of faith (720 gold)
  an uncursed ring of magical power (360 gold)
  an uncursed ring of magical power (360 gold)
  an uncursed ring of protection from fire (450 gold)
  a +2 ring of strength (135 gold)
  a cursed ring of loudness (81 gold)
  an uncursed amulet of rage (720 gold)
[Shop] Wewniely's Antique Weapon Emporium
  the +10 hand axe "Xapach" {chop, *Corrode +Rage rElec} (1726 gold)
    It inflicts extra damage upon your enemies.
    
    It insulates you from electricity.
    It lets you go berserk.
    It may corrode you when you take damage.
  a +0 dagger (52 gold)
  a +0 quarterstaff (104 gold)
  a +4 shortbow of flaming (712 gold)
  a +0 hunting sling (39 gold)
  a +3 triple crossbow (702 gold)
  a +0 halberd (104 gold)
  a +0 morningstar (104 gold)
  a +0 trident of venom (161 gold)
  a cursed +0 club (2 gold)
  a +1 dagger of freezing (275 gold)
  the +2 shortbow of Causality {flame, rElec rN+} (873 gold)
    It causes projectiles fired from it to burn those they strike, causing extra
    injury to most foes and up to half again as much damage against particularly
    susceptible opponents.
    
    It insulates you from electricity.
    It protects you from negative energy.
  a +3 hand crossbow of velocity (577 gold)
[Shop] Rufyol's Book Shoppe
  a book of Summonings (1260 gold)
  a book of Transfigurations (990 gold)
  a book of Frost (630 gold)
  a book of Dreams (1350 gold)
  a book of Misfortune (360 gold)
  the Papyrus of the Birds (1101 gold)
    Spells                             Type                      Level
     a - Shock                        Conjuration/Air               1
     b - Poisonous Vapours            Poison/Air                    2
     c - Silence                      Hexes/Air                     5
     d - Deflect Missiles             Charms/Air                    6
  Udwod's Almanac of Destructive Stones (1206 gold)
    Spells                             Type                      Level
     a - Throw Frost                  Conjuration/Ice               2
     b - Passwall                     Transmutation/Earth           2
     c - Force Lance                  Conjuration/Translocation     4
     d - Bolt of Draining             Conjuration/Necromancy        5
     e - Statue Form                  Transmutation/Earth           6
  a book of the Sky (1170 gold)
[Shop] Exzupev's Antique Weapon Shoppe
  a +0 spear (108 gold)
  a +0 morningstar (144 gold)
  a cursed -1 battleaxe (3 gold)
  a +1 hand crossbow of freezing (478 gold)
  a +0 hand crossbow (126 gold)
  a +0 short sword (108 gold)
  a +0 quarterstaff (144 gold)
  a +0 giant spiked club (68 gold)
  a +0 battleaxe (234 gold)
  a +4 arbalest of freezing (1083 gold)
(0, 0, Elf:1)
  a cursed +0 halberd
(0, 1, Elf:1)
  a +0 trident
(5, 10, Elf:1)
  the +5 long sword "Xaraef" {flame, rPois rF+ Dex+2}
    It has been specially enchanted to burn those struck by it, causing extra
    injury to most foes and up to half again as much damage against particularly
    susceptible opponents. Big, fiery blades are also staple armaments of
    hydra-hunters.
    
    It affects your dexterity (+2).
    It protects you from fire.
    It protects you from poison.
(18, 7, Elf:1)
  a potion of degeneration
(20, 8, Elf:1)
  12 stones
(24, -10, Elf:1)
  a +0 long sword of freezing
(25, -18, Elf:1)
  a +2 long sword of holy wrath
  (unseen)
(25, -4, Elf:1)
  a +2 dire flail of pain
(26, -19, Elf:1)
  5 needles of sleeping
(26, 40, Elf:1)
  a +0 chain mail
(29, -3, Elf:1)
  an arrow
(29, 36, Elf:1)
  an arrow
(30, -4, Elf:1)
  a +0 dagger
(30, -3, Elf:1)
  a +0 chain mail of magic resistance
  6 arrows
  a +0 scimitar
  a +0 shortbow
(30, 35, Elf:1)
  2 arrows
(33, -5, Elf:1)
  an arrow
(34, -5, Elf:1)
  an arrow
(34, 35, Elf:1)
  an uncursed ring of magical power
  a +0 dagger
  a +0 shortbow
  28 arrows
  a cursed -1 leather armour
(35, -5, Elf:1)
  an arrow
(36, -3, Elf:1)
  a +0 leather armour
  a +0 long sword
(37, -6, Elf:1)
  an arrow
(38, 12, Elf:1)
  a cursed -3 long sword
(43, 3, Elf:1)
  7 stones
(44, 10, Elf:1)
  3 large rocks
(48, 5, Elf:1)
  a +0 dagger
(52, 3, Elf:1)
  14 stones
(54, 5, Elf:1)
  a +0 chain mail
(61, -7, Elf:1)
  a wand of random effects (31/48)
(61, 13, Elf:1)
  a +2 scimitar of slicing
(62, -2, Elf:1)
  a +0 long sword
  a +0 ring mail
(62, -1, Elf:1)
  a +0 dagger
  a +0 shortbow
  17 arrows
  a +0 leather armour
(62, 0, Elf:1)
  a +0 dagger
  a +0 shortbow
  26 arrows
  a +0 leather armour
(62, 1, Elf:1)
  an arrow
(63, -4, Elf:1)
  20 poisoned needles
(63, -3, Elf:1)
  a cursed -2 long sword
(63, -1, Elf:1)
  a +2 rapier of protection
(63, 1, Elf:1)
  a +0 long sword
  a +0 ring mail
  a cursed +0 buckler
  a +0 long sword
(63, 2, Elf:1)
  a +0 rapier
(63, 3, Elf:1)
  an arrow
(63, 4, Elf:1)
  a +2 short sword of holy wrath
(66, 3, Elf:1)
  12 poisoned needles

Level 2 of the Elven Halls
(0, 0, Elf:2)
  a cursed +0 long sword
  a cursed +0 chain mail
(0, 4, Elf:2)
  a +0 dagger
  a +0 longbow
  20 arrows
  a +0 leather armour
(2, 16, Elf:2)
  a +2 short sword of freezing
(5, -7, Elf:2)
  a +0 scale mail
(9, 9, Elf:2)
  a +5 halberd of freezing
(24, 13, Elf:2)
  a +0 short sword
(29, 17, Elf:2)
  a scroll of enchant weapon
(32, 21, Elf:2)
  13 bolts
(35, 21, Elf:2)
  a +0 falchion
  (unseen)
(35, 22, Elf:2)
  a +0 dagger (still there?)
  a +0 club (still there?)
  a +0 short sword (still there?)
  a +0 ring mail (still there?)
  a +2 battleaxe of pain (still there?)
(36, 18, Elf:2)
  a +0 whip
(36, 21, Elf:2)
  an arrow
  a +0 dagger
(36, 22, Elf:2)
  a +0 dagger
  a +2 robe of cold resistance
  a +0 short sword
  a +0 plate armour
  a cursed +0 shield
  a +0 long sword
(36, 23, Elf:2)
  a +4 plate armour
  a tomahawk
  10 arrows
  a Young Poisoner's Handbook
(38, 10, Elf:2)
  a +0 dagger
  a +0 chain mail
(39, 17, Elf:2)
  a +0 chain mail
(41, 17, Elf:2)
  a cursed +0 mace
  a +0 short sword
  a +0 shortbow
  12 arrows
  a +0 leather armour
  a +2 long sword of holy wrath
(42, 17, Elf:2)
  a +0 scimitar
(44, 15, Elf:2)
  a +1 glaive of venom
  4 tomahawks
  a +1 chain mail of magic resistance
(48, 1, Elf:2)
  a tomahawk
  a +0 long sword
(49, -2, Elf:2)
  an arrow
(49, -1, Elf:2)
  a cursed -3 long sword
(49, 0, Elf:2)
  a +0 leather armour
  a +0 long sword
  a +0 leather armour
  a +0 dagger
  a +0 chain mail
  a +0 hand axe
  a +0 chain mail
  a +0 scimitar
(49, 1, Elf:2)
  19 arrows
  a +3 long sword
  a +0 shortbow
(52, -2, Elf:2)
  a +0 plate armour
  a +0 trident
(66, -4, Elf:2)
  a +0 leather armour
  (unseen)
(66, -3, Elf:2)
  a +0 short sword (still there?)
  5 curare-tipped needles (still there?)
(66, -2, Elf:2)
  a +1 short sword of holy wrath
  a +0 robe
  a +0 quarterstaff of crushing
(67, -4, Elf:2)
  a +0 long sword
  a +0 scale mail
  a +0 short sword
  a +0 ring mail
  a +0 short sword
  a +0 giant spiked club
  a +0 long sword
  a +0 chain mail
  a +0 dagger
  a +0 dagger
  a +0 short sword
(67, -3, Elf:2)
  a +0 long sword
  4 arrows
(67, -2, Elf:2)
  a +0 short sword
  a +0 leather armour
  a +0 rapier
  a +0 rapier
(68, -4, Elf:2)
  a +0 long sword
  (unseen)
(68, -3, Elf:2)
  a +2 rapier of speed
  (unseen)
(68, -2, Elf:2)
  a +0 ring mail (still there?)
  a +0 long sword (still there?)
(69, -1, Elf:2)
  4 arrows

Level 3 of the Elven Halls
[Shop] Vol Waf's Jewellery Emporium
  an uncursed ring of ice (375 gold)
  an uncursed ring of protection from magic (375 gold)
  a +5 ring of evasion (825 gold)
  an uncursed ring of protection from fire (375 gold)
  an uncursed ring of ice (375 gold)
  an uncursed ring of stealth (262 gold)
  an uncursed amulet of rage (600 gold)
  an uncursed ring of protection from fire (375 gold)
  an uncursed ring of ice (375 gold)
(0, 0, Elf:3)
  a cursed +0 long sword
  a +0 leather armour
(1, 4, Elf:3)
  a +2 dire flail of crushing
(6, 12, Elf:3)
  a +4 dire flail of holy wrath
(8, 25, Elf:3)
  a +4 glaive of protection
(12, 28, Elf:3)
  a +0 dagger
(13, 34, Elf:3)
  a cursed -2 long sword
  a +0 shortbow
  19 arrows
  a +0 leather armour
(14, 7, Elf:3)
  an arrow
(15, 5, Elf:3)
  an arrow
(16, 7, Elf:3)
  an arrow
(16, 14, Elf:3)
  a potion of degeneration
(17, 7, Elf:3)
  an arrow
(18, 6, Elf:3)
  an arrow
(20, 5, Elf:3)
  3 arrows
(21, 5, Elf:3)
  an arrow
(24, 12, Elf:3)
  a +0 dagger
  a +0 longbow
  9 arrows
  a +1 leather armour of fire resistance
(25, 5, Elf:3)
  an arrow
(26, 5, Elf:3)
  an arrow
(26, 12, Elf:3)
  a +0 long sword
  a +0 ring mail
(27, 5, Elf:3)
  an arrow
(27, 12, Elf:3)
  2 arrows
(28, 6, Elf:3)
  16 arrows
(28, 12, Elf:3)
  an arrow
(29, 12, Elf:3)
  an arrow
(29, 24, Elf:3)
  a +1 long sword of protection
  a +0 ring mail
  9 stones
(30, 24, Elf:3)
  a wand of lightning (0/15)
  a +0 war axe
(30, 46, Elf:3)
  a +0 trident
(31, 12, Elf:3)
  2 arrows
(31, 23, Elf:3)
  a +0 dagger
  a +0 scimitar
(31, 24, Elf:3)
  a +0 rapier
  a wand of lightning (11/15)
(32, 3, Elf:3)
  a +0 dagger
  a +0 shortbow
  a +0 leather armour
(32, 43, Elf:3)
  an uncursed ring of flight
  a wand of random effects (33/48)
(34, 2, Elf:3)
  a +0 short sword
  a cursed +0 leather armour
(34, 3, Elf:3)
  a +1 mace of holy wrath
(34, 25, Elf:3)
  a +0 quarterstaff
(34, 30, Elf:3)
  12 stones
(34, 41, Elf:3)
  a +2 long sword of slicing
(36, 20, Elf:3)
  a +0 battleaxe
(36, 22, Elf:3)
  22 arrows
(38, 10, Elf:3)
  8 needles of confusion
(38, 29, Elf:3)
  18 arrows
(39, 2, Elf:3)
  2 fruits
(43, 49, Elf:3)
  a +0 ring mail
(44, 49, Elf:3)
  a book of Summonings
(45, 38, Elf:3)
  Sif Muna's Guide on Feathers and Clay
    Spells                             Type                      Level
     a - Airstrike                    Air                           4
     b - Summon Lightning Spire       Summoning/Air                 4
     c - Bolt of Magma                Conjuration/Fire/Earth        5
     d - Statue Form                  Transmutation/Earth           6
(45, 48, Elf:3)
  an uncursed staff of summoning
(46, 38, Elf:3)
  an uncursed staff of earth
(46, 44, Elf:3)
  a +0 rapier
  the +4 troll leather armour of Wasted Space {rN+ Regen+}
    It protects you from negative energy.
    It increases your rate of regeneration.
  an uncursed amulet of the gourmand
  a potion of brilliance
(46, 49, Elf:3)
  a +0 scale mail
(47, 38, Elf:3)
  a +0 ring mail
(47, 39, Elf:3)
  a crystal ball of energy
(47, 51, Elf:3)
  4 needles of sleeping
(48, 45, Elf:3)
  a +0 long sword
  a +0 robe
  a potion of degeneration
(48, 50, Elf:3)
  a +1 shortbow of flaming
(48, 51, Elf:3)
  an uncursed amulet of harm
(49, 37, Elf:3)
  an uncursed staff of summoning
(49, 38, Elf:3)
  a scroll of magic mapping
(49, 51, Elf:3)
  28 stones
(49, 52, Elf:3)
  the Guide on the Arsonist
    Spells                             Type                      Level
     a - Flame Tongue                 Conjuration/Fire              1
     b - Inner Flame                  Hexes/Fire                    3
     c - Bolt of Magma                Conjuration/Fire/Earth        5
     d - Ring of Flames               Charms/Fire                   7
(50, 36, Elf:3)
  a +0 ring mail
(50, 52, Elf:3)
  a book of Changes
(51, 37, Elf:3)
  a Necronomicon
(51, 51, Elf:3)
  2 scrolls of noise
(52, 52, Elf:3)
  a +0 chain mail
(52, 53, Elf:3)
  a +3 glaive of freezing
(53, 21, Elf:3)
  a +0 battleaxe
(55, 38, Elf:3)
  a +0 morningstar of pain
  a +0 leather armour
(55, 51, Elf:3)
  a +0 dagger
(56, 30, Elf:3)
  the +1 robe "Bedufyn Etre" {rN+ Int+3 Dex+2}
    It affects your intelligence (+3).
    It affects your dexterity (+2).
    It protects you from negative energy.
(56, 32, Elf:3)
  a +1 longbow of flaming
  52 arrows
  a cursed +0 leather armour
(57, 30, Elf:3)
  a +0 ring mail
  a +0 short sword
(57, 31, Elf:3)
  an arrow
  a cursed -3 long sword
(58, 26, Elf:3)
  a +0 rapier
(58, 30, Elf:3)
  a +0 dire flail
  13 stones
  a +0 chain mail
  a +0 short sword
  a +0 troll leather armour
  a +3 scale mail of cold resistance
(58, 52, Elf:3)
  a +0 rapier
(58, 53, Elf:3)
  a lightning rod (inert)
(59, 29, Elf:3)
  6 arrows
(59, 37, Elf:3)
  an uncursed staff of power
(59, 51, Elf:3)
  a +1 hand crossbow of flaming
(60, 28, Elf:3)
  4 tomahawks of dispersal
  a +0 plate armour
  a +0 glaive
  3 arrows
(60, 52, Elf:3)
  a +4 mace of crushing
(61, 27, Elf:3)
  7 arrows
(61, 42, Elf:3)
  a +2 rapier of draining
  a +0 leather armour
(61, 50, Elf:3)
  a +0 rapier
(61, 51, Elf:3)
  an uncursed staff of earth
(61, 52, Elf:3)
  a +0 spear
(63, 37, Elf:3)
  the ring "Bulewe" {Str-5 Int+6 Dex+4 SInv}
    [ring of dexterity]
    
    It affects your strength (-5).
    It affects your intelligence (+6).
    It affects your dexterity (+4).
    It lets you see invisible.
(63, 49, Elf:3)
  19 arrows
(63, 50, Elf:3)
  a +0 flail of holy wrath
(63, 51, Elf:3)
  a book of Maledictions
(64, 49, Elf:3)
  an uncursed staff of earth
(64, 50, Elf:3)
  a wand of lightning (0/15)
(65, 38, Elf:3)
  the +5 battleaxe of Mastery {flame, *Rage rF+ Int+7}
    It has been specially enchanted to burn those struck by it, causing extra
    injury to most foes and up to half again as much damage against particularly
    susceptible opponents. Big, fiery blades are also staple armaments of
    hydra-hunters.
    
    It affects your intelligence (+7).
    It protects you from fire.
    It may make you go berserk in combat.
  a +4 great mace of distortion
(65, 39, Elf:3)
  a potion of degeneration
(65, 49, Elf:3)
  a wand of enslavement (15/24)
(66, 48, Elf:3)
  a +0 mace
(66, 49, Elf:3)
  the Grimoire of Doomed Snow
    Spells                             Type                      Level
     a - Ensorcelled Hibernation      Hexes/Ice                     2
     b - Regeneration                 Charms/Necromancy             3
     c - Cigotuvi's Embrace           Necromancy                    5
(67, 39, Elf:3)
  an uncursed staff of poison
(67, 48, Elf:3)
  a book of the Warp
(67, 49, Elf:3)
  a +0 halberd

Level 1 of the Lair of Beasts
(0, 0, Lair:1)
  a +0 quarterstaff
(12, 1, Lair:1)
  14 bolts
(23, 14, Lair:1)
  a cursed -2 scale mail
(31, 6, Lair:1)
  29 stones
(35, -33, Lair:1)
  a wand of iceblast (0/15)
  a wand of disintegration (0/24)
  a wand of enslavement (12/24)
  a wand of iceblast (0/15)
  a wand of disintegration (0/24)
  a wand of lightning (0/15)
  a wand of disintegration (0/24)
  a wand of lightning (0/15)
(35, -32, Lair:1)
  2 potions of mutation
  3 potions of brilliance
  a potion of degeneration
(35, -31, Lair:1)
  a sack of spiders
  a lightning rod (inert)
  a phial of floods (inert)
  a lamp of fire (inert)
(36, -33, Lair:1)
  9 scrolls of remove curse
  4 scrolls of amnesia
(36, -32, Lair:1)
  a scarf of repulsion
  a +2 cloak of poison resistance
  a +0 pair of gloves of strength
  a +2 cloak
  the +1 shield "Resuh" {rElec rF+}
    It protects you from fire.
    It insulates you from electricity.
  a +0 shield
(36, -31, Lair:1)
  3 meat rations
(37, -33, Lair:1)
  a +4 demon whip of electrocution
  a +2 broad axe of flaming
  a +1 war axe of chopping
  a +2 vampiric hand axe
  a +0 battleaxe
  a +0 war axe
  a +2 flail of holy wrath
(37, -32, Lair:1)
  a book of Conjurations
(37, -31, Lair:1)
  the amulet of Meih {*Slow +Inv rN+ MR+ Regen+}
    [amulet of regeneration]
    
    It protects you from negative energy.
    It affects your resistance to hostile enchantments.
    It lets you turn invisible.
    It increases your rate of regeneration.
    It may slow you when you take damage.
  an uncursed amulet of regeneration
  an uncursed amulet of guardian spirit
  an uncursed amulet of harm
  an uncursed amulet of rage
(38, -32, Lair:1)
  a manual of Shields
  a manual of Unarmed Combat
(38, -31, Lair:1)
  the ring "Seiwimel" {rElec rPois Int+2 SInv}
    [ring of see invisible]
    
    It affects your intelligence (+2).
    It insulates you from electricity.
    It protects you from poison.
    It lets you see invisible.
  an uncursed ring of positive energy
  an uncursed ring of see invisible
  an uncursed ring of poison resistance
  a +3 ring of evasion
  an uncursed ring of protection from fire
  a +4 ring of slaying
  an uncursed ring of protection from magic
(43, 23, Lair:1)
  a +0 falchion
(44, -9, Lair:1)
  a book of Cantrips
(46, 1, Lair:1)
  15 arrows
(55, 26, Lair:1)
  28 stones

Level 2 of the Lair of Beasts
(0, 0, Lair:2)
  a +0 short sword
(9, 3, Lair:2)
  a +0 whip
(24, 16, Lair:2)
  a +0 scale mail
(26, -4, Lair:2)
  6 curare-tipped needles
(27, 18, Lair:2)
  22 sling bullets
(28, -10, Lair:2)
  an uncursed staff of conjuration
(31, 15, Lair:2)
  16 arrows
(45, 21, Lair:2)
  a +0 hunting sling
(46, 10, Lair:2)
  4 large rocks
(50, 21, Lair:2)
  3 needles of sleeping
(51, 20, Lair:2)
  a +0 ring mail
  a +0 flail
(52, 26, Lair:2)
  26 arrows
(57, 8, Lair:2)
  a cursed +0 chain mail

Level 3 of the Lair of Beasts
(0, 0, Lair:3)
  a +2 ring mail of cold resistance
(10, -11, Lair:3)
  a +0 ring mail
(20, -7, Lair:3)
  22 arrows
(21, 18, Lair:3)
  a +0 leather armour
(29, -15, Lair:3)
  24 stones
(36, 23, Lair:3)
  a +0 scimitar
(47, 17, Lair:3)
  a +0 ring mail
(49, -11, Lair:3)
  a +0 chain mail
(49, -2, Lair:3)
  a +0 ring mail

Level 4 of the Lair of Beasts
(0, 0, Lair:4)
  a +0 leather armour
(1, -47, Lair:4)
  a +0 pair of gloves
(8, -11, Lair:4)
  a +0 hunting sling
(19, -43, Lair:4)
  a +0 chain mail
(25, -27, Lair:4)
  a +0 leather armour
(32, -35, Lair:4)
  5 needles of sleeping
(33, -41, Lair:4)
  a +0 morningstar

Level 5 of the Lair of Beasts
(0, 0, Lair:5)
  a +0 scale mail
(11, 4, Lair:5)
  2 potions of degeneration
(12, -37, Lair:5)
  an uncursed staff of cold
(22, 3, Lair:5)
  a +0 dagger
(24, -27, Lair:5)
  5 poisoned needles
(25, -10, Lair:5)
  a +2 buckler
(30, -19, Lair:5)
  29 stones
(46, -6, Lair:5)
  a +1 robe of magic resistance

Level 6 of the Lair of Beasts
(0, 0, Lair:6)
  12 stones
(1, 6, Lair:6)
  13 sling bullets
(4, 8, Lair:6)
  16 stones
(7, -17, Lair:6)
  a +0 leather armour
(8, -3, Lair:6)
  23 sling bullets
(9, 14, Lair:6)
  23 sling bullets
(23, 35, Lair:6)
  a +0 war axe
(25, 38, Lair:6)
  a +2 plate armour
(26, 36, Lair:6)
  a scroll of remove curse
(26, 38, Lair:6)
  a +0 scale mail
(26, 39, Lair:6)
  a +0 war axe
(30, 21, Lair:6)
  a +0 ring mail
(42, 42, Lair:6)
  17 poisoned needles
(45, 33, Lair:6)
  a +0 robe
(52, 8, Lair:6)
  a +0 halberd
(55, 17, Lair:6)
  15 sling bullets

Level 1 of the Shoals
(0, 0, Shoals:1)
  a +0 chain mail
(6, 2, Shoals:1)
  a +0 club
  (unseen)
(7, 0, Shoals:1)
  a +0 quarterstaff
  (unseen)
(8, 1, Shoals:1)
  2 stones
(8, 2, Shoals:1)
  2 stones
(8, 3, Shoals:1)
  a +0 spear
(9, 1, Shoals:1)
  a +0 spear
  (unseen)
(10, 3, Shoals:1)
  a stone
(13, -10, Shoals:1)
  a +0 trident
  (unseen)
(14, -11, Shoals:1)
  a +0 club
  a +0 hunting sling of velocity
  16 stones
(15, -11, Shoals:1)
  a +0 rapier
  (unseen)
(19, -30, Shoals:1)
  12 gold pieces
(21, 17, Shoals:1)
  a +0 plate armour
(22, -22, Shoals:1)
  a potion of heal wounds
(22, -7, Shoals:1)
  a phial of floods (inert)
(22, 15, Shoals:1)
  a +0 trident
(22, 17, Shoals:1)
  a +1 vampiric trident
(23, -6, Shoals:1)
  21 stones
(24, 9, Shoals:1)
  a +0 broad axe
(25, 17, Shoals:1)
  a +1 demon trident of electrocution
  a +0 robe
(26, -16, Shoals:1)
  a +0 great sword
(26, 18, Shoals:1)
  a +0 eveningstar
(28, 17, Shoals:1)
  a throwing net
(34, -10, Shoals:1)
  15 poisoned needles
(34, -5, Shoals:1)
  a +0 morningstar
(42, -19, Shoals:1)
  a book of Enchantments
(48, -13, Shoals:1)
  10 sling bullets
  a +0 hunting sling
  a +0 quarterstaff
(48, 3, Shoals:1)
  a +0 dagger
(49, -13, Shoals:1)
  a +1 quarterstaff of distortion
(50, -13, Shoals:1)
  a sling bullet
(50, -3, Shoals:1)
  a +0 spear
(52, -13, Shoals:1)
  a sling bullet
(53, 5, Shoals:1)
  4 large rocks
(54, 5, Shoals:1)
  a +0 trident
(55, -11, Shoals:1)
  a +1 plate armour of poison resistance
(55, -4, Shoals:1)
  16 stones
(55, 0, Shoals:1)
  a +0 whip
(58, -26, Shoals:1)
  22 stones

Level 2 of the Shoals
[Shop] Zudghib's Food Emporium
  a meat ration (50 gold)
  a meat ration (50 gold)
  2 fruits (30 gold)
  a royal jelly (20 gold)
  a fruit (15 gold)
  a meat ration (50 gold)
  a meat ration (50 gold)
  a meat ration (50 gold)
  a meat ration (50 gold)
  a meat ration (50 gold)
  a royal jelly (20 gold)
  a meat ration (50 gold)
  a meat ration (50 gold)
(0, 0, Shoals:2)
  a +0 ring mail
(1, 19, Shoals:2)
  a +0 trident
(3, -23, Shoals:2)
  a +0 spear
(4, 1, Shoals:2)
  a wand of random effects (36/48)
(6, 0, Shoals:2)
  22 arrows
(33, 20, Shoals:2)
  a cursed +0 shield
(35, -11, Shoals:2)
  a royal jelly
(42, -12, Shoals:2)
  a +0 ring mail
(44, -27, Shoals:2)
  a +0 ring mail
(45, -26, Shoals:2)
  a wand of confusion (32/48)

Level 3 of the Shoals
(0, 0, Shoals:3)
  24 stones
(0, 8, Shoals:3)
  a +0 trident
(1, 7, Shoals:3)
  a +0 robe
  (unseen)
(15, 20, Shoals:3)
  5 needles of sleeping
(16, -1, Shoals:3)
  a +0 broad axe
(18, 15, Shoals:3)
  an uncursed ring of see invisible
(22, -1, Shoals:3)
  a sling bullet
(22, 2, Shoals:3)
  a sling bullet
(23, 2, Shoals:3)
  a +0 leather armour (still there?)
  a +1 trident of protection (still there?)
  a +0 robe (still there?)
  a +2 trident of piercing (still there?)
(23, 3, Shoals:3)
  a sling bullet
(24, 2, Shoals:3)
  an arrow
  a stone
(24, 5, Shoals:3)
  a sling bullet
(24, 20, Shoals:3)
  6 large rocks (still there?)
  a +0 spear (still there?)
(24, 21, Shoals:3)
  a +0 spear
(25, 1, Shoals:3)
  a sling bullet (still there?)
  a +0 trident (still there?)
  2 stones (still there?)
(25, 2, Shoals:3)
  2 stones
(25, 22, Shoals:3)
  a +1 trident of protection
  a +0 leather armour
(26, 0, Shoals:3)
  an arrow
(26, 2, Shoals:3)
  a stone
(26, 4, Shoals:3)
  a +2 robe of magic resistance
  (unseen)
(26, 26, Shoals:3)
  a +0 spear
(27, -1, Shoals:3)
  a sling bullet
  3 stones
  an arrow
(27, 2, Shoals:3)
  a stone
(27, 14, Shoals:3)
  7 stones
(28, -4, Shoals:3)
  17 stones
  a +0 hunting sling
  a +0 quarterstaff
(28, -2, Shoals:3)
  10 arrows
  a +0 spear
  a +0 longbow
(28, -1, Shoals:3)
  a stone
(29, -4, Shoals:3)
  7 stones
  (unseen)
(29, -1, Shoals:3)
  14 sling bullets
  (unseen)
(30, 9, Shoals:3)
  a royal jelly
(32, 24, Shoals:3)
  a wand of lightning (10/15)
(34, -3, Shoals:3)
  a +2 quarterstaff of protection

Level 4 of the Shoals
[Shop] Gitiugh's Food Shop
  (Shop contents are unknown)
(0, 0, Shoals:4)
  a +0 vampiric spear
  a +0 chain mail
(1, 2, Shoals:4)
  a +0 trident
  (unseen)
(1, 6, Shoals:4)
  a tomahawk
(2, 2, Shoals:4)
  a tomahawk
(2, 11, Shoals:4)
  5 meat rations
(3, 3, Shoals:4)
  a tomahawk
  a javelin of penetration
(3, 18, Shoals:4)
  a +0 trident
(4, 3, Shoals:4)
  a tomahawk
(5, 0, Shoals:4)
  a +0 trident
  (unseen)
(5, 6, Shoals:4)
  a javelin of penetration
(5, 11, Shoals:4)
  a tomahawk
(6, 10, Shoals:4)
  a tomahawk
(6, 24, Shoals:4)
  a book of Conjurations
(7, 12, Shoals:4)
  a tomahawk
(8, 24, Shoals:4)
  a +0 spear
(8, 25, Shoals:4)
  a +2 spear of flaming
  9 steel javelins
  a +0 leather armour
(9, -1, Shoals:4)
  a +0 trident
(9, 3, Shoals:4)
  a cursed -3 spear
(9, 4, Shoals:4)
  a +0 halberd
(9, 5, Shoals:4)
  a +2 trident of freezing
  (unseen)
(9, 6, Shoals:4)
  a +0 trident
  (unseen)
(9, 9, Shoals:4)
  a tomahawk
(9, 24, Shoals:4)
  5 steel javelins
(10, 4, Shoals:4)
  a +0 trident
(10, 5, Shoals:4)
  3 javelins
  a +0 trident
  a +0 robe
(10, 10, Shoals:4)
  a +0 leather armour
(10, 21, Shoals:4)
  a +0 spear
  a wand of acid (9/15)
  an uncursed amulet of guardian spirit
(10, 23, Shoals:4)
  2 steel javelins
(11, 4, Shoals:4)
  a throwing net (still there?)
  a +0 halberd (still there?)
  a +0 spear (still there?)
  13 javelins (still there?)
  a +0 leather armour (still there?)
(11, 5, Shoals:4)
  a +0 trident
(12, 6, Shoals:4)
  18 arrows
(15, 4, Shoals:4)
  20 stones
(17, 18, Shoals:4)
  an uncursed amulet of rage
(17, 20, Shoals:4)
  a +0 trident
(18, 19, Shoals:4)
  a +0 spear
(20, 5, Shoals:4)
  a +4 spear of piercing
  (unseen)
(22, 7, Shoals:4)
  a +0 trident of protection
  a +0 robe
(24, 9, Shoals:4)
  a +0 spear
  (unseen)
(25, 7, Shoals:4)
  a +0 rapier
  (unseen)
(26, 13, Shoals:4)
  a +0 shortbow
(26, 23, Shoals:4)
  24 arrows
(28, 2, Shoals:4)
  12 sling bullets
(31, 14, Shoals:4)
  13 arrows
(36, 7, Shoals:4)
  5 tomahawks of dispersal
(36, 8, Shoals:4)
  a javelin
(37, 7, Shoals:4)
  a +0 trident
  (unseen)
(40, 1, Shoals:4)
  a +0 spear
(49, 4, Shoals:4)
  2 tomahawks of dispersal
  a +0 trident
(49, 5, Shoals:4)
  a wand of paralysis (11/24)
(49, 9, Shoals:4)
  a +0 spear
(51, 7, Shoals:4)
  a +0 spear
(51, 8, Shoals:4)
  a +0 long sword
  a +0 leather armour
  an arrow
(51, 19, Shoals:4)
  18 stones
(52, 7, Shoals:4)
  a +0 spear
  a +2 robe of cold resistance
  a -1 trident of freezing
(52, 8, Shoals:4)
  4 javelins
(52, 9, Shoals:4)
  a javelin
  a cursed -1 shortbow
  15 arrows
(53, 8, Shoals:4)
  a +0 leather armour
  (unseen)
(54, -1, Shoals:4)
  a +0 flail
(56, 15, Shoals:4)
  a book of Geomancy

Level 1 of the Spider Nest
(0, 0, Spider:1)
  2 throwing nets
(2, -36, Spider:1)
  4 fruits
(2, -25, Spider:1)
  18 sling bullets
(7, -34, Spider:1)
  a wand of flame (12/48)
(8, -8, Spider:1)
  17 sling bullets
(20, -25, Spider:1)
  16 sling bullets
(24, -4, Spider:1)
  15 poisoned needles

Level 2 of the Spider Nest
(0, 0, Spider:2)
  a +0 robe
(8, 5, Spider:2)
  a cursed -1 robe
(8, 13, Spider:2)
  a potion of degeneration
(13, 18, Spider:2)
  a +2 large shield
(17, 26, Spider:2)
  a +0 quarterstaff
(19, -4, Spider:2)
  a +3 ring mail
(24, 18, Spider:2)
  a +0 chain mail
(29, 13, Spider:2)
  a +0 club
(35, 9, Spider:2)
  a +0 war axe
(37, 9, Spider:2)
  a +0 dagger
(40, 16, Spider:2)
  an uncursed staff of wizardry

Level 3 of the Spider Nest
(0, 0, Spider:3)
  14 bolts
(1, -16, Spider:3)
  a +0 robe
(4, -37, Spider:3)
  a +0 ring mail
(13, -33, Spider:3)
  a cursed +0 robe
  a +1 lajatang of pain
(17, 13, Spider:3)
  a +0 giant club
(23, -40, Spider:3)
  18 stones
(25, -39, Spider:3)
  a book of Frost
(28, -25, Spider:3)
  a royal jelly
(29, 20, Spider:3)
  2 scrolls of random uselessness
(31, 16, Spider:3)
  a +5 spear
(32, -30, Spider:3)
  28 arrows
(32, 20, Spider:3)
  6 stones
(33, -24, Spider:3)
  a +0 quarterstaff

Level 4 of the Spider Nest
(0, 0, Spider:4)
  a +0 war axe
(7, 24, Spider:4)
  18 stones

Level 1 of the Vaults
(0, 0, Vaults:1)
  a +0 giant spiked club
  a +0 giant spiked club
  a +0 giant club
(1, 0, Vaults:1)
  a +0 giant club
  a +0 dire flail
  a cursed -3 giant spiked club
  a +0 giant club
(1, 1, Vaults:1)
  a +0 giant club
(2, -1, Vaults:1)
  a +0 spear
  a +0 robe
(7, 37, Vaults:1)
  2 large rocks
(9, 2, Vaults:1)
  a +0 scimitar
  a +0 chain mail
(10, 0, Vaults:1)
  a +0 hand axe of freezing
  3 tomahawks
  a +0 plate armour
(10, 1, Vaults:1)
  a +0 mace
  a +0 scale mail
(11, 2, Vaults:1)
  a +0 great mace
  a +0 chain mail
(11, 3, Vaults:1)
  a +0 leather armour of cold resistance
  a +0 bardiche
  a +0 chain mail
(12, 2, Vaults:1)
  a +0 dagger
  a +0 robe
  a +0 giant club
(12, 4, Vaults:1)
  a +2 battleaxe of chopping
  a +0 plate armour
(12, 5, Vaults:1)
  a +3 great sword
  a +0 chain mail
  a +0 war axe
  a +0 chain mail
(13, -26, Vaults:1)
  a tomahawk
(15, 8, Vaults:1)
  2 arrows
  3 bolts
(16, 5, Vaults:1)
  a +0 falchion
  a +0 scale mail
(16, 8, Vaults:1)
  an arrow
  a +2 dagger of speed
  a +0 robe
  4 bolts
(17, 8, Vaults:1)
  a +0 longbow
  15 arrows
  a cursed +0 arbalest
  a +0 long sword
  14 bolts
  a +0 ring mail
(18, 5, Vaults:1)
  a +0 shortbow
  a potion of mutation
  a +0 shortbow
  40 arrows
(18, 6, Vaults:1)
  an arrow
  a +0 arbalest
  18 bolts
(19, 5, Vaults:1)
  3 needles of paralysis
  a +0 giant spiked club
  a +0 giant club
  a +0 shortbow
  14 arrows
(20, 4, Vaults:1)
  a +0 giant club
  a +0 giant spiked club
  a +0 flail
  a +0 robe
  a +0 great mace
  a +0 leather armour
  a +0 giant club
  a +0 giant club
(25, -24, Vaults:1)
  a +6 long sword of holy wrath
  a +0 plate armour
(32, 4, Vaults:1)
  a bolt
(33, 17, Vaults:1)
  a +3 broad axe
  a +0 plate armour
(34, 17, Vaults:1)
  a +0 long sword
  a cursed -1 plate armour
  a +0 large shield
(34, 19, Vaults:1)
  a +0 dire flail
  a +0 ring mail
(35, 17, Vaults:1)
  a +0 flail
  a +0 ring mail
(35, 18, Vaults:1)
  a +0 shortbow
  21 arrows
(35, 19, Vaults:1)
  a cursed -1 dire flail
  a +0 plate armour
(38, 25, Vaults:1)
  a +0 flail
  a +0 ring mail
(38, 32, Vaults:1)
  2 large rocks
(38, 33, Vaults:1)
  22 bolts
  a +0 arbalest
(40, 34, Vaults:1)
  a bolt
  a large rock
(44, 19, Vaults:1)
  19 stones
(44, 26, Vaults:1)
  a +0 giant club
  a +0 giant club
(45, -6, Vaults:1)
  a +0 long sword
(45, 25, Vaults:1)
  a +0 dire flail
  a +0 giant spiked club
(46, -7, Vaults:1)
  a cursed -1 glaive
(46, -6, Vaults:1)
  a +0 dire flail
(46, 23, Vaults:1)
  a +0 giant club
(47, 1, Vaults:1)
  15 arrows
(47, 24, Vaults:1)
  a +0 giant spiked club (still there?)
  a +0 giant club (still there?)
(48, 23, Vaults:1)
  a +0 robe
  (unseen)
(48, 24, Vaults:1)
  a +0 giant club
  (unseen)
(50, 1, Vaults:1)
  a +0 long sword
  a +0 ring mail
(50, 18, Vaults:1)
  a cursed +0 chain mail
(51, 19, Vaults:1)
  a bolt
(51, 20, Vaults:1)
  a +0 plate armour
  a +1 glaive
(51, 21, Vaults:1)
  a bolt
(51, 22, Vaults:1)
  a bolt
(51, 24, Vaults:1)
  15 bolts
  a +0 arbalest
(52, 17, Vaults:1)
  a +0 troll leather armour
(52, 18, Vaults:1)
  a bolt
  a +1 great mace of draining
  a +0 plate armour
  2 large rocks
(52, 19, Vaults:1)
  2 bolts
(56, -24, Vaults:1)
  a +0 arbalest
(56, 13, Vaults:1)
  24 bolts
  a +0 arbalest
(58, 13, Vaults:1)
  a bolt
  a cursed +0 plate armour
  a +0 great sword
  a +0 plate armour
  a +0 war axe of venom
(58, 14, Vaults:1)
  a +0 ring mail
  a +0 great mace
(59, -13, Vaults:1)
  a bolt
(59, 18, Vaults:1)
  19 bolts
  a +0 scale mail
  a +0 arbalest
  a +2 great mace of protection
(60, -17, Vaults:1)
  a +0 rapier
(60, 18, Vaults:1)
  24 arrows
  a +0 shortbow
  14 bolts
  a +0 arbalest
  a +0 scale mail
  a +0 great mace
(60, 19, Vaults:1)
  a +0 giant club
  a +0 giant club
  a +0 giant spiked club
(60, 20, Vaults:1)
  2 bolts
(61, -12, Vaults:1)
  +0 ice dragon scales
  a +0 scimitar
(61, 18, Vaults:1)
  a +0 chain mail
  a +3 long sword
  a +1 long sword of slicing
  a +0 scale mail
(62, 14, Vaults:1)
  a bolt
(62, 15, Vaults:1)
  a bolt
(62, 17, Vaults:1)
  11 bolts
  a +0 arbalest
(63, -17, Vaults:1)
  a +0 arbalest
  14 bolts
(63, -14, Vaults:1)
  a bolt
(64, -15, Vaults:1)
  a +0 arbalest
  15 bolts
(65, -16, Vaults:1)
  a cursed -1 arbalest
  a +0 arbalest
  44 bolts
(65, 34, Vaults:1)
  an arrow
(65, 36, Vaults:1)
  a +0 longbow
  14 arrows
(66, 30, Vaults:1)
  an arrow
(66, 31, Vaults:1)
  an arrow
(66, 33, Vaults:1)
  an arrow
(67, 30, Vaults:1)
  an arrow
(69, -3, Vaults:1)
  an arrow
(69, 1, Vaults:1)
  a +0 short sword
(70, 2, Vaults:1)
  3 arrows
(71, -10, Vaults:1)
  a +0 dagger
(72, 7, Vaults:1)
  a +0 longbow
  a +0 short sword
  11 arrows
  a +0 leather armour
(72, 8, Vaults:1)
  a +0 chain mail
(74, 27, Vaults:1)
  a scroll of random uselessness

Level 2 of the Vaults
(0, 0, Vaults:2)
  2 bolts
(0, 1, Vaults:2)
  a bolt
(0, 2, Vaults:2)
  a bolt
(0, 6, Vaults:2)
  4 large rocks
(0, 7, Vaults:2)
  a +0 war axe
  a +0 arbalest
  a +0 chain mail
  a +0 hand axe
  a +0 arbalest
  41 bolts
(0, 8, Vaults:2)
  the +8 shortbow "Dotemap" {velocity, Int+2}
    Any arrow fired from it inflicts extra damage.
    
    It affects your intelligence (+2).
  a +0 whip
  a +0 mace
  a +0 scale mail
(0, 9, Vaults:2)
  a +0 arbalest
  24 bolts
  a +0 dagger
  a +0 scimitar
  a +0 chain mail
  a +0 great mace
  a cursed -1 scale mail
(0, 11, Vaults:2)
  a +0 long sword
(1, 9, Vaults:2)
  a +0 trident
  a +0 plate armour
(5, 5, Vaults:2)
  a +0 arbalest
  23 bolts
(5, 7, Vaults:2)
  a stone
(6, -29, Vaults:2)
  a +0 long sword
  a +0 shortbow
  23 arrows
(6, -1, Vaults:2)
  an uncursed staff of poison
(6, 4, Vaults:2)
  23 poisoned needles
(6, 6, Vaults:2)
  a stone
(6, 7, Vaults:2)
  a +0 arbalest
  17 bolts
(7, -23, Vaults:2)
  a +0 long sword of venom
  a +0 chain mail
  a +0 flail
  a +1 ring mail of cold resistance
(7, 5, Vaults:2)
  a +3 war axe
  14 stones
  a +1 chain mail of magic resistance
  a +0 large shield
  a +0 arbalest
  a +1 arbalest of velocity
  35 bolts
(8, -8, Vaults:2)
  a +0 hand axe
(11, 1, Vaults:2)
  14 arrows
(12, -6, Vaults:2)
  17 arrows
  a +0 shortbow
(12, -4, Vaults:2)
  a +0 giant spiked club
  a +0 giant club
(12, 6, Vaults:2)
  a +0 dagger of protection
  a +0 robe
  a +1 broad axe of chopping
  a +0 chain mail
(13, -4, Vaults:2)
  2 arrows
  2 large rocks
  a +0 giant spiked club
  a +0 giant spiked club
  a +0 dire flail
  a +0 giant club
  a +0 robe
  a +0 spear
  a +0 chain mail
  a +1 great sword
  a +0 plate armour
  a +3 dire flail
  a +0 hand axe
(14, -4, Vaults:2)
  a +0 giant club
  a +0 giant club
  a +0 giant club
  a +0 giant club
(14, 5, Vaults:2)
  a +1 chain mail of fire resistance
  (unseen)
(15, -2, Vaults:2)
  a +0 chain mail
  a +0 long sword
(15, -1, Vaults:2)
  an arrow
(19, 15, Vaults:2)
  a +1 cloak
  a +0 rapier of electrocution
  a +0 pair of gloves
  a potion of degeneration
(23, -15, Vaults:2)
  a +0 scimitar
(26, 1, Vaults:2)
  a +0 ring mail
  a +0 long sword
(32, 26, Vaults:2)
  a +0 helmet
(34, -16, Vaults:2)
  a +0 battleaxe
(34, -10, Vaults:2)
  22 stones
(34, 8, Vaults:2)
  a cursed +0 robe
  a +0 whip
(35, -21, Vaults:2)
  a +0 flail
(35, 9, Vaults:2)
  a large rock
(37, -23, Vaults:2)
  a +0 morningstar
  a +0 ring mail
(37, -5, Vaults:2)
  22 arrows
(38, -10, Vaults:2)
  28 stones
(39, -14, Vaults:2)
  a +0 dagger
  a +0 scale mail
(39, -13, Vaults:2)
  a +0 long sword
  a +0 ring mail
  a cursed +0 chain mail
(39, 14, Vaults:2)
  a +0 halberd
(40, 14, Vaults:2)
  a cursed -1 hand axe
(40, 16, Vaults:2)
  a +0 flail
(42, -17, Vaults:2)
  2 tomahawks
(42, -5, Vaults:2)
  an uncursed staff of fire
(42, 14, Vaults:2)
  a large rock
(42, 20, Vaults:2)
  a +0 scale mail
  11 bolts
  a +0 long sword
  a +3 arbalest
(43, 14, Vaults:2)
  2 large rocks
(43, 22, Vaults:2)
  a bolt
(44, -21, Vaults:2)
  a +0 giant spiked club
  a +2 great mace of draining
  a +0 plate armour
  a +0 dire flail
  a +0 great mace
  a bolt
(44, 17, Vaults:2)
  a bolt
(44, 22, Vaults:2)
  a tomahawk
(45, -21, Vaults:2)
  a +0 arbalest
  16 bolts
(45, 22, Vaults:2)
  a cursed -2 chain mail
  a +0 long sword
(46, -10, Vaults:2)
  a +0 dire flail
  a +0 ring mail
(46, -9, Vaults:2)
  a +0 long sword of freezing
  a +0 chain mail
(46, 22, Vaults:2)
  a tomahawk
  a +0 leather armour
  a +0 short sword
(47, -19, Vaults:2)
  a potion of magic
(47, 23, Vaults:2)
  a +0 chain mail
  a +1 war axe of flaming
(48, -19, Vaults:2)
  an uncursed staff of death
(48, -11, Vaults:2)
  21 arrows
(48, -8, Vaults:2)
  an uncursed amulet of guardian spirit
(49, 23, Vaults:2)
  a tomahawk
  a +2 broad axe of chopping
(53, -26, Vaults:2)
  a large rock
(54, -27, Vaults:2)
  2 large rocks
(54, 6, Vaults:2)
  a +0 falchion
(54, 15, Vaults:2)
  a +0 hunting sling
(54, 17, Vaults:2)
  15 stones
(55, -27, Vaults:2)
  +0 fire dragon scales
(62, -19, Vaults:2)
  an uncursed amulet of harm
(64, -27, Vaults:2)
  a +2 morningstar of draining
(64, -25, Vaults:2)
  a +0 dire flail
  a +0 great mace
(65, 26, Vaults:2)
  a +0 scale mail
  a +0 flail
(69, 24, Vaults:2)
  a +0 flail
(69, 25, Vaults:2)
  a +0 dire flail
  a +0 hand axe
  a +0 battleaxe
(69, 26, Vaults:2)
  a +0 battleaxe
(69, 27, Vaults:2)
  3 needles of confusion

Level 3 of the Vaults
(0, 0, Vaults:3)
  30 sling bullets
(1, -3, Vaults:3)
  a cursed +0 scale mail
  a +0 morningstar
(7, 15, Vaults:3)
  2 large rocks
(7, 16, Vaults:3)
  a large rock
(11, -5, Vaults:3)
  a bolt
(12, -6, Vaults:3)
  a bolt
(15, -7, Vaults:3)
  a +0 arbalest
  25 bolts
(20, 18, Vaults:3)
  an uncursed ring of wizardry
(24, -9, Vaults:3)
  a book of Power
(28, 13, Vaults:3)
  a +0 morningstar
  a +0 scale mail
(29, 12, Vaults:3)
  a +0 whip
  a +0 robe
(29, 13, Vaults:3)
  a +0 arbalest
  11 bolts
(29, 34, Vaults:3)
  a +2 demon blade of draining
  a +2 scale mail of poison resistance
  a +0 shield
(31, 11, Vaults:3)
  a +0 ring mail
  a +0 morningstar
(31, 12, Vaults:3)
  a +3 battleaxe of chopping
(31, 18, Vaults:3)
  an uncursed ring of magical power
(31, 36, Vaults:3)
  4 large rocks
(32, 33, Vaults:3)
  a bolt
(36, 35, Vaults:3)
  a bolt
(38, 35, Vaults:3)
  a +0 scale mail
  a +0 war axe
  19 bolts
  a +0 arbalest
(40, 15, Vaults:3)
  a +0 hand axe
(41, 0, Vaults:3)
  a bolt
(42, -4, Vaults:3)
  a +0 battleaxe
  a +0 plate armour
(42, -3, Vaults:3)
  a +0 arbalest
  14 bolts
(42, -2, Vaults:3)
  a +1 war axe of flaming
  a +3 chain mail of fire resistance
(42, 2, Vaults:3)
  a potion of degeneration
(43, -6, Vaults:3)
  a +0 arbalest
  10 bolts
(43, -5, Vaults:3)
  a +0 arbalest
  13 bolts
(43, -4, Vaults:3)
  a +0 giant club
(43, -3, Vaults:3)
  2 needles of paralysis
  2 bolts
(43, -2, Vaults:3)
  a +0 club
  a +0 robe
(43, 0, Vaults:3)
  2 bolts
(43, 15, Vaults:3)
  18 bolts
  a +0 arbalest
(44, -6, Vaults:3)
  a +0 arbalest
  11 bolts
(44, -4, Vaults:3)
  a +0 arbalest
  20 bolts
(44, 0, Vaults:3)
  2 bolts
(44, 17, Vaults:3)
  a large rock
(45, 0, Vaults:3)
  a +0 giant club
  a +0 giant club
(45, 9, Vaults:3)
  a +0 long sword
(45, 15, Vaults:3)
  8 silver tomahawks
(46, 0, Vaults:3)
  a bolt
  a +0 giant club
  a +0 giant club
(46, 43, Vaults:3)
  a +0 ring mail
  a +0 mace
(47, 0, Vaults:3)
  2 bolts
(48, 0, Vaults:3)
  a bolt
(48, 15, Vaults:3)
  a bolt
  a book of Necromancy
(49, 15, Vaults:3)
  a bolt
(50, 20, Vaults:3)
  a large rock
(52, 11, Vaults:3)
  a large rock
(52, 12, Vaults:3)
  a large rock
(52, 20, Vaults:3)
  a +0 ring mail
  15 bolts
  a +2 morningstar of protection
  a cursed -1 arbalest
(53, 21, Vaults:3)
  a +0 battleaxe
  a +0 giant club
  a +0 giant spiked club
  a +0 arbalest
  14 bolts
(53, 22, Vaults:3)
  a +2 robe of cold resistance
  a +0 robe
  a +0 giant club
  a +0 giant spiked club
  a +0 dire flail
  a +0 ring mail
  a +0 arbalest
  12 bolts
  a +0 great sword
  a +0 chain mail
(54, 10, Vaults:3)
  a large rock
(54, 22, Vaults:3)
  a +0 ring mail
  a +0 great mace
(55, 23, Vaults:3)
  a bolt
(56, 10, Vaults:3)
  2 large rocks
(56, 24, Vaults:3)
  a bolt
(57, 24, Vaults:3)
  a bolt
(58, 26, Vaults:3)
  a bolt
(59, 25, Vaults:3)
  3 bolts

Level 4 of the Vaults
[Shop] Foupn's Armour Boutique
  +0 swamp dragon scales (500 gold)
  the +1 plate armour "Koatruxt" {rC- Int+4 Dex+3 Slay+6} (679 gold)
    It affects your intelligence (+4).
    It affects your dexterity (+3).
    It affects your accuracy and damage with ranged weapons and melee attacks
    (+6).
    It makes you vulnerable to cold.
  a +0 leather armour (20 gold)
  a +0 buckler (45 gold)
  a +3 leather armour of cold resistance (240 gold)
  a +0 leather armour (20 gold)
  a +0 helmet (45 gold)
  the +9 scale mail of Bedevilment {rC+ Str-2 Slay+2} (672 gold)
    It affects your strength (-2).
    It affects your accuracy and damage with ranged weapons and melee attacks
    (+2).
    It protects you from cold.
  a +0 leather armour (20 gold)
  a +0 robe (7 gold)
  a +0 plate armour (230 gold)
  the cursed -5 robe of Misfortune {-Cast *Contam *Tele *Drain EV-5 Stlth-- *Curse} (1 gold)
    It affects your evasion (-5).
    It prevents spellcasting.
    It may teleport you next to monsters.
    It curses itself when equipped.
    It causes magical contamination when unequipped.
    It causes draining when unequipped.
    It makes you much less stealthy.
    It has a curse placed upon it.
  a +0 pair of boots (45 gold)
(0, 0, Vaults:4)
  a +0 robe
(2, -4, Vaults:4)
  24 sling bullets
(4, -4, Vaults:4)
  24 bolts
  a cursed -1 arbalest
(5, -11, Vaults:4)
  a bolt
(5, -7, Vaults:4)
  a bolt
(5, -6, Vaults:4)
  10 bolts
  a +0 arbalest
(5, -5, Vaults:4)
  a +0 chain mail
  17 bolts
  a +0 battleaxe of electrocution
  a +5 arbalest
(5, -4, Vaults:4)
  11 bolts
  a +0 arbalest
(5, 12, Vaults:4)
  a +0 mace
  a +0 ring mail
(6, -23, Vaults:4)
  a +0 long sword of protection
  a +0 long sword
  a +0 dagger
  a +0 short sword
  a +0 shortbow
  25 arrows
  a +0 leather armour
(6, -6, Vaults:4)
  24 bolts
  a +0 arbalest
(6, -4, Vaults:4)
  26 bolts
  a +2 arbalest of flaming
(7, -24, Vaults:4)
  a +2 dagger of draining
(7, -8, Vaults:4)
  a bolt
(8, -44, Vaults:4)
  a +0 scale mail
  a +0 dire flail
(8, -11, Vaults:4)
  2 bolts
(8, -9, Vaults:4)
  a bolt
(9, -44, Vaults:4)
  a +0 ring mail
  a +3 antimagic morningstar
(9, -12, Vaults:4)
  a bolt
(12, 5, Vaults:4)
  a book of Fire
(16, -24, Vaults:4)
  a +3 great mace
  a +0 chain mail
(17, -25, Vaults:4)
  4 needles of frenzy
(26, 8, Vaults:4)
  a +0 giant spiked club
  a +0 giant spiked club
  a cursed -2 giant club
  a +0 giant club
  a +0 dire flail
  a +0 giant spiked club
(27, 8, Vaults:4)
  a +0 giant club
  a cursed +0 giant spiked club
  a +0 robe
  a +0 leather armour
  a +0 dire flail
(28, -1, Vaults:4)
  a +0 shield
  a +0 chain mail
  a +0 long sword
(29, -13, Vaults:4)
  a lamp of fire (inert)
(29, 0, Vaults:4)
  a +0 plate armour
  a +0 great sword
(29, 1, Vaults:4)
  a +0 plate armour
  a +2 great sword
(29, 2, Vaults:4)
  a +0 chain mail
  a +0 war axe
(29, 13, Vaults:4)
  a large rock
(30, 13, Vaults:4)
  a large rock
(31, -1, Vaults:4)
  a +0 shield
  (unseen)
(31, 13, Vaults:4)
  a large rock
(31, 14, Vaults:4)
  a large rock
(35, -14, Vaults:4)
  5 large rocks
(36, -14, Vaults:4)
  3 bolts
(37, -14, Vaults:4)
  a +0 dire flail
  a +0 great mace
(37, -13, Vaults:4)
  18 bolts
  a +0 arbalest
  a +0 robe
  a +0 dagger
(38, -14, Vaults:4)
  9 bolts
  a +0 arbalest
(38, -13, Vaults:4)
  21 bolts
  a +0 arbalest
(41, 9, Vaults:4)
  a +0 leather armour
(43, 0, Vaults:4)
  an uncursed staff of earth
(44, 13, Vaults:4)
  a scroll of random uselessness
(45, 13, Vaults:4)
  a cursed -3 dire flail
  a +0 dire flail
(46, -40, Vaults:4)
  a throwing net
(52, 5, Vaults:4)
  14 stones
(53, -1, Vaults:4)
  11 stones
(55, -20, Vaults:4)
  a bolt
(55, -18, Vaults:4)
  2 bolts
(55, 6, Vaults:4)
  a +0 plate armour
  a +3 halberd of protection
(55, 7, Vaults:4)
  a +2 chain mail of fire resistance
  a +3 war axe
(56, -20, Vaults:4)
  a bolt
(56, 5, Vaults:4)
  a +0 dagger
(56, 6, Vaults:4)
  a +3 chain mail of cold resistance
  a +0 plate armour
  a +0 great sword of slicing
  a +0 battleaxe
(56, 7, Vaults:4)
  a +0 short sword
  a +0 great mace
  a +0 scale mail
  a +0 leather armour
  a +3 long sword
  a +0 chain mail
(56, 8, Vaults:4)
  a cursed -2 short sword
  2 tomahawks
  a +0 club
  a +0 hand axe
  a +0 plate armour
  a +0 long sword
  a +0 plate armour
  a +0 great sword
(56, 9, Vaults:4)
  a +0 scale mail
  a +0 dire flail
(57, -21, Vaults:4)
  a bolt
(57, 6, Vaults:4)
  a +0 mace
  a +0 chain mail
  a +0 battleaxe
(57, 7, Vaults:4)
  a manual of Axes
  a +0 plate armour
  a +0 hand axe
  a +0 robe of magic resistance
  a +1 vampiric dagger
  a +0 chain mail
  3 tomahawks
  a +0 flail
  a +0 chain mail
  a +0 war axe
(57, 8, Vaults:4)
  a +0 leather armour
  a +0 hand axe
  a +0 ring mail
  a +2 great mace of crushing
(57, 9, Vaults:4)
  a cursed +0 plate armour
  16 bolts
  a +0 battleaxe
  a +0 arbalest
(58, -22, Vaults:4)
  2 bolts
(58, -4, Vaults:4)
  a bolt
(59, -25, Vaults:4)
  14 bolts
  a +0 arbalest
(59, -24, Vaults:4)
  20 bolts
  a +0 arbalest
(59, -23, Vaults:4)
  3 bolts
(59, -21, Vaults:4)
  a bolt
(60, -26, Vaults:4)
  2 large rocks
  9 bolts
  a +1 arbalest of freezing
(60, -25, Vaults:4)
  22 bolts
  a +0 arbalest
(60, -24, Vaults:4)
  14 bolts
  a +0 arbalest
(61, -27, Vaults:4)
  20 bolts
  a +0 arbalest
(61, -26, Vaults:4)
  26 bolts
  a +0 arbalest
(61, -25, Vaults:4)
  a +0 long sword
  24 bolts
  a +0 arbalest
(61, -24, Vaults:4)
  22 bolts
  a +0 arbalest
(61, -23, Vaults:4)
  a +0 great sword
  9 bolts
  a +0 arbalest
(61, -4, Vaults:4)
  a bolt
(62, -24, Vaults:4)
  2 bolts
(62, 5, Vaults:4)
  a tomahawk
(63, -21, Vaults:4)
  a bolt
(63, -6, Vaults:4)
  a +0 ring mail
  a +0 morningstar
(63, -4, Vaults:4)
  +0 fire dragon scales
(63, -3, Vaults:4)
  a +0 robe
(65, -21, Vaults:4)
  a bolt
(65, -5, Vaults:4)
  4 large rocks
(65, -4, Vaults:4)
  a +0 ring mail
  18 bolts
  a +0 long sword
  a +0 arbalest
(66, -6, Vaults:4)
  19 bolts
  a +0 arbalest
  a +0 trident
(66, -4, Vaults:4)
  a +0 great mace
  a +0 dire flail
(68, -4, Vaults:4)
  a +0 scale mail
  20 bolts
  a +0 falchion
  a +0 arbalest

Level 5 of the Vaults
[Shop] Zanuf's Distillery
  a potion of curing (66 gold)
  a potion of flight (66 gold)
  a potion of degeneration (22 gold)
  a potion of resistance (220 gold)
  a potion of curing (66 gold)
  a potion of flight (66 gold)
  a potion of lignification (66 gold)
  a potion of cancellation (176 gold)
  a potion of resistance (220 gold)
  a potion of lignification (66 gold)
  a potion of degeneration (22 gold)
  a potion of agility (88 gold)
  a potion of curing (66 gold)
[Shop] Hyra's Food Boutique
  a meat ration (60 gold)
  a royal jelly (24 gold)
  2 fruits (36 gold)
  3 fruits (54 gold)
  a meat ration (60 gold)
  a bread ration (60 gold)
  a royal jelly (24 gold)
  a royal jelly (24 gold)
[Shop] Qelumnan's Magic Scroll Shop
  a scroll of identify (48 gold)
  a scroll of identify (48 gold)
  a scroll of identify (48 gold)
  a scroll of recharging (228 gold)
  a scroll of immolation (84 gold)
  a scroll of identify (48 gold)
  a scroll of identify (48 gold)
  a scroll of fog (48 gold)
  a scroll of brand weapon (480 gold)
  a scroll of identify (48 gold)
  a scroll of teleportation (72 gold)
[Shop] Izoguoh's Distillery
  a potion of curing (48 gold)
  a potion of curing (48 gold)
  a potion of curing (48 gold)
  a potion of ambrosia (128 gold)
  a potion of flight (48 gold)
(0, 0, Vaults:5)
  a +0 long sword
  a cursed +0 scale mail
(3, 38, Vaults:5)
  a +0 flail
(5, 32, Vaults:5)
  an uncursed ring of wizardry
(5, 43, Vaults:5)
  20 stones
(7, 22, Vaults:5)
  a +1 scale mail of cold resistance
  a +1 great mace
(7, 24, Vaults:5)
  a +0 ring mail
  a +0 flail
(7, 29, Vaults:5)
  6 needles of confusion
(7, 40, Vaults:5)
  an uncursed amulet of harm
(7, 45, Vaults:5)
  a +0 club
(8, 29, Vaults:5)
  a +0 whip
(8, 34, Vaults:5)
  a crystal ball of energy
(8, 38, Vaults:5)
  a +0 ring mail
  a +0 great mace
(9, 22, Vaults:5)
  a +0 scale mail
  a +0 flail
(10, 23, Vaults:5)
  a +0 long sword
  an uncursed ring of protection from magic
(10, 24, Vaults:5)
  a +0 arbalest
  21 bolts
(10, 32, Vaults:5)
  an uncursed staff of wizardry
(10, 36, Vaults:5)
  a +0 battleaxe of freezing
  a large rock
(11, 10, Vaults:5)
  a royal jelly
(12, 22, Vaults:5)
  a +0 ring mail
  a +0 great mace
(13, 8, Vaults:5)
  a +0 club
(14, 9, Vaults:5)
  a +0 morningstar
  a +0 ring mail
  a wand of acid (2/15)
(14, 15, Vaults:5)
  a +0 plate armour
(14, 31, Vaults:5)
  a fan of gales
(14, 32, Vaults:5)
  the cursed +0 robe of the Ten Nights {Regen+ Str+4}
    It affects your strength (+4).
    It increases your rate of regeneration.
    It has a curse placed upon it.
(14, 40, Vaults:5)
  a +1 shield of protection
  5 javelins of returning
  2 tomahawks of returning
(14, 42, Vaults:5)
  a book of Callings
(14, 43, Vaults:5)
  a +1 hat
(15, 8, Vaults:5)
  +0 shadow dragon scales
(15, 10, Vaults:5)
  a +0 dire flail
  a +0 dire flail
  a +0 scimitar
  a +0 scale mail
(16, 0, Vaults:5)
  3 fruits
(16, 13, Vaults:5)
  a +0 dagger
(16, 31, Vaults:5)
  a book of Death
(16, 32, Vaults:5)
  a +1 scale mail of cold resistance
(16, 42, Vaults:5)
  a +3 ring of dexterity
  a wand of polymorph (5/24)
(16, 43, Vaults:5)
  a phial of floods (inert)
(17, 11, Vaults:5)
  a +0 short sword
(19, 17, Vaults:5)
  a wand of disintegration (17/24)
(20, 24, Vaults:5)
  a +0 robe
  a +0 dagger
(20, 43, Vaults:5)
  27 sling bullets
(22, 29, Vaults:5)
  15 stones
(23, 29, Vaults:5)
  a +2 fustibalus of flaming
(23, 45, Vaults:5)
  a book of Summonings
(24, 13, Vaults:5)
  a book of Misfortune
(25, 14, Vaults:5)
  a +0 dagger
  a +3 longbow
  11 arrows
  a potion of mutation
(25, 15, Vaults:5)
  a +3 ring of dexterity
  a +0 rapier
  a +0 leather armour
(25, 32, Vaults:5)
  an uncursed staff of wizardry
(25, 42, Vaults:5)
  a wand of polymorph (9/24)
(27, 24, Vaults:5)
  a +0 shield
  a +0 plate armour
  a +2 broad axe
(28, 0, Vaults:5)
  a +2 arbalest of freezing
  18 bolts
(28, 23, Vaults:5)
  a +0 chain mail
  a +2 dire flail of protection
(28, 24, Vaults:5)
  a +0 plate armour
  a +0 broad axe
(28, 25, Vaults:5)
  a +0 chain mail
  a +0 great sword
(29, 22, Vaults:5)
  a +0 plate armour
  a +0 dire flail
  a large rock
(29, 23, Vaults:5)
  a +0 chain mail
  a +5 great mace
(29, 24, Vaults:5)
  8 large rocks
  the +3 glaive of Apaggoa {antimagic, rElec}
    It reduces the magical energy of the wielder, and disrupts the spells and
    magical abilities of those hit. Natural abilities and divine invocations are
    not affected.
    
    It insulates you from electricity.
  an uncursed ring of magical power
(29, 25, Vaults:5)
  a cursed +0 plate armour
  a +1 halberd of venom
  a +0 dire flail
  a +0 plate armour
  a +0 battleaxe
  a +0 chain mail
  a +0 great mace
  a +0 chain mail
  a +0 battleaxe
(29, 26, Vaults:5)
  a +1 vampiric trident
  a +1 chain mail of fire resistance
  a +2 great sword
  a potion of blood
(29, 28, Vaults:5)
  a +0 giant club
  a +0 giant club
  a +0 giant club
(30, 2, Vaults:5)
  a bolt
(30, 5, Vaults:5)
  a +4 ring mail
  a +2 long sword
  a +0 chain mail
(30, 6, Vaults:5)
  a +0 whip
  a +0 chain mail
  a +0 ring mail
(30, 22, Vaults:5)
  a +0 trident
  a +0 chain mail
  a +0 war axe
(30, 23, Vaults:5)
  a +0 plate armour
  a +2 great sword
(30, 24, Vaults:5)
  a +0 plate armour
  a +1 great sword of slicing
  a +0 plate armour
  a +3 great sword of flaming
  a +0 plate armour
  a +0 great sword
(30, 25, Vaults:5)
  a +0 chain mail
  a +3 long sword
  a large rock
(30, 26, Vaults:5)
  a +0 club
  a +0 robe
  a +0 shield
  a +0 chain mail
  a +3 long sword
(30, 27, Vaults:5)
  a +0 great mace
  a +0 ring mail
(30, 28, Vaults:5)
  a cursed -1 giant club
  a +0 giant spiked club
  a +0 giant club
  a +0 giant club
(31, 6, Vaults:5)
  a +0 mace
(31, 20, Vaults:5)
  a large rock
(31, 22, Vaults:5)
  a +1 great sword of flaming
(31, 23, Vaults:5)
  a +0 shield
  a +0 chain mail
  a +3 war axe
(31, 24, Vaults:5)
  a +0 plate armour
  a +2 great sword of holy wrath
(31, 25, Vaults:5)
  a +0 chain mail
  a +2 halberd
(31, 26, Vaults:5)
  26 bolts
  a +0 arbalest
(32, 22, Vaults:5)
  3 large rocks
(32, 27, Vaults:5)
  25 stones
(33, 0, Vaults:5)
  a bolt
(34, 21, Vaults:5)
  a large rock
(35, 11, Vaults:5)
  a large rock
(35, 12, Vaults:5)
  a +0 mace
  a +0 leather armour
(35, 13, Vaults:5)
  2 large rocks
(36, 12, Vaults:5)
  a large rock
(36, 13, Vaults:5)
  a +0 flail
  a +0 chain mail
(38, 3, Vaults:5)
  22 stones
(38, 33, Vaults:5)
  a cursed -2 long sword
  a +0 plate armour
  a +0 dire flail
  a +0 dire flail
(39, 10, Vaults:5)
  a +1 war axe of freezing
  a +0 plate armour
(39, 11, Vaults:5)
  a +0 dire flail
  a +0 dire flail
  a large rock
  a +0 dire flail
  a +0 ring mail
(39, 31, Vaults:5)
  a +0 dagger
  a +0 ring mail
(39, 33, Vaults:5)
  a +0 long sword
  a +0 ring mail
  a +0 buckler of fire resistance
  a +0 club
  a +0 leather armour
(39, 35, Vaults:5)
  an arrow
  a +0 trident
  a +0 plate armour
(39, 36, Vaults:5)
  2 large rocks
(39, 39, Vaults:5)
  a +0 short sword
  a +0 longbow
  9 arrows
  a +0 ring mail
  a large rock
(39, 42, Vaults:5)
  a large rock
(40, 33, Vaults:5)
  a +0 dire flail
  a +0 dire flail
  a +0 short sword
  a +0 chain mail
  a wand of paralysis (13/24)
(40, 36, Vaults:5)
  an arrow
(41, 34, Vaults:5)
  a +0 glaive
  a +0 leather armour
(42, 9, Vaults:5)
  7 needles of sleeping
(42, 35, Vaults:5)
  a cursed +0 morningstar
  a +0 scale mail
(43, 7, Vaults:5)
  2 large rocks
(43, 8, Vaults:5)
  a large rock
  a +1 battleaxe of chopping
  a +0 chain mail
(44, 9, Vaults:5)
  a +0 great mace
  a +0 plate armour
  the +6 flail of Contention {drain, rPois Dex+4}
    A truly terrible weapon, it drains the life of those it strikes.
    
    It affects your dexterity (+4).
    It protects you from poison.
    
    The Shining One disapproves of the use of such an item.
(44, 11, Vaults:5)
  11 arrows
(45, 8, Vaults:5)
  a +1 great mace of protection
(45, 12, Vaults:5)
  a +0 flail
(46, 11, Vaults:5)
  a scroll of noise
(46, 13, Vaults:5)
  3 needles of sleeping
(47, 8, Vaults:5)
  an uncursed staff of power
(47, 9, Vaults:5)
  an uncursed amulet of the gourmand
  a wand of random effects (23/48)
  a wand of random effects (30/48)
(47, 11, Vaults:5)
  17 stones
(48, 11, Vaults:5)
  the +6 short sword "Irolaraa" {flame, rF+}
    It has been specially enchanted to burn those struck by it, causing extra
    injury to most foes and up to half again as much damage against particularly
    susceptible opponents.
    
    It protects you from fire.
(49, -2, Vaults:5)
  a +0 great mace
  a +0 dire flail
(50, 45, Vaults:5)
  a +0 dire flail
  a +0 dire flail
(50, 46, Vaults:5)
  a +0 arbalest
  21 bolts
(51, 46, Vaults:5)
  2 large rocks
(52, 46, Vaults:5)
  a +1 great sword of flaming
(53, 31, Vaults:5)
  a +0 great mace
  a +0 leather armour
(54, 31, Vaults:5)
  a +0 long sword
(55, 1, Vaults:5)
  a +0 morningstar
  a +0 ring mail
(56, 47, Vaults:5)
  a large rock

Level 1 of the Crypt
(0, 0, Crypt:1)
  an uncursed ring of protection from fire
(2, -4, Crypt:1)
  a +0 dagger
  a +0 robe
  a +0 robe
(3, 12, Crypt:1)
  a +0 trident
(4, 12, Crypt:1)
  a +0 scimitar
(6, 12, Crypt:1)
  a +0 glaive
(7, 12, Crypt:1)
  a +0 war axe of electrocution
(9, 12, Crypt:1)
  an arrow
(9, 13, Crypt:1)
  a +0 club
(10, 11, Crypt:1)
  a +0 shortbow
  18 arrows
(22, -10, Crypt:1)
  a +0 glaive
(23, -10, Crypt:1)
  a manual of Armour
(23, -9, Crypt:1)
  a +0 robe
(24, -10, Crypt:1)
  a +0 battleaxe
  a +0 battleaxe
(24, 0, Crypt:1)
  a +3 battleaxe of electrocution
  a +0 chain mail
  a +0 battleaxe
  a +0 glaive
(24, 1, Crypt:1)
  a +1 plate armour of fire resistance
  a +4 battleaxe
  a +1 battleaxe of freezing
  a +0 dire flail
  a +0 short sword
(25, -11, Crypt:1)
  a +0 chain mail
  a +3 long sword
(25, -10, Crypt:1)
  a +0 halberd
(25, 2, Crypt:1)
  a +0 short sword
(26, 0, Crypt:1)
  a cursed -2 short sword
(36, -1, Crypt:1)
  a +0 hunting sling
(43, -8, Crypt:1)
  2 stones
(43, -7, Crypt:1)
  a +0 battleaxe
  a +0 war axe
  a stone
(43, -6, Crypt:1)
  a +0 long sword
  16 stones
(43, -5, Crypt:1)
  a +0 short sword
  3 stones
(43, -4, Crypt:1)
  a +0 war axe
(45, 8, Crypt:1)
  a +0 hand axe
(47, 9, Crypt:1)
  a +0 glaive

Level 2 of the Crypt
(0, 0, Crypt:2)
  a +0 chain mail
(4, 5, Crypt:2)
  a +0 robe
(8, 4, Crypt:2)
  23 bolts
(14, 8, Crypt:2)
  a +0 dire flail
(14, 11, Crypt:2)
  a cursed +0 chain mail
  a +0 battleaxe
  a +0 robe of magic resistance
(14, 12, Crypt:2)
  a +0 chain mail
  a +3 great sword of slicing
(14, 16, Crypt:2)
  a +0 plate armour
  a +0 battleaxe
(14, 21, Crypt:2)
  a +0 pair of gloves
(15, 5, Crypt:2)
  a +0 plate armour
  a +1 scimitar of protection
(17, 6, Crypt:2)
  a +0 flail
(17, 26, Crypt:2)
  a +0 chain mail
  a +2 dire flail
(18, 6, Crypt:2)
  a +0 glaive
(19, 3, Crypt:2)
  a +3 scythe of protection
(25, -3, Crypt:2)
  a +0 robe
(47, 1, Crypt:2)
  a +0 plate armour

Level 3 of the Crypt
(0, 0, Crypt:3)
  a +0 war axe
(0, 1, Crypt:3)
  a +0 war axe
(0, 23, Crypt:3)
  a +0 robe
  2 potions of blood
(3, -13, Crypt:3)
  a cursed +0 troll leather armour
(4, 15, Crypt:3)
  a +0 scythe
(5, 1, Crypt:3)
  a +2 battleaxe of draining
  a +0 chain mail
(5, 35, Crypt:3)
  14 stones
(8, 0, Crypt:3)
  a +0 hand axe
  a +0 rapier
(9, 35, Crypt:3)
  a stone
(10, 0, Crypt:3)
  a -2 ring of protection
  a book of Spatial Translocations
(11, 34, Crypt:3)
  a stone
(11, 35, Crypt:3)
  a stone
(13, 21, Crypt:3)
  a +0 long sword
  a +0 scale mail
(14, -7, Crypt:3)
  a +0 robe
(14, 13, Crypt:3)
  23 stones
(14, 21, Crypt:3)
  a +0 short sword
  a +0 trident
(18, -8, Crypt:3)
  a +0 scimitar
  a +0 eveningstar
  the ring of Vyfechu {rN+ Dex+2}
    [ring of positive energy]
    
    It affects your dexterity (+2).
    It protects you from negative energy.
  a +0 robe
  the ring of Satyriasis {rN+ Str+4}
    [ring of positive energy]
    
    It affects your strength (+4).
    It protects you from negative energy.
  a +1 great mace
  a +0 plate armour
(20, 1, Crypt:3)
  a +0 cloak
(20, 2, Crypt:3)
  the Papyrus of Evil Rites
    Spells                             Type                      Level
     a - Regeneration                 Charms/Necromancy             3
     b - Animate Dead                 Necromancy                    4
     c - Bolt of Draining             Conjuration/Necromancy        5
     d - Simulacrum                   Ice/Necromancy                6
     e - Death Channel                Necromancy                    6
     f - Borgnjor's Revivification    Necromancy                    8
    
    
    The Shining One disapproves of the use of such an item.
(21, 1, Crypt:3)
  the +5 hunting sling of Misery {freeze, rF+ MR+ Str+2 Dex-5}
    It causes projectiles fired from it to freeze those they strike, causing
    extra injury to most foes and up to half again as much damage against
    particularly susceptible opponents. They can also slow down cold-blooded
    creatures.
    
    It affects your strength (+2).
    It affects your dexterity (-5).
    It protects you from fire.
    It affects your resistance to hostile enchantments.
(21, 2, Crypt:3)
  the Papyrus of Gliding Ignition
    Spells                             Type                      Level
     a - Shock                        Conjuration/Air               1
     b - Conjure Flame                Conjuration/Fire              3
     c - Static Discharge             Conjuration/Air               3
     d - Mephitic Cloud               Conjuration/Poison/Air        3
     e - Bolt of Magma                Conjuration/Fire/Earth        5
     f - Lightning Bolt               Conjuration/Air               5
(21, 3, Crypt:3)
  a book of Debilitation
(22, 1, Crypt:3)
  an uncursed staff of power
(22, 2, Crypt:3)
  the +1 hat "Turaogir" {Stlth+}
    It makes you more stealthy.
  a manual of Maces & Flails
(22, 3, Crypt:3)
  a phial of floods (inert)
(23, 1, Crypt:3)
  a +3 falchion of freezing
(23, 2, Crypt:3)
  a +4 whip
(23, 3, Crypt:3)
  a wand of confusion (8/48)
(24, 2, Crypt:3)
  a book of Dreams
(24, 3, Crypt:3)
  a +0 flail
(24, 8, Crypt:3)
  a +1 great sword
  a +0 plate armour
(30, 30, Crypt:3)
  a +0 pair of boots
(34, -12, Crypt:3)
  a royal jelly
(43, 27, Crypt:3)
  a +0 halberd
  a +0 chain mail
  a potion of blood
(46, 20, Crypt:3)
  a +0 flail

Level 1 of the Tomb of the Ancients
(0, 0, Tomb:1)
  14 arrows
(1, 23, Tomb:1)
  the +4 scale mail "Pookiad" {rF+ Dex+2}
    It affects your dexterity (+2).
    It protects you from fire.
(6, -3, Tomb:1)
  4 tomahawks of dispersal
(7, 44, Tomb:1)
  a scroll of noise
(16, 2, Tomb:1)
  a +0 blowgun
(22, 10, Tomb:1)
  the cursed +1 scimitar of Lynka {chaos, +Rage MR+}
    Each time it hits an enemy it has a different, random effect.
    
    It affects your resistance to hostile enchantments.
    It lets you go berserk.
    It has a curse placed upon it.
    
    The Shining One disapproves of the use of such an item.
(22, 18, Tomb:1)
  27 arrows
(29, 14, Tomb:1)
  a +0 trident
(30, 33, Tomb:1)
  a +0 flail
(38, 10, Tomb:1)
  a +3 ring mail

Level 2 of the Tomb of the Ancients
(0, 0, Tomb:2)
  a +0 plate armour
(1, -11, Tomb:2)
  a +0 spear
(3, -19, Tomb:2)
  8 stones
(3, -15, Tomb:2)
  a +0 flail
(5, -15, Tomb:2)
  a +0 battleaxe
(5, -13, Tomb:2)
  a +0 hand axe
(7, -13, Tomb:2)
  a +3 ring mail
(8, -16, Tomb:2)
  a +0 hunting sling
(12, -10, Tomb:2)
  a scroll of noise
(18, -28, Tomb:2)
  a +0 plate armour
  a +2 great mace
(21, -25, Tomb:2)
  a +0 dire flail
(23, -9, Tomb:2)
  15 poisoned needles

Level 3 of the Tomb of the Ancients
(0, 0, Tomb:3)
  a book of Battle
(0, 1, Tomb:3)
  the +5 arbalest of Cydicwos {venom, rF+ MR+ Str-4 Int+3}
    It poisons the ammo it fires.
    
    It affects your strength (-4).
    It affects your intelligence (+3).
    It protects you from fire.
    It affects your resistance to hostile enchantments.
(0, 2, Tomb:3)
  a book of Ice
(0, 3, Tomb:3)
  22 gold pieces
(1, -1, Tomb:3)
  a +1 hand crossbow of flaming
(1, 0, Tomb:3)
  a +0 quarterstaff of speed
(1, 1, Tomb:3)
  an uncursed staff of cold
(1, 2, Tomb:3)
  a +1 chain mail of cold resistance
(1, 3, Tomb:3)
  6 gold pieces
(2, -2, Tomb:3)
  a +2 scythe of pain
(2, -1, Tomb:3)
  the +8 mithril axe "Arga" {speed, MR+}
    Attacks with this weapon are significantly faster.
    
    It affects your resistance to hostile enchantments.
(2, 0, Tomb:3)
  a +2 rapier of venom
(2, 1, Tomb:3)
  the Incunabulum of Calling and Evil Secrets
    Spells                             Type                      Level
     a - Animate Skeleton             Necromancy                    1
     b - Summon Small Mammal          Summoning                     1
     c - Recall                       Summoning/Translocation       3
     d - Summon Ice Beast             Ice/Summoning                 4
     e - Dragon's Call                Summoning                     9
(2, 2, Tomb:3)
  the amulet of No Interval {Reflect +Blink rElec Str+2 Int+4 SH+3}
    [amulet of reflection]
    
    It shields you and reflects attacks.
    It affects your strength (+2).
    It affects your intelligence (+4).
    It insulates you from electricity.
    It lets you blink.
    It affects your SH (+3).
(2, 3, Tomb:3)
  23 gold pieces
(3, -3, Tomb:3)
  the ring "Izxek" {rF+ Slay+2}
    [ring of protection from fire]
    
    It affects your accuracy and damage with ranged weapons and melee attacks
    (+2).
    It protects you from fire.
(3, -2, Tomb:3)
  an uncursed ring of protection from cold
(3, -1, Tomb:3)
  a +4 plate armour of positive energy
(3, 0, Tomb:3)
  an uncursed staff of poison
(3, 1, Tomb:3)
  a book of Debilitation
(3, 2, Tomb:3)
  25 gold pieces
(3, 3, Tomb:3)
  35 gold pieces
(4, -4, Tomb:3)
  the +2 dagger of Conflict {drain, -Tele +Rage +Fly rF-}
    A truly terrible weapon, it drains the life of those it strikes.
    
    It makes you vulnerable to fire.
    It lets you fly.
    It lets you go berserk.
    It prevents most forms of teleportation.
    
    The Shining One disapproves of the use of such an item.
(4, -3, Tomb:3)
  an uncursed staff of summoning
(4, -2, Tomb:3)
  an uncursed staff of energy
(4, -1, Tomb:3)
  the Reference Book on the Dusty Traveller
    Spells                             Type                      Level
     a - Sandblast                    Earth                         1
     b - Passwall                     Transmutation/Earth           2
     c - Portal Projectile            Hexes/Translocation           3
     d - Teleport Other               Translocation                 3
     e - Passage of Golubria          Translocation                 4
     f - Summon Forest                Summoning/Translocation       5
(4, 0, Tomb:3)
  an uncursed staff of power
(4, 1, Tomb:3)
  17 gold pieces
(4, 2, Tomb:3)
  27 gold pieces
(4, 3, Tomb:3)
  20 gold pieces
(5, -5, Tomb:3)
  a book of Debilitation
(5, -4, Tomb:3)
  a +2 chain mail of fire resistance
(5, -3, Tomb:3)
  a +1 leather armour of positive energy
(5, -2, Tomb:3)
  the +3 scale mail of Cial {Str+6}
    It affects your strength (+6).
(5, -1, Tomb:3)
  21 gold pieces
(5, 0, Tomb:3)
  6 needles of sleeping
(6, -5, Tomb:3)
  10 gold pieces
(6, -4, Tomb:3)
  21 gold pieces
(6, -3, Tomb:3)
  30 gold pieces
(6, -2, Tomb:3)
  a scroll of magic mapping
(6, -1, Tomb:3)
  31 gold pieces
(6, 0, Tomb:3)
  the +4 trident of the Modern Planets {vamp, *Contam +Blink Int+2 Dex+5}
    It inflicts no extra harm, but heals its wielder when it wounds a living
    foe.
    
    It affects your intelligence (+2).
    It affects your dexterity (+5).
    It lets you blink.
    It causes magical contamination when unequipped.
    
    The Shining One disapproves of the use of such an item.
(7, -5, Tomb:3)
  a scroll of blinking
  (unseen)
(7, -2, Tomb:3)
  22 gold pieces
(7, 0, Tomb:3)
  14 poisoned needles
(17, -4, Tomb:3)
  a +0 long sword (still there?)
  a +0 scimitar (still there?)
(18, -5, Tomb:3)
  a +0 mace
  a scroll of amnesia
  a +2 battleaxe of chopping
  a +0 plate armour
(18, -4, Tomb:3)
  a scroll of identify
  (unseen)
(18, -3, Tomb:3)
  a +0 glaive
(19, -4, Tomb:3)
  a +2 great sword of draining
  a cursed +0 plate armour
  a +3 great mace of freezing
  a +0 chain mail
  a +1 great mace of draining
  a +0 plate armour
  a +3 great sword
  a +0 chain mail
(19, -3, Tomb:3)
  a +0 halberd (still there?)
  a +0 glaive (still there?)

