Mash

Level 1 of the Dungeon
(0, 0, D:1)
  a +0 club
(1, 3, D:1)
  a +0 hunting sling
(3, -2, D:1)
  a stone
(4, -1, D:1)
  a stone
(6, -15, D:1)
  25 sling bullets
(6, -13, D:1)
  a +0 club
(6, 11, D:1)
  8 arrows
(11, -18, D:1)
  a cursed -1 club
(12, -7, D:1)
  a +3 dagger of venom
(17, 18, D:1)
  a +3 dagger
  3 stones
(19, 16, D:1)
  a stone
(20, -10, D:1)
  a +0 club
(21, 16, D:1)
  a cursed -2 chain mail
(22, -3, D:1)
  a +0 ring mail
(22, 14, D:1)
  a +0 ring mail
(23, 14, D:1)
  a stone
(25, 4, D:1)
  8 sling bullets
(31, 7, D:1)
  a +0 club
(32, 8, D:1)
  a stone
(33, -15, D:1)
  a +0 ring mail
(42, 10, D:1)
  a +0 club
(51, 12, D:1)
  a +0 club
(52, 14, D:1)
  a +0 club

Level 2 of the Dungeon
(0, 0, D:2)
  10 stones
(13, -10, D:2)
  a +0 ring mail
(17, -36, D:2)
  a +0 ring mail
(18, -4, D:2)
  24 arrows
(19, -4, D:2)
  a +0 club
(23, -34, D:2)
  a +0 dagger
(24, -29, D:2)
  a +0 club
  a +0 dagger
(27, 1, D:2)
  a +0 leather armour
(28, -15, D:2)
  25 arrows
(39, -28, D:2)
  a +0 club

Level 3 of the Dungeon
(0, 0, D:3)
  12 bolts
(9, 7, D:3)
  a +0 robe
(13, 7, D:3)
  a +0 scale mail
(20, 1, D:3)
  a +0 club
(28, 11, D:3)
  a +0 whip
(31, 9, D:3)
  a +0 dagger
  a +0 short sword
(31, 10, D:3)
  2 stones
(31, 11, D:3)
  a stone
(50, 43, D:3)
  a +2 whip of electrocution
  a +0 blowgun
  4 poisoned needles
(50, 45, D:3)
  a +0 hand axe
  a +0 hand axe
  a poisoned needle
(55, 19, D:3)
  a +0 short sword
  a +0 ring mail
  a +0 scale mail
(61, 25, D:3)
  a +1 naga barding

Level 4 of the Dungeon
(0, 0, D:4)
  a +0 flail
(3, 2, D:4)
  a +0 hand axe
(5, 5, D:4)
  a +0 spear
  a +0 robe
(5, 17, D:4)
  a +0 giant spiked club
(6, -1, D:4)
  a cursed +0 arbalest
(9, -3, D:4)
  a +0 leather armour
(14, 18, D:4)
  a +0 spear
(15, 10, D:4)
  a cursed +0 ring mail
(17, 15, D:4)
  a +0 leather armour
(21, 7, D:4)
  a +0 rapier
(23, 0, D:4)
  a +0 club
(25, 22, D:4)
  a +0 scale mail
(27, -1, D:4)
  a +0 dagger
  a +0 robe
(28, -2, D:4)
  a +0 flail
(28, 0, D:4)
  a +0 leather armour
(35, -12, D:4)
  27 stones
(36, 4, D:4)
  a cursed +0 quarterstaff
(38, -17, D:4)
  a +0 dagger
  (unseen)
(39, -17, D:4)
  a +0 chain mail
  a +0 short sword
(39, -16, D:4)
  17 stones

Level 5 of the Dungeon
[Shop] Kyxzu's Assorted Antiques
  an uncursed ring of poison resistance (480 gold)
  a box of beasts (480 gold)
  a scroll of blinking (180 gold)
  a potion of mutation (192 gold)
  a scroll of remove curse (72 gold)
  a potion of invisibility (192 gold)
  an uncursed amulet of magic regeneration (720 gold)
  a +0 flail (84 gold)
  a +3 leather armour of magic resistance (576 gold)
  a +0 robe (16 gold)
  a scroll of noise (24 gold)
(0, 0, D:5)
  a +0 scale mail
(3, 22, D:5)
  7 gold pieces
(3, 23, D:5)
  10 gold pieces
(3, 24, D:5)
  5 gold pieces
(3, 25, D:5)
  10 gold pieces
(3, 26, D:5)
  13 gold pieces
(5, 31, D:5)
  a +0 chain mail
(5, 41, D:5)
  a +0 ring mail
(10, 32, D:5)
  a +0 leather armour
(11, 30, D:5)
  a +0 hand axe
  a +0 chain mail
(11, 32, D:5)
  a +0 chain mail
  a +0 chain mail
  a +0 glaive
(19, 13, D:5)
  a +0 mace
  21 arrows
  a +0 shortbow
(21, 13, D:5)
  an arrow
(22, 13, D:5)
  an arrow
(23, 13, D:5)
  an arrow
(26, 15, D:5)
  23 arrows
  a cursed +0 shortbow
(32, 11, D:5)
  a +0 leather armour
  a +0 falchion
  a +0 mace
(36, 12, D:5)
  a +0 scale mail
(40, 12, D:5)
  a +0 leather armour
  a +0 trident
(41, 18, D:5)
  a +0 robe
  a +0 dagger
(41, 20, D:5)
  a +0 flail
  a +0 leather armour
(43, 2, D:5)
  3 large rocks

Level 6 of the Dungeon
(0, 0, D:6)
  a +0 hand axe
(2, -7, D:6)
  an arrow
(3, -7, D:6)
  an arrow
(4, -9, D:6)
  an arrow
(6, -11, D:6)
  17 arrows
  a cursed -3 shortbow
(9, 2, D:6)
  11 arrows
(10, -4, D:6)
  a +0 giant club
(17, -10, D:6)
  a +0 shortbow
  18 arrows
(25, -22, D:6)
  a +0 hand axe
(35, -21, D:6)
  an uncursed staff of energy
(37, -18, D:6)
  an arrow
(38, -17, D:6)
  an arrow
(40, -16, D:6)
  a +0 shortbow
  14 arrows
(41, -27, D:6)
  a +0 chain mail
(41, -18, D:6)
  a +0 buckler
(47, -15, D:6)
  17 arrows
(47, 9, D:6)
  a +0 whip
(47, 11, D:6)
  a +0 club
  a +0 spear
(48, 10, D:6)
  a +0 leather armour
  a +0 whip
(48, 19, D:6)
  a +0 hunting sling
(49, -13, D:6)
  23 arrows
  a +0 shortbow
(49, -11, D:6)
  an arrow
(49, -10, D:6)
  an arrow
(49, -9, D:6)
  2 arrows
(49, -7, D:6)
  2 arrows
(53, 14, D:6)
  a +0 dagger

Level 7 of the Dungeon
(0, 0, D:7)
  a +0 chain mail
(5, 24, D:7)
  a -2 ring of slaying
(8, 34, D:7)
  a +0 leather armour
(11, 32, D:7)
  14 stones
(11, 47, D:7)
  a +0 scale mail
(15, 0, D:7)
  a +0 club
  a +0 ring mail
  a +0 hand axe
  a +0 glaive
(16, 0, D:7)
  a +0 club
(21, 42, D:7)
  a +0 chain mail
(24, 43, D:7)
  24 stones
(26, 4, D:7)
  27 stones
(35, 51, D:7)
  24 stones
(46, 48, D:7)
  a +0 scale mail
(51, 12, D:7)
  4 scrolls of random uselessness
  a +0 scale mail
(54, 53, D:7)
  a +0 dagger
  a +0 robe

Level 8 of the Dungeon
(0, 0, D:8)
  a +0 short sword
  a +0 plate armour
(1, 0, D:8)
  a +0 robe
  a +0 dagger
(8, 32, D:8)
  a +0 quarterstaff
  a +0 hunting sling
  25 sling bullets
  a +4 ring mail of fire resistance
(8, 34, D:8)
  a sling bullet
(8, 36, D:8)
  a sling bullet
(10, 18, D:8)
  a +0 shortbow
  18 arrows
(10, 20, D:8)
  an arrow
(13, 19, D:8)
  an arrow
(24, 29, D:8)
  15 bolts
(39, 6, D:8)
  a +0 giant club
  a +0 giant club
(50, 24, D:8)
  23 stones
(52, 21, D:8)
  a +0 club
  a +0 leather armour

Level 9 of the Dungeon
(0, 0, D:9)
  a +0 dagger of venom
  a +0 robe
(0, 1, D:9)
  a +0 hand axe
(1, 0, D:9)
  a +0 war axe
  a +0 chain mail
(24, 34, D:9)
  a +1 hand axe of chopping
(27, 33, D:9)
  a +0 club
(27, 34, D:9)
  a +0 dagger
  a +0 robe
(28, 33, D:9)
  a +0 hand axe
  a +0 ring mail
(29, 33, D:9)
  a +0 hand axe
(30, 15, D:9)
  a +0 ring mail
(30, 32, D:9)
  a +0 dagger
  a cursed +0 robe
(31, 32, D:9)
  a cursed -2 dagger
  a cursed +0 robe
(41, 6, D:9)
  a +0 dagger
(51, 1, D:9)
  a +0 mace
  a +0 falchion
  a cursed -1 leather armour
(52, 1, D:9)
  a +0 flail
  a +0 dagger
  a +0 robe
  a +0 flail
  a +0 plate armour
(57, 25, D:9)
  15 arrows

Level 10 of the Dungeon
(0, 0, D:10)
  16 stones
(0, 3, D:10)
  19 stones
(5, 11, D:10)
  a +0 robe
  a +3 flail
(6, 8, D:10)
  a +0 robe
  a +4 dagger of freezing
(7, 10, D:10)
  a cursed +0 robe
  a +3 war axe
  a +0 dire flail
  a +0 robe
(8, 16, D:10)
  an uncursed ring of fire
(20, 2, D:10)
  a +0 chain mail
(20, 33, D:10)
  a +0 giant spiked club
(27, 30, D:10)
  a crystal ball of energy
(28, 18, D:10)
  17 arrows
  a +0 shortbow
(29, 31, D:10)
  a +0 ring mail
(35, 24, D:10)
  2 arrows
(36, 24, D:10)
  3 arrows
(37, 24, D:10)
  2 arrows
(38, 24, D:10)
  2 arrows
(38, 25, D:10)
  a +0 shortbow
(40, 23, D:10)
  an arrow
(40, 29, D:10)
  a +0 giant club
  a +0 robe
(41, 23, D:10)
  an arrow
(47, 36, D:10)
  a +0 flail
(49, 41, D:10)
  a +10 giant club

Level 11 of the Dungeon
(0, 0, D:11)
  a +0 shortbow
(1, 6, D:11)
  18 arrows
(4, -5, D:11)
  a +0 leather armour
(5, 2, D:11)
  +0 acid dragon scales
(7, -10, D:11)
  a +0 giant club
(11, -26, D:11)
  24 stones
(11, -25, D:11)
  a +0 trident
(12, -22, D:11)
  25 sling bullets
(13, -22, D:11)
  8 stones
(17, -14, D:11)
  a +3 short sword of venom
(18, 9, D:11)
  a potion of brilliance
(24, -15, D:11)
  a +0 dire flail
  a +0 arbalest
  13 bolts
  a +0 plate armour
(28, -10, D:11)
  a +0 mace

Level 12 of the Dungeon
[Shop] Waoneupu's Distillery
  a potion of curing (39 gold)
  a potion of curing (39 gold)
  a potion of mutation (104 gold)
  a potion of flight (39 gold)
  a potion of cancellation (104 gold)
  a potion of curing (39 gold)
  a potion of curing (39 gold)
  a potion of curing (39 gold)
(0, 0, D:12)
  27 sling bullets
(6, -2, D:12)
  an uncursed ring of teleportation
(7, -39, D:12)
  21 arrows
(8, -35, D:12)
  a +0 mace
(10, -40, D:12)
  a +0 flail
(14, -42, D:12)
  a +0 flail
(16, -35, D:12)
  23 sling bullets
(21, -37, D:12)
  a +0 falchion
  a +0 chain mail
(22, -25, D:12)
  a +2 spear of flaming
(22, -23, D:12)
  a +0 leather armour
(22, 4, D:12)
  a +0 club
(23, 4, D:12)
  a +0 dagger
  a +0 giant spiked club
  a +0 whip
  a +0 giant spiked club
  a +0 giant spiked club
(24, 4, D:12)
  3 stones
(25, -24, D:12)
  a cursed +4 hand axe
  a +0 robe
(26, -24, D:12)
  a +3 trident of freezing
  a +0 robe
(27, -23, D:12)
  a cursed +4 long sword
  a +0 robe
(27, -12, D:12)
  a stone
(27, -10, D:12)
  2 stones
(28, -23, D:12)
  a +0 dire flail
  a +0 giant club
  a cursed +0 trident
  a +0 robe
(29, -11, D:12)
  a stone
(30, -13, D:12)
  a +0 trident
  a +0 plate armour
(32, -13, D:12)
  a cursed -2 short sword
  a +0 leather armour
(32, -12, D:12)
  11 stones
  a +0 ring mail
(34, -31, D:12)
  14 arrows
(37, -4, D:12)
  a +0 shortbow
  9 arrows
(38, -4, D:12)
  a +0 shortbow
  18 arrows
  a potion of brilliance
(39, -4, D:12)
  a +0 shortbow
  10 arrows
(39, -3, D:12)
  a +0 shortbow
  12 arrows
(40, 5, D:12)
  a wand of polymorph (0/24)
(41, -25, D:12)
  a +0 scimitar of flaming
  a +0 giant spiked club
  a +0 giant spiked club
(45, 2, D:12)
  a +0 hand axe
  a +0 whip
  a cursed -3 falchion
  a +0 leather armour
(46, -35, D:12)
  a +0 trident
(46, 1, D:12)
  a +2 trident of piercing
  a +0 ring mail
(50, -34, D:12)
  a +0 glaive
  2 throwing nets
  a +0 ring mail

Level 13 of the Dungeon
(0, 0, D:13)
  11 arrows
(7, 1, D:13)
  a +0 chain mail
(8, -25, D:13)
  22 arrows
  a +0 longbow
(8, 1, D:13)
  a +0 dagger
  a +0 halberd
  a +0 plate armour
(9, 1, D:13)
  a cursed +0 club
  a +0 leather armour
(14, -24, D:13)
  a cursed staff of summoning
(14, -23, D:13)
  6 stones
(14, -20, D:13)
  a +0 robe
(14, -18, D:13)
  6 scrolls of amnesia
(16, -18, D:13)
  a +1 scythe of freezing
  an uncursed ring of see invisible
  an uncursed ring of stealth
  a +1 glaive of freezing
(17, -29, D:13)
  a +0 chain mail
  a +0 mace
(17, -18, D:13)
  a +2 battleaxe of freezing
  a potion of ambrosia
  a potion of brilliance
  a wand of acid (3/15)
  an uncursed ring of ice
  a +2 ring of protection
(18, -23, D:13)
  a bolt
(18, -12, D:13)
  a +0 giant club
  a +0 giant club
(19, -26, D:13)
  a +0 robe
  a +0 dagger
(19, -24, D:13)
  a +0 chain mail
  a +3 dire flail
  a +0 robe
  a +0 dagger
(20, -24, D:13)
  a +0 robe
  a +0 dagger
  a +0 dagger
  a +0 robe
(20, -23, D:13)
  18 bolts
  a +0 arbalest
(22, -18, D:13)
  2 royal jellies
  a meat ration
(23, -17, D:13)
  a +0 dagger
(24, -27, D:13)
  a +0 chain mail
(24, -26, D:13)
  21 stones
(31, -28, D:13)
  a +0 leather armour
(34, -10, D:13)
  a +0 broad axe
(35, -8, D:13)
  16 stones
(35, -1, D:13)
  a +3 scimitar of flaming
(39, -32, D:13)
  a +0 shortbow
  11 arrows
(39, 0, D:13)
  an arrow
(40, -30, D:13)
  an arrow
(40, -29, D:13)
  an arrow
(41, -33, D:13)
  an arrow
(41, -26, D:13)
  a +0 dagger
  a +0 robe
(41, 0, D:13)
  an arrow
(43, -26, D:13)
  a +2 flail of holy wrath
  a +0 whip
  a +0 leather armour
  a +0 chain mail
(44, -26, D:13)
  a cursed -1 hand axe
(44, -1, D:13)
  a cursed +0 shortbow
  16 arrows
(44, 0, D:13)
  a +0 longbow
  13 arrows
(46, 0, D:13)
  2 meat rations
  a +0 shortbow
  10 arrows
(48, -2, D:13)
  a +0 shortbow
  29 arrows
(51, -4, D:13)
  an arrow
(52, -4, D:13)
  an arrow
(53, -5, D:13)
  a +0 shortbow
  24 arrows
(58, -33, D:13)
  a +0 robe
(59, -4, D:13)
  a +0 pair of gloves

Level 14 of the Dungeon
(0, 0, D:14)
  a +0 dagger
  a +0 robe
(2, 0, D:14)
  a +0 mace of protection
  a +0 ring mail
(4, 0, D:14)
  a +0 dagger
  a +0 robe
(7, 0, D:14)
  the +2 leather armour of the Armoured One {+Fly MR+ SInv}
    It affects your resistance to hostile enchantments.
    It lets you see invisible.
    It lets you fly.
(8, -24, D:14)
  a +0 war axe
(8, -8, D:14)
  a cursed -2 short sword
(18, -2, D:14)
  13 arrows
(18, 14, D:14)
  a +0 hand axe
  a +0 leather armour
  a +0 hand axe
  a +0 robe
  a +0 war axe
  a +0 robe
(20, -24, D:14)
  +0 acid dragon scales
(21, 3, D:14)
  a +3 quarterstaff
(22, -12, D:14)
  a +0 spear
(22, -11, D:14)
  a cursed +0 scale mail
(23, 9, D:14)
  a +0 ring mail
(27, 15, D:14)
  a +0 dagger
  a +0 robe
(33, 17, D:14)
  a +0 dagger
(34, 1, D:14)
  a +0 hand crossbow
(34, 17, D:14)
  a +0 war axe
  a +0 dagger
  a +0 robe
  a +0 shortbow
  24 arrows
(42, 6, D:14)
  a +0 hand axe
(42, 9, D:14)
  a +0 robe
  a +0 dagger
(43, 11, D:14)
  a +0 robe
  a +0 dagger
(44, 8, D:14)
  a +0 scale mail
  a +0 club

Level 15 of the Dungeon
(0, 0, D:15)
  a +0 glaive
  a +0 chain mail
(2, -11, D:15)
  a +0 cloak
(4, 29, D:15)
  a +2 vampiric demon blade
(7, 9, D:15)
  21 stones
(11, -16, D:15)
  a +0 battleaxe
(12, 27, D:15)
  15 stones
(13, 22, D:15)
  5 large rocks
(15, 23, D:15)
  a large rock
(23, -3, D:15)
  a +0 halberd
(49, 4, D:15)
  a +0 dire flail
(54, 9, D:15)
  an uncursed staff of fire
(55, 3, D:15)
  a +0 leather armour
(57, -19, D:15)
  11 poisoned needles

the Ecumenical Temple

Level 1 of the Orcish Mines
[Shop] Dieng's Magic Scroll Boutique
  a scroll of immolation (45 gold)
  a scroll of random uselessness (13 gold)
  a scroll of holy word (97 gold)
  a scroll of holy word (97 gold)
  a scroll of amnesia (45 gold)
(0, 0, Orc:1)
  a scroll of random uselessness
(1, 2, Orc:1)
  a scroll of random uselessness
(7, 13, Orc:1)
  a +0 halberd
(8, 12, Orc:1)
  a +0 flail
  a +1 whip of draining
  a +0 spear
  a +0 ring mail
  a +0 buckler
(8, 13, Orc:1)
  a gnoll skeleton
(13, 13, Orc:1)
  a +0 robe
  a +0 dagger
(14, 12, Orc:1)
  a +0 club
(14, 13, Orc:1)
  a +0 robe
  a +0 dagger
  an orc skeleton
(16, 15, Orc:1)
  a +0 chain mail
  a +0 scimitar
  a +0 flail
  a +0 plate armour
  a +0 scimitar
  a +0 mace
  a +0 chain mail
  a +0 great mace
  a +0 giant club
  a +0 giant club
(19, 20, Orc:1)
  a cursed +0 plate armour
  (unseen)
(19, 22, Orc:1)
  a +0 ring mail
  (unseen)
(22, 19, Orc:1)
  a +0 whip
(22, 23, Orc:1)
  a +0 plate armour
  a +0 hand axe
  a +0 flail
  a +0 leather armour
  a +0 short sword
(23, 20, Orc:1)
  a +0 ring mail
  a +0 flail
(23, 21, Orc:1)
  a +0 plate armour
  a cursed -1 hand axe
(23, 22, Orc:1)
  4 large rocks
  a bolt
(23, 23, Orc:1)
  a +0 ring mail
  a cursed -2 dagger
  a +0 flail
  a +0 whip
  a +0 plate armour
  a +0 long sword
(24, 19, Orc:1)
  a +0 leather armour
  a +0 hand axe
(25, 22, Orc:1)
  a +0 chain mail
  a +0 glaive
(25, 23, Orc:1)
  a +0 robe
  a +0 dagger
(26, 22, Orc:1)
  a +0 leather armour
  a +0 dagger
(26, 23, Orc:1)
  a tomahawk
  a +0 flail
(27, 22, Orc:1)
  a +0 trident
(28, 34, Orc:1)
  a +0 dagger
(29, 22, Orc:1)
  a +0 leather armour
(29, 25, Orc:1)
  a +2 hand axe of chopping
(29, 33, Orc:1)
  a +0 falchion
  a +0 leather armour
(29, 34, Orc:1)
  a +2 dire flail of crushing
  a +0 chain mail
(30, 35, Orc:1)
  a +0 mace
  a +0 leather armour
  a +0 dagger
  a +0 robe
(31, 23, Orc:1)
  a tomahawk
(32, 22, Orc:1)
  a +0 dagger
  a +0 robe
(32, 23, Orc:1)
  a +0 mace
  a +0 plate armour
(32, 24, Orc:1)
  a +0 club
  a +0 dagger
  a +0 leather armour
(33, 22, Orc:1)
  a +0 falchion of venom
  a +0 ring mail
(33, 23, Orc:1)
  a +0 mace
  a cursed +0 chain mail
(39, 43, Orc:1)
  a +0 trident
  a +0 club
  a +0 leather armour
(39, 45, Orc:1)
  a +0 flail
  a +0 club
(40, 43, Orc:1)
  a +0 club
  a +0 leather armour
  a +0 flail
  a +0 scimitar
  a +0 chain mail
(40, 44, Orc:1)
  a +0 whip
  a +0 glaive
(40, 45, Orc:1)
  a cursed -2 falchion
(41, 26, Orc:1)
  a tomahawk
(41, 27, Orc:1)
  a tomahawk
(41, 43, Orc:1)
  a +0 glaive
  a +0 chain mail
(41, 46, Orc:1)
  a +0 dagger
  a +0 robe
(42, 27, Orc:1)
  2 tomahawks
(43, 27, Orc:1)
  2 tomahawks

Level 2 of the Orcish Mines
[Shop] Zaixaus's General Store
  a cursed -1 leather armour (1 gold)
  a potion of curing (36 gold)
  11 stones (13 gold)
  a +0 ring mail (48 gold)
  a phantom mirror (360 gold)
  a wand of flame (31/48) (198 gold)
  a +0 rapier (48 gold)
  25 stones (30 gold)
  a royal jelly (24 gold)
[Shop] Qezawafi's Food Boutique
  a bread ration (65 gold)
  3 fruits (58 gold)
  a meat ration (65 gold)
  a bread ration (65 gold)
  a royal jelly (26 gold)
  3 fruits (58 gold)
  a royal jelly (26 gold)
  a royal jelly (26 gold)
  a royal jelly (26 gold)
  a meat ration (65 gold)
[Shop] Anguymuri's Antique Weapon Shoppe
  a +0 arbalest (139 gold)
  a +0 fustibalus (465 gold)
  a +0 hunting sling (46 gold)
  a +1 war axe of electrocution (486 gold)
  a +0 flail (108 gold)
  a +6 blowgun (1069 gold)
  the +10 short sword "Xounk" {pierce, rF+} (2123 gold)
    It inflicts extra damage upon your enemies.
    
    It protects you from fire.
  the +8 lajatang "Grim Tooth" {slice, Stlth+} (2241 gold)
    It inflicts extra damage upon your enemies.
    
    It makes you more stealthy.
  a cursed -3 halberd (3 gold)
  a +0 spear (93 gold)
  a +0 battleaxe (201 gold)
[Shop] Gesoz's Assorted Antiques
  a scroll of remove curse (90 gold)
  a +0 glaive (195 gold)
  a potion of resistance (300 gold)
  a lamp of fire (1200 gold)
  a +0 arbalest (135 gold)
  a potion of degeneration (30 gold)
  a +1 helmet of intelligence (495 gold)
  a scroll of random uselessness (30 gold)
  a +0 scale mail (120 gold)
  a scroll of acquirement (1560 gold)
  a +0 leather armour (60 gold)
  a potion of agility (120 gold)
  a wand of lightning (2/15) (180 gold)
[Shop] Haovext's Weapon Shoppe
  a +0 falchion (48 gold)
  a +0 spear (48 gold)
  a +0 morningstar (64 gold)
  a +0 quarterstaff (64 gold)
  a +0 club (16 gold)
  the +7 dagger of Vone {venom, rElec} (822 gold)
    It poisons the flesh of those it strikes.
    
    It insulates you from electricity.
  a +0 halberd (64 gold)
  a +0 lajatang (240 gold)
  a +0 shortbow (48 gold)
(0, 0, Orc:2)
  a +0 trident
(3, -16, Orc:2)
  a +0 leather armour
  a +0 hand axe
(3, -15, Orc:2)
  a cursed -2 dagger
  an orc corpse (skeletalised by now)
(3, -14, Orc:2)
  a +0 flail
  a +0 trident
  an orc corpse (skeletalised by now)
  an orc corpse (skeletalised by now)
(4, -15, Orc:2)
  a +0 robe
  a +0 dagger
(4, -14, Orc:2)
  a +0 ring mail
  a +0 club
  an orc corpse (skeletalised by now)
(4, -11, Orc:2)
  a +0 robe
  a cursed -3 dagger
(5, -13, Orc:2)
  a +1 chain mail of fire resistance
  a +0 war axe
  an orc corpse (skeletalised by now)
(6, -31, Orc:2)
  a +0 whip
(6, -9, Orc:2)
  a +0 robe
  a +0 dagger
(7, -33, Orc:2)
  a +0 hand axe
(7, -32, Orc:2)
  a tomahawk
(7, -12, Orc:2)
  a +0 chain mail
  a +0 flail
(8, -33, Orc:2)
  a +0 plate armour
  4 tomahawks
  a +0 battleaxe
(8, -32, Orc:2)
  a +0 chain mail
  a +2 flail of protection
(12, 0, Orc:2)
  a +0 plate armour
  a +0 trident of venom
(12, 1, Orc:2)
  a +0 whip
(13, 1, Orc:2)
  a +0 robe
  a +0 dagger
  a +0 flail
  a +0 chain mail
(14, 2, Orc:2)
  a +0 club
(26, 2, Orc:2)
  a +0 chain mail
  a +0 war axe
(26, 3, Orc:2)
  a +0 leather armour
  a +0 mace
(27, -2, Orc:2)
  6 large rocks
(28, 2, Orc:2)
  a tomahawk
(31, -2, Orc:2)
  a +0 leather armour
  a cursed -1 falchion
  a +2 trident of distortion
  a +0 plate armour
(31, 2, Orc:2)
  a +0 glaive
  a +0 plate armour
(31, 3, Orc:2)
  a +0 plate armour
  4 tomahawks
  a +0 dire flail
(32, -2, Orc:2)
  a +0 falchion
(33, 0, Orc:2)
  a +0 leather armour
  a +0 club
(35, 1, Orc:2)
  a +0 chain mail
  a +0 leather armour
  a +3 battleaxe
  a +0 arbalest
  18 bolts
  a +0 flail
(36, 2, Orc:2)
  a +0 chain mail
  a +0 club
(37, -3, Orc:2)
  a +0 dagger
  a +0 robe
(38, 1, Orc:2)
  a tomahawk
(39, 4, Orc:2)
  a +0 dagger
  a +0 robe
(40, -12, Orc:2)
  a +1 great sword of slicing
  a +0 chain mail
  a bolt
(40, -1, Orc:2)
  2 bolts
(40, 6, Orc:2)
  a +0 mace
  a +0 long sword
  a +0 chain mail
(41, -12, Orc:2)
  a +0 dagger
  a +0 robe
  a +0 war axe
  a +0 leather armour
  a +0 long sword
  a +0 dagger
  a +0 dagger
  a +0 robe
  a +0 dire flail
  a +0 chain mail
  a +0 dagger
  a +0 robe
  a +0 battleaxe
  a +0 chain mail
(42, -12, Orc:2)
  a +0 hand axe of freezing
  a +0 chain mail
  a +0 short sword
  a +0 chain mail
(43, -13, Orc:2)
  a +0 glaive
  a +0 arbalest
  24 bolts
  a +0 chain mail
(43, -12, Orc:2)
  a +0 dagger
  a +2 robe of cold resistance
(47, -10, Orc:2)
  a +0 chain mail
(47, -9, Orc:2)
  a +0 whip
  a +0 chain mail
  a +0 flail
  4 tomahawks
  a +0 ring mail
(50, -20, Orc:2)
  a +0 glaive
  a +0 scale mail
  an orc corpse (skeletalised by now)
(50, -14, Orc:2)
  a bolt
(50, -6, Orc:2)
  a cursed -2 short sword
(51, -20, Orc:2)
  a +0 battleaxe
  a +0 chain mail
  an orc corpse (skeletalised by now)
(51, -19, Orc:2)
  a cursed -1 dagger
  a +0 robe
  an orc corpse (skeletalised by now)
(52, -17, Orc:2)
  a +0 flail
  a cursed +0 chain mail
  a +0 ring mail
  an orc corpse (skeletalised by now)

Level 1 of the Elven Halls
(0, 0, Elf:1)
  a +0 scale mail
(3, 1, Elf:1)
  a +0 scimitar
  (unseen)
(7, -10, Elf:1)
  a +0 rapier
  a +0 leather armour
(7, -9, Elf:1)
  a +0 long sword
(10, -11, Elf:1)
  a +0 long sword

Level 1 of the Lair of Beasts
(0, 0, Lair:1)
  a book of Changes
  a -3 dire flail
(10, -23, Lair:1)
  a +0 robe
(11, 11, Lair:1)
  15 stones
(12, 8, Lair:1)
  a +0 quarterstaff of freezing
  a +2 robe of cold resistance
(13, -34, Lair:1)
  a +0 glaive
(13, -31, Lair:1)
  a +0 club
(15, -11, Lair:1)
  2 potions of magic
  2 potions of mutation
  a potion of degeneration
(15, -10, Lair:1)
  a +0 war axe
(16, -11, Lair:1)
  a phial of floods (inert)
(16, -10, Lair:1)
  a +0 plate armour
(16, -9, Lair:1)
  a +0 broad axe of distortion
  a +0 shield
(17, -12, Lair:1)
  a wand of clouds (4/9)
(17, -11, Lair:1)
  a +2 ring of intelligence
  the amulet "Fotuq" {Harm *Drain rF+ rC+ MR+}
    [amulet of harm]
    
    It increases damage dealt and taken.
    It protects you from fire.
    It protects you from cold.
    It affects your resistance to hostile enchantments.
    It causes draining when unequipped.
(18, -11, Lair:1)
  6 meat rations
(27, 9, Lair:1)
  a +2 war axe of chopping
(37, 9, Lair:1)
  a +0 leather armour
(39, 7, Lair:1)
  11 sling bullets
(40, -30, Lair:1)
  a +0 robe
(41, -21, Lair:1)
  a +0 club
(41, 3, Lair:1)
  an uncursed staff of poison
(43, -36, Lair:1)
  8 stones
(45, 15, Lair:1)
  a +0 robe

Level 2 of the Lair of Beasts
(0, 0, Lair:2)
  a +0 buckler
(4, 4, Lair:2)
  a +0 ring mail
(4, 7, Lair:2)
  21 stones
(8, -13, Lair:2)
  a +0 halberd
(12, -8, Lair:2)
  21 stones
(15, -11, Lair:2)
  a +0 trident
(15, -9, Lair:2)
  a +0 vampiric trident
(16, 21, Lair:2)
  a cursed +0 scimitar
(18, -19, Lair:2)
  a +0 naga barding
(18, 20, Lair:2)
  5 needles of confusion
(19, 14, Lair:2)
  a +0 spear
(20, -23, Lair:2)
  a +0 pair of gloves
(21, 4, Lair:2)
  a +0 rapier
(22, -7, Lair:2)
  a +0 leather armour
(22, 2, Lair:2)
  a +0 flail
(36, -21, Lair:2)
  a +0 fustibalus
(39, 15, Lair:2)
  a potion of degeneration
(41, -10, Lair:2)
  16 arrows

Level 3 of the Lair of Beasts
(0, 0, Lair:3)
  a +0 scimitar
(1, 0, Lair:3)
  2 tomahawks
(5, -2, Lair:3)
  7 tomahawks
(6, -2, Lair:3)
  a +0 trident
(8, -4, Lair:3)
  a +0 trident
  3 tomahawks
(10, -1, Lair:3)
  a tomahawk
(12, 15, Lair:3)
  25 stones
(15, 1, Lair:3)
  a throwing net
(18, -11, Lair:3)
  22 poisoned needles
(20, -4, Lair:3)
  7 arrows
(46, 21, Lair:3)
  an uncursed staff of conjuration
(53, 26, Lair:3)
  a cursed -1 chain mail

Level 4 of the Lair of Beasts
(0, 0, Lair:4)
  32 stones
(3, 46, Lair:4)
  a +0 robe
(20, 18, Lair:4)
  a cursed +0 chain mail
(23, 15, Lair:4)
  a +2 great sword of protection
(26, 47, Lair:4)
  a +0 great sword
(32, 52, Lair:4)
  a +0 scale mail
(42, 7, Lair:4)
  a +0 robe

Level 5 of the Lair of Beasts
(4, 25, Lair:5)
  a book of Fire
(10, 23, Lair:5)
  13 arrows
(21, 7, Lair:5)
  23 arrows

Level 6 of the Lair of Beasts
(0, 0, Lair:6)
  a +0 robe
(1, -1, Lair:6)
  a wand of iceblast (0/15)
(1, 0, Lair:6)
  13 stones
(3, -22, Lair:6)
  24 stones
(5, 19, Lair:6)
  a +0 chain mail
(7, -10, Lair:6)
  18 stones
(9, 12, Lair:6)
  20 stones
(33, -23, Lair:6)
  9 stones
(41, 10, Lair:6)
  a cursed ring of teleportation
(58, 27, Lair:6)
  21 bolts
(65, -21, Lair:6)
  a +0 chain mail

