Mash

Level 1 of the Dungeon
(0, 0, D:1)
  24 stones
(1, -12, D:1)
  a cursed -2 club
(5, -12, D:1)
  14 arrows
(6, -22, D:1)
  a +0 club
(7, -24, D:1)
  a +0 short sword
(9, -18, D:1)
  16 sling bullets
(14, -6, D:1)
  a +0 dagger
(17, -4, D:1)
  21 stones
(18, 2, D:1)
  a +0 club
(35, 11, D:1)
  a +0 club
(38, 3, D:1)
  a +0 robe
(45, -18, D:1)
  15 stones
(46, 10, D:1)
  14 arrows
(50, 9, D:1)
  22 arrows
(51, -9, D:1)
  a +0 club
(51, 12, D:1)
  a +0 club
(52, -17, D:1)
  a stone
(53, 12, D:1)
  a +0 club
(55, 29, D:1)
  15 poisoned needles
(56, 4, D:1)
  26 sling bullets
(62, 32, D:1)
  11 stones
(64, 6, D:1)
  15 stones
(67, -7, D:1)
  a +0 mace

Level 2 of the Dungeon
(0, 0, D:2)
  a cursed -2 club
(0, 2, D:2)
  13 stones
(7, 7, D:2)
  18 stones
(10, -18, D:2)
  a +0 scale mail
(12, -19, D:2)
  a stone
(14, -19, D:2)
  a +0 short sword
  2 stones
(22, -14, D:2)
  a +0 hand axe
(24, -22, D:2)
  a cursed -2 spear
(24, -15, D:2)
  a +0 hunting sling
  15 stones
(26, -15, D:2)
  a stone
(28, -15, D:2)
  a stone
(31, -27, D:2)
  7 tomahawks
(35, 1, D:2)
  23 arrows
(38, 4, D:2)
  an uncursed staff of energy
(42, -9, D:2)
  a cursed +0 robe

Level 3 of the Dungeon
(1, 13, D:3)
  a +0 club
(1, 29, D:3)
  a +0 whip
(7, 1, D:3)
  a cursed +0 hand axe
(12, 48, D:3)
  a +0 whip
(20, 48, D:3)
  a +0 ring mail
(26, 16, D:3)
  a +0 dagger
(28, 12, D:3)
  a +0 leather armour
  a +0 hand axe
  a cursed +0 leather armour
(31, 39, D:3)
  a +0 whip
(33, 27, D:3)
  a +0 dagger
(39, 46, D:3)
  11 stones
(44, 43, D:3)
  a cursed -1 mace
(45, 21, D:3)
  a +0 leather armour
(45, 45, D:3)
  a +4 quarterstaff of chaos
  a +0 cloak

Level 4 of the Dungeon
(0, 0, D:4)
  a +0 leather armour
(6, -2, D:4)
  a +0 ring mail
(17, 7, D:4)
  a +0 scale mail
(19, -24, D:4)
  a +0 ring mail
(38, 7, D:4)
  a +0 long sword
(48, -31, D:4)
  a +0 scale mail
(48, 3, D:4)
  a cursed -3 giant club
(50, 2, D:4)
  29 stones
(50, 3, D:4)
  a +0 flail
(52, -4, D:4)
  a +0 glaive
(54, -16, D:4)
  13 stones
(56, -15, D:4)
  a +0 leather armour
(62, -7, D:4)
  8 tomahawks
(62, 16, D:4)
  a +0 robe
  a +0 dagger
  a +0 hand axe

Level 5 of the Dungeon
(0, 0, D:5)
  a +0 flail
  a +0 leather armour
(1, -3, D:5)
  a +0 giant club
(2, -6, D:5)
  a +0 robe
(11, -33, D:5)
  25 stones
(11, -26, D:5)
  a cursed +0 leather armour
(12, -23, D:5)
  a +0 robe
(13, -33, D:5)
  23 stones
(38, -15, D:5)
  20 poisoned needles
(43, -3, D:5)
  a +0 falchion
(46, -2, D:5)
  20 stones
(50, -26, D:5)
  16 stones
(51, -26, D:5)
  a +0 robe
  a +0 club
(51, -24, D:5)
  22 arrows
  a +0 shortbow

Level 6 of the Dungeon
(0, 0, D:6)
  a +0 long sword
(17, -21, D:6)
  15 sling bullets
(17, -14, D:6)
  18 stones
  a +0 halberd
(18, -8, D:6)
  a +0 leather armour
(19, -1, D:6)
  20 stones
(20, -23, D:6)
  a +0 chain mail
(20, -13, D:6)
  a stone
(27, -10, D:6)
  a +0 chain mail
  a +0 halberd
  a +0 halberd
(27, -9, D:6)
  a +0 scale mail
  a +0 short sword
(29, -10, D:6)
  a +0 leather armour
  a +0 hand axe of venom
(29, 5, D:6)
  a +0 spear
(31, -10, D:6)
  a +0 club
(32, -16, D:6)
  a +0 mace
(32, -15, D:6)
  a +0 club
  a +0 mace
  a +0 plate armour
(32, -14, D:6)
  a +0 ring mail
  a +0 chain mail
  a +2 short sword of electrocution
(38, -24, D:6)
  a +0 spear
(38, 3, D:6)
  12 arrows
(42, 6, D:6)
  34 stones
(47, -31, D:6)
  a +0 club
(48, -33, D:6)
  a +0 leather armour

Level 7 of the Dungeon
(0, 0, D:7)
  19 stones
(6, -17, D:7)
  16 bolts
(8, -21, D:7)
  a +0 giant club
(12, 17, D:7)
  a +0 hand axe
(15, 26, D:7)
  16 bolts
(17, 27, D:7)
  a +0 flail
  a +0 scale mail
(23, -15, D:7)
  19 stones
(23, -11, D:7)
  a stone
(23, 10, D:7)
  a +0 whip
(24, -11, D:7)
  a +0 whip
  a +0 leather armour
(25, -11, D:7)
  a cursed +3 long sword
  a +0 robe
  a +3 dagger
  15 stones
  a +0 robe
(25, 14, D:7)
  a +0 robe
  a +0 dagger
(26, -11, D:7)
  a +3 scimitar
  a +0 robe
(27, 17, D:7)
  22 stones
(28, -9, D:7)
  a +0 spear
(30, 14, D:7)
  a +0 robe
  a +0 dagger
  a +0 robe
  a +0 dagger
  a +0 hand axe
(35, 16, D:7)
  3 arrows
(36, 17, D:7)
  an arrow
  a +0 flail
(37, 17, D:7)
  an arrow
  a +0 ring mail
  a cursed -2 flail
  a cursed +0 leather armour
  a +0 dagger
  a +0 chain mail
  a +0 halberd
(37, 20, D:7)
  a +1 dagger of holy wrath
(40, 5, D:7)
  23 sling bullets
(45, 20, D:7)
  a +0 chain mail
  a +0 robe
  a +0 flail
  a +1 dagger of holy wrath
  a +0 short sword of venom
  a +0 leather armour
(46, 23, D:7)
  15 stones
(47, 23, D:7)
  a +0 whip
  a +2 ring mail of magic resistance
  a +0 short sword
  a +0 chain mail
  a +0 shortbow
  2 arrows
(48, 23, D:7)
  a stone
(61, 23, D:7)
  an arrow
(62, 25, D:7)
  a +0 shortbow
  20 arrows

Level 8 of the Dungeon
(0, 0, D:8)
  24 sling bullets
(0, 11, D:8)
  28 stones
(6, 4, D:8)
  24 stones
(7, 15, D:8)
  a +0 hunting sling
(11, 5, D:8)
  a +0 giant club
(13, 14, D:8)
  2 curare-tipped needles
(13, 15, D:8)
  a +0 trident
(17, 15, D:8)
  18 stones
(19, 4, D:8)
  10 stones
(20, -7, D:8)
  a +0 hunting sling
(29, -6, D:8)
  a +0 mace
(29, 49, D:8)
  a +1 cloak
(39, 18, D:8)
  a cursed -2 giant spiked club
  a +0 giant club
(40, 8, D:8)
  a +0 club
  a +0 dagger
(41, 5, D:8)
  a stone
(41, 8, D:8)
  a stone
  a +0 whip
(42, 3, D:8)
  a +0 robe
  a +0 dagger
(46, -7, D:8)
  a +0 bardiche
(57, 10, D:8)
  a +0 giant club
  a +0 giant spiked club

Level 9 of the Dungeon
[Shop] Litu's Jewellery Boutique
  a cursed ring of teleportation (63 gold)
  an uncursed ring of ice (350 gold)
  a cursed amulet of inaccuracy (28 gold)
  an uncursed amulet of faith (560 gold)
  the ring "Non Luab" {rC- Str+3 Dex+4 Slay+2} (455 gold)
    [ring of strength]
    
    It affects your strength (+3).
    It affects your dexterity (+4).
    It affects your accuracy and damage with ranged weapons and melee attacks
    (+2).
    It makes you vulnerable to cold.
  the ring of Fomnoa Yziwe {rElec rF+ rN+ MP+9 Stlth+} (862 gold)
    [ring of stealth]
    
    It protects you from fire.
    It insulates you from electricity.
    It protects you from negative energy.
    It affects your magic capacity (+9).
    It makes you more stealthy.
  a +4 ring of evasion (504 gold)
  an uncursed amulet of faith (560 gold)
  an uncursed amulet of regeneration (420 gold)
(0, 0, D:9)
  12 arrows
(4, 11, D:9)
  17 stones
(4, 41, D:9)
  a +0 pair of boots
(16, 32, D:9)
  a +2 hand axe of freezing
(38, -7, D:9)
  a +0 robe
(43, -5, D:9)
  a +0 club
(47, 7, D:9)
  a +0 scale mail
  a +0 dagger
(50, -4, D:9)
  22 stones
(51, 17, D:9)
  25 stones
(51, 37, D:9)
  19 stones
(60, 1, D:9)
  a +0 short sword
(60, 41, D:9)
  a +0 helmet

Level 10 of the Dungeon
(0, 0, D:10)
  20 stones
(3, -37, D:10)
  14 arrows
(3, 8, D:10)
  a +4 dire flail
  a +0 giant spiked club
(4, -29, D:10)
  a +1 hat
(5, -36, D:10)
  a wand of digging (8/24)
(5, -33, D:10)
  14 arrows
(10, -19, D:10)
  a +0 long sword
(10, -4, D:10)
  an uncursed ring of stealth
(11, -29, D:10)
  a +0 ring mail
(11, -25, D:10)
  a +0 shortbow
  8 arrows
(11, -23, D:10)
  2 arrows
(11, 9, D:10)
  28 stones
(14, -36, D:10)
  the +9 hunting sling "Dragon's Tongue" {speed, Dex+5}
    Attacks with this weapon are significantly faster.
    
    It affects your dexterity (+5).
(14, -11, D:10)
  a +2 long sword
  a +0 robe
(15, -16, D:10)
  a +5 falchion
  a +0 robe
(15, -11, D:10)
  a cursed +2 spear
  a +0 robe
(22, -35, D:10)
  a +0 long sword
(24, -6, D:10)
  15 bolts
(32, -39, D:10)
  a +0 helmet
(34, -32, D:10)
  a +0 ring mail
(35, -3, D:10)
  2 stones
(35, -2, D:10)
  a stone
  a +0 dagger
  a +0 dagger
(35, 0, D:10)
  a +0 blowgun
  18 poisoned needles
  a +0 short sword
  2 stones
(38, -15, D:10)
  a +0 leather armour
(39, -40, D:10)
  a +0 scale mail
(39, 18, D:10)
  a scroll of amnesia
(40, 15, D:10)
  18 arrows
(44, -27, D:10)
  a +0 leather armour

Level 11 of the Dungeon
(0, 0, D:11)
  an arrow
(0, 1, D:11)
  an arrow
(5, -3, D:11)
  21 arrows
  a +0 shortbow
(7, -21, D:11)
  a potion of mutation
(9, -3, D:11)
  3 tomahawks
  a cursed -2 short sword
(10, -3, D:11)
  a +0 robe
  a +0 dagger
(11, -4, D:11)
  a +0 mace
(12, -4, D:11)
  a +0 plate armour
  a +0 scimitar
(12, -3, D:11)
  a tomahawk
(17, -30, D:11)
  a +1 war axe
  a cursed +0 leather armour
  a +0 shield
(17, -15, D:11)
  a +4 long sword
  a +0 robe
  a cursed -2 battleaxe
  a +0 robe
  a cursed +0 falchion
  a +0 robe
(17, -14, D:11)
  a +2 war axe
  a +0 robe
(19, 12, D:11)
  a large rock
(21, 12, D:11)
  a large rock
(24, 12, D:11)
  a large rock
(27, -3, D:11)
  a +0 robe
  a +0 short sword
(27, 8, D:11)
  a phial of floods
(31, -10, D:11)
  an uncursed staff of death
(33, 8, D:11)
  a +1 hat
(36, -16, D:11)
  a +0 giant spiked club
(39, -29, D:11)
  a +1 vampiric short sword
  11 stones
(41, -30, D:11)
  a stone
(43, -32, D:11)
  a stone
(46, -34, D:11)
  2 stones
(46, -33, D:11)
  a stone
(46, -29, D:11)
  a +0 trident
(46, 16, D:11)
  a +0 war axe
(47, -9, D:11)
  a +4 dagger of chaos
  a +0 robe
(48, -39, D:11)
  19 stones
(51, 7, D:11)
  a +0 dagger
  a +0 robe
(51, 8, D:11)
  a +2 dagger of holy wrath
  a +0 robe
(52, 7, D:11)
  a +2 flail of draining
(53, 8, D:11)
  a +0 club
(53, 9, D:11)
  a +0 flail
  a +0 chain mail
(55, -7, D:11)
  a +0 scimitar of flaming
  a +0 robe
(58, -15, D:11)
  a +0 dagger

Level 12 of the Dungeon
[Shop] Tucvow's Book Boutique
  a book of Debilitation (680 gold)
  a book of Conjurations (510 gold)
  a Young Poisoner's Handbook (680 gold)
  a book of Minor Magic (340 gold)
  a book of Cantrips (340 gold)
  a book of Battle (680 gold)
  a Fen Folio (1275 gold)
[Shop] Cobajisch's Antique Weapon Shoppe
  the +12 bardiche "X" {chop, rC+ Str+3} (2251 gold)
    It inflicts extra damage upon your enemies.
    
    It affects your strength (+3).
    It protects you from cold.
  a +0 club (24 gold)
  a +0 trident (84 gold)
  a +2 fustibalus of flaming (936 gold)
  a +1 battleaxe of venom (355 gold)
  a +0 hunting sling of flaming (112 gold)
  a +0 hand crossbow (84 gold)
[Shop] Urphavve's Antique Armour Shoppe
  a +0 plate armour (621 gold)
  a +0 pair of boots (121 gold)
  a +3 ring mail of positive energy (621 gold)
  a +0 leather armour (54 gold)
  a +2 scale mail of poison resistance (486 gold)
  a +0 scale mail (108 gold)
  the cursed +0 pair of gloves of Claustrophobia {SInv} (342 gold)
    It lets you see invisible.
    It has a curse placed upon it.
  a +2 scale mail of positive energy (486 gold)
  a +0 robe (18 gold)
[Shop] Ciceinow's Jewellery Shop
  an uncursed ring of protection from fire (325 gold)
  a cursed ring of wizardry (351 gold)
  an uncursed ring of fire (325 gold)
  a +3 ring of strength (204 gold)
  an uncursed amulet of faith (520 gold)
  an uncursed amulet of harm (390 gold)
  an uncursed ring of magical power (260 gold)
  an uncursed ring of ice (325 gold)
  a cursed amulet of inaccuracy (26 gold)
  a cursed ring of loudness (58 gold)
  an uncursed ring of flight (227 gold)
[Shop] Jepereo's Magic Scroll Emporium
  a scroll of fog (26 gold)
  a scroll of teleportation (39 gold)
  a scroll of remove curse (39 gold)
  a scroll of identify (26 gold)
  3 scrolls of identify (78 gold)
(0, 0, D:12)
  9 sling bullets
(1, 0, D:12)
  a cursed -2 quarterstaff
(6, 12, D:12)
  a +0 helmet
(13, 34, D:12)
  a scroll of silence
(16, 13, D:12)
  a +0 troll leather armour
(19, 18, D:12)
  a +0 scale mail
  a +0 battleaxe
  a potion of degeneration
(31, 9, D:12)
  17 stones
(31, 36, D:12)
  a +0 giant club
  a cursed -2 giant spiked club
  a +0 giant club
  a +0 trident
  a +0 ring mail
  a +0 dagger
(32, 36, D:12)
  a +0 giant club
  a +0 giant club
  a +0 giant spiked club
  a +0 plate armour
  a +0 hand axe
  a +0 short sword
  a cursed -2 short sword
  a +0 dagger
  a +0 plate armour
  a +0 short sword
(33, 36, D:12)
  a +0 chain mail
  a +1 flail of protection
(40, 46, D:12)
  13 sling bullets
(41, 22, D:12)
  a +0 scale mail
(44, -4, D:12)
  a +0 shortbow
(45, 29, D:12)
  16 stones
(47, 11, D:12)
  an arrow
(47, 15, D:12)
  an arrow
(48, 11, D:12)
  an arrow
(48, 17, D:12)
  a +0 shortbow
  13 arrows
(48, 24, D:12)
  a +0 hunting sling
(48, 31, D:12)
  20 stones
(49, 40, D:12)
  22 stones
(52, 32, D:12)
  a +0 dagger
(64, 23, D:12)
  a +0 dagger
(64, 24, D:12)
  a +0 flail
  a +0 long sword
  5 tomahawks
  a +0 plate armour
(66, 19, D:12)
  a +0 trident
(66, 20, D:12)
  a +1 dagger of draining
  a +0 robe
(66, 21, D:12)
  a +0 club

the Ecumenical Temple

Level 1 of the Orcish Mines
(0, 0, Orc:1)
  a +0 short sword
  a +0 ring mail
(1, 0, Orc:1)
  a +0 dagger
  a cursed +0 robe
  a +0 mace
(1, 1, Orc:1)
  a +0 flail
  a +0 plate armour
  2 tomahawks
(1, 2, Orc:1)
  a +0 hand axe
  a +0 leather armour
(2, 2, Orc:1)
  2 tomahawks
(3, -17, Orc:1)
  a cursed -3 dagger
(4, -17, Orc:1)
  a +0 short sword
  a +0 leather armour
(5, -19, Orc:1)
  a +0 hand axe
  a +0 ring mail
(11, 3, Orc:1)
  a +0 giant spiked club
(20, -23, Orc:1)
  a +0 dagger
  a +0 robe
(24, 12, Orc:1)
  a +0 war axe
  a +0 leather armour
  a +0 mace
  a +0 club
  a +0 plate armour
  a +0 dire flail
(25, 13, Orc:1)
  a +0 leather armour
  a +0 club
(32, 0, Orc:1)
  a +0 robe
  a +0 halberd
(33, 0, Orc:1)
  a +0 robe
  a cursed -3 dagger
(33, 1, Orc:1)
  a +0 robe
  a +0 dagger
  a +0 robe
  a +0 dagger
  a +0 giant club
  a +0 giant club
(34, 1, Orc:1)
  a +0 leather armour
  a +0 flail

Level 2 of the Orcish Mines
[Shop] Yge Nib's Gadget Emporium
  a box of beasts (200 gold)
  a wand of acid (2/15) (120 gold)
  a lamp of fire (400 gold)
  a wand of random effects (29/48) (155 gold)
  a phantom mirror (300 gold)
  a wand of paralysis (10/24) (120 gold)
  a wand of acid (9/15) (260 gold)
  a crystal ball of energy (200 gold)
  a wand of paralysis (14/24) (160 gold)
  a box of beasts (200 gold)
[Shop] Funad's General Store
  a cursed ring of teleportation (67 gold)
  a bread ration (75 gold)
  a scroll of teleportation (45 gold)
  a +3 hunting sling of flaming (295 gold)
  a +0 trident (52 gold)
  a sack of spiders (300 gold)
  an uncursed ring of protection from cold (375 gold)
  a phantom mirror (450 gold)
  a +0 great sword (97 gold)
[Shop] Wic Ubonov's General Store
  17 stones (30 gold)
  a +0 battleaxe (117 gold)
  a scroll of vulnerability (135 gold)
  21 stones (37 gold)
  a scroll of amnesia (63 gold)
  an uncursed ring of protection from magic (450 gold)
  a meat ration (90 gold)
  a scroll of remove curse (54 gold)
  16 stones (28 gold)
  a royal jelly (36 gold)
  a +0 leather armour (36 gold)
  8 poisoned needles (57 gold)
  a potion of curing (54 gold)
  a +0 dagger (36 gold)
[Shop] Kuedol's General Store
  a bread ration (70 gold)
  a meat ration (70 gold)
  2 scrolls of holy word (210 gold)
  a wand of flame (25/48) (189 gold)
  16 stones (22 gold)
  a wand of random effects (13/48) (105 gold)
  a meat ration (70 gold)
(0, 0, Orc:2)
  a +0 giant spiked club
(2, 6, Orc:2)
  a +0 giant spiked club
  a +1 dire flail of holy wrath
(5, -25, Orc:2)
  a +0 dagger
  a +2 robe of cold resistance
(5, -24, Orc:2)
  a +0 dire flail of holy wrath
  a +0 chain mail
(5, 0, Orc:2)
  a tomahawk
(6, -24, Orc:2)
  a +1 long sword of holy wrath
  a +0 chain mail
  a +0 giant club
(6, -1, Orc:2)
  a +0 plate armour
  a +0 glaive
(6, 0, Orc:2)
  2 tomahawks
(7, -1, Orc:2)
  a +0 ring mail
  a +0 dagger
  a +0 hand axe
(7, 0, Orc:2)
  a tomahawk
  a +0 short sword
  a +0 leather armour
  a +0 dagger
(7, 1, Orc:2)
  a +0 hand axe
(8, -1, Orc:2)
  a +0 hand axe
  a +0 scale mail
  a +0 club
  a +2 leather armour of poison resistance
  a +0 short sword
(8, 1, Orc:2)
  a +0 mace
(8, 7, Orc:2)
  a cursed -1 mace
(9, -1, Orc:2)
  a +0 halberd
  a +0 plate armour
  a +0 hand axe
(9, 0, Orc:2)
  a +0 short sword
  a +0 leather armour
  a +0 mace
(9, 1, Orc:2)
  a +0 hand axe
(11, 0, Orc:2)
  a +0 dire flail
  a cursed +0 plate armour
(13, -29, Orc:2)
  a +0 war axe
(13, -28, Orc:2)
  a cursed +0 dagger
  a +0 leather armour
(14, -18, Orc:2)
  a +0 chain mail
  a +0 trident of piercing
(15, -30, Orc:2)
  a +0 chain mail
(15, -18, Orc:2)
  a cursed -3 whip
(15, -17, Orc:2)
  a +0 hand axe
(15, 16, Orc:2)
  a +0 leather armour
  a +0 dagger
(15, 17, Orc:2)
  a +0 leather armour
  a +0 whip
  a +0 mace
(15, 18, Orc:2)
  a cursed +0 leather armour
  a +0 war axe
(16, -16, Orc:2)
  a +0 scale mail
  a +0 dagger
(16, 16, Orc:2)
  a +0 plate armour
  a +0 battleaxe
(16, 18, Orc:2)
  a +0 flail
(17, -32, Orc:2)
  a +0 halberd
  a +0 plate armour
(17, -18, Orc:2)
  a +0 ring mail
  a +0 club
(17, -17, Orc:2)
  a +0 leather armour
  a +0 flail
  a +0 ring mail
  a +0 short sword
(17, -16, Orc:2)
  a +0 dagger
(17, 16, Orc:2)
  a +0 chain mail
  a +0 battleaxe
(17, 17, Orc:2)
  a cursed +0 leather armour
(17, 18, Orc:2)
  a +0 plate armour
  a +0 hand axe
(18, -31, Orc:2)
  a +0 great sword
  a +0 plate armour
(18, -19, Orc:2)
  a +2 vampiric dagger
  a +1 dire flail of crushing
  a +0 dire flail
(19, -19, Orc:2)
  a +0 hand axe
(19, -18, Orc:2)
  a +0 plate armour
  a +0 short sword
(20, -25, Orc:2)
  3 scrolls of random uselessness
  a +0 scale mail
  a +0 club
(22, -31, Orc:2)
  a +3 war axe
  a +0 chain mail
(23, -26, Orc:2)
  a +0 hand axe
  a +0 dagger
  a +0 robe
(23, -25, Orc:2)
  a +0 chain mail
  7 tomahawks
  a +2 mace of holy wrath
(23, -24, Orc:2)
  a +0 leather armour
  a +4 flail of crushing
(25, 26, Orc:2)
  a +0 hand axe
(28, 17, Orc:2)
  an arrow
(28, 32, Orc:2)
  a +0 hand axe
  a +0 glaive
  a +0 chain mail
(29, 0, Orc:2)
  a +0 chain mail of fire resistance
(29, 2, Orc:2)
  a +0 hand axe
  a +0 ring mail
(29, 7, Orc:2)
  a +3 longbow of flaming
  2 arrows
  a +0 centaur barding
(29, 8, Orc:2)
  a +0 hand axe
  a +0 chain mail
  an arrow
(30, 7, Orc:2)
  a +0 hand axe
  a +0 chain mail
  an arrow
(30, 9, Orc:2)
  an arrow
(30, 10, Orc:2)
  3 arrows
(31, 7, Orc:2)
  a +0 mace
(31, 14, Orc:2)
  2 arrows
(32, -30, Orc:2)
  a cursed -3 glaive
  a +0 chain mail
(32, 4, Orc:2)
  an arrow
  a +0 scale mail
(32, 6, Orc:2)
  a +0 dire flail
  a +0 plate armour
(33, 10, Orc:2)
  an arrow
(33, 11, Orc:2)
  an arrow
(33, 12, Orc:2)
  an arrow
(35, -5, Orc:2)
  a +0 glaive
  a cursed +0 chain mail
(37, -5, Orc:2)
  a +0 giant club
(37, 10, Orc:2)
  a +0 hunting sling
(38, -2, Orc:2)
  a cursed -2 dagger
  a +0 robe
(38, 2, Orc:2)
  a +0 battleaxe
  a +0 chain mail
(40, -1, Orc:2)
  a +0 battleaxe
  a +0 leather armour
  a cursed -2 club
(40, 0, Orc:2)
  a cursed -3 whip
  a +0 chain mail
(40, 23, Orc:2)
  a +0 dagger
  a +0 robe
  a +0 dagger
  a +2 robe of magic resistance
  a cursed -3 hand axe
  a +0 leather armour
(40, 25, Orc:2)
  a +0 club
  a +0 scale mail
  a +0 flail
  a +0 ring mail
  a +0 morningstar
  a +0 leather armour
  a +0 halberd
  a +0 chain mail
(41, 0, Orc:2)
  the +9 great sword of Qeunkya {elec, rElec}
    Occasionally, upon striking a foe, it will discharge some electrical energy
    and cause terrible harm.
    
    It insulates you from electricity.
  a +0 plate armour
(41, 9, Orc:2)
  25 arrows
(42, -3, Orc:2)
  a +0 trident
  a +0 chain mail
(42, 0, Orc:2)
  a +0 war axe
  a +0 short sword
  a +0 plate armour
  a +0 flail
  a +0 leather armour
(43, -5, Orc:2)
  17 stones
(43, 0, Orc:2)
  a +0 hand axe
  a +0 chain mail
  a +0 mace
  a +0 plate armour
  a +0 club
  a +0 dagger
  a +0 leather armour
  a +0 dagger
  a +0 battleaxe
  a +1 chain mail of poison resistance
  a +0 hand axe
  a +0 leather armour
  a +0 scimitar
  a +0 plate armour
  a +0 club
  a +0 scale mail
  a +0 hand axe
(44, 0, Orc:2)
  a cursed -3 war axe
  a +0 plate armour
  a +0 mace
  a +0 chain mail
  a +0 war axe
  a cursed -2 club
  a +0 ring mail
  a cursed -2 trident
  a +0 chain mail
  a +0 dagger
  a +0 leather armour
  a +0 hand axe
  a +0 dagger
  a +0 dagger
  a +0 dagger
  a +0 robe
  a +0 club
  a cursed -3 mace
(45, -2, Orc:2)
  a +0 flail
(45, -1, Orc:2)
  a +0 trident
  a +0 falchion
  2 tomahawks
(45, 0, Orc:2)
  a +0 short sword
  a +2 flail of draining
  a tomahawk
(46, -2, Orc:2)
  a +0 war axe
  a +0 plate armour
(48, 0, Orc:2)
  a tomahawk
(49, -13, Orc:2)
  a +0 club
  a +0 ring mail
(49, -12, Orc:2)
  a +0 long sword
  a +0 plate armour
(49, -11, Orc:2)
  3 curare-tipped needles
(49, 10, Orc:2)
  a +0 glaive
(49, 11, Orc:2)
  a +0 ring mail
(50, -13, Orc:2)
  a +0 scimitar
(50, 0, Orc:2)
  a +0 dagger
(51, -13, Orc:2)
  a +0 short sword
(52, 0, Orc:2)
  a +0 hand axe
  a +0 ring mail
(56, 10, Orc:2)
  a +0 flail
  a +0 ring mail
(58, -13, Orc:2)
  a +0 flail
(58, 12, Orc:2)
  a +0 hand axe
  a +0 leather armour

Level 1 of the Lair of Beasts
(0, 0, Lair:1)
  a book of the Tempests
  a book of Clouds
(0, 1, Lair:1)
  a wand of acid (3/15)
  a wand of iceblast (0/15)
  a wand of random effects (23/48)
  a wand of digging (17/24)
  a wand of iceblast (6/15)
(0, 2, Lair:1)
  a scarf of repulsion
(1, 1, Lair:1)
  6 scrolls of amnesia
(1, 2, Lair:1)
  a +1 shield
(2, 0, Lair:1)
  a +3 ring of dexterity
  an uncursed ring of protection from fire
(2, 1, Lair:1)
  a potion of degeneration
(14, 15, Lair:1)
  a +0 robe
(39, 26, Lair:1)
  5 curare-tipped needles
(41, -20, Lair:1)
  23 stones
(45, 9, Lair:1)
  the cursed +0 ring mail of the Blessed Realm {rElec MR++ Str-5}
    It affects your strength (-5).
    It insulates you from electricity.
    It affects your resistance to hostile enchantments.
    It has a curse placed upon it.
(56, -22, Lair:1)
  22 stones
(61, -20, Lair:1)
  a +0 mace
(66, -32, Lair:1)
  8 tomahawks

Level 2 of the Lair of Beasts
(0, 0, Lair:2)
  a +0 naga barding
(8, -7, Lair:2)
  a +0 trident
  a +0 robe
  a +0 trident
(10, 21, Lair:2)
  a +0 war axe
(17, 21, Lair:2)
  17 stones
(39, 29, Lair:2)
  31 stones
(40, -18, Lair:2)
  a +0 robe

Level 3 of the Lair of Beasts
(0, 0, Lair:3)
  a +0 scale mail
(0, 5, Lair:3)
  a +0 club
(4, 18, Lair:3)
  16 arrows
(4, 31, Lair:3)
  11 arrows
(5, -3, Lair:3)
  a +0 chain mail
(13, 28, Lair:3)
  15 poisoned needles
(22, 15, Lair:3)
  a +0 rapier
(23, 20, Lair:3)
  a +0 scale mail
(41, 4, Lair:3)
  a +0 rapier
(43, 20, Lair:3)
  a +0 cloak

Level 4 of the Lair of Beasts
(0, 0, Lair:4)
  a book of Clouds
(3, -3, Lair:4)
  a +0 buckler
(16, 22, Lair:4)
  3 scrolls of noise
  7 scrolls of remove curse
(20, -10, Lair:4)
  a cursed +0 leather armour
(28, -11, Lair:4)
  20 sling bullets
(34, -1, Lair:4)
  an uncursed staff of wizardry
(43, -3, Lair:4)
  a +0 plate armour
(45, 9, Lair:4)
  a +0 pair of boots
(46, 10, Lair:4)
  a +4 dagger of speed
  a +0 robe
(48, -22, Lair:4)
  a +0 quarterstaff
(55, -26, Lair:4)
  a +0 chain mail

Level 5 of the Lair of Beasts
(0, 0, Lair:5)
  a +0 trident
(23, 10, Lair:5)
  a javelin of returning
(28, 11, Lair:5)
  a +0 leather armour
(29, 28, Lair:5)
  24 sling bullets
(29, 30, Lair:5)
  23 stones
(31, 12, Lair:5)
  29 stones
(32, -26, Lair:5)
  12 stones
(43, 27, Lair:5)
  29 stones
(63, -18, Lair:5)
  a +0 cloak

Level 6 of the Lair of Beasts
(0, 0, Lair:6)
  a -4 ring of slaying
(1, -16, Lair:6)
  a +0 shortbow
(18, 32, Lair:6)
  a +0 robe
  a +0 dagger
(19, 0, Lair:6)
  a cursed -1 morningstar
(28, 29, Lair:6)
  a +0 quarterstaff
(31, -1, Lair:6)
  a +0 ring mail
(32, -4, Lair:6)
  a +0 trident
(32, -3, Lair:6)
  the +0 ring mail of Boiling Hail {Str-2 Int+6}
    It affects your strength (-2).
    It affects your intelligence (+6).
(35, 16, Lair:6)
  a +0 leather armour
(49, -2, Lair:6)
  15 poisoned needles
(50, 17, Lair:6)
  a +0 mace
(54, -7, Lair:6)
  a +2 rapier of flaming
(57, 18, Lair:6)
  a +0 leather armour

Level 1 of the Swamp
(0, 0, Swamp:1)
  a +3 great mace of protection
(0, 5, Swamp:1)
  9 sling bullets
(8, 12, Swamp:1)
  a +0 scythe
(11, 38, Swamp:1)
  a +0 leather armour
(15, 11, Swamp:1)
  +0 swamp dragon scales
(15, 41, Swamp:1)
  a +0 spear
(17, 41, Swamp:1)
  a +0 spear
  a +0 buckler
(26, 22, Swamp:1)
  a +0 spear
(27, 22, Swamp:1)
  a +0 spear
(28, 22, Swamp:1)
  a +0 spear
  a +0 buckler
(34, 34, Swamp:1)
  a potion of degeneration
(41, 23, Swamp:1)
  a +0 quarterstaff
(46, 18, Swamp:1)
  a +2 hat

Level 2 of the Swamp
(0, 0, Swamp:2)
  a +0 spear
(7, -7, Swamp:2)
  a +0 chain mail
(10, -4, Swamp:2)
  22 stones
(21, 25, Swamp:2)
  15 stones
(28, 17, Swamp:2)
  a cursed -1 mace
(33, 35, Swamp:2)
  15 stones
(39, -4, Swamp:2)
  3 needles of sleeping
(40, -3, Swamp:2)
  a +0 quarterstaff
  a +0 robe
(48, 27, Swamp:2)
  a +0 ring mail

Level 3 of the Swamp
(0, 0, Swamp:3)
  a cursed -2 hand crossbow
(2, 21, Swamp:3)
  a +0 quarterstaff
(4, 2, Swamp:3)
  a +0 morningstar
(5, 40, Swamp:3)
  a death drake corpse
(10, 3, Swamp:3)
  a +0 dagger
(10, 6, Swamp:3)
  a +0 robe
  a +0 rapier
(10, 7, Swamp:3)
  an uncursed amulet of guardian spirit
  an uncursed amulet of regeneration
(10, 8, Swamp:3)
  a cursed +0 buckler
  a +0 spear
(11, 6, Swamp:3)
  a +0 robe
  a +0 quarterstaff
(21, 22, Swamp:3)
  a +0 buckler
  a +0 spear
(21, 29, Swamp:3)
  22 arrows
(34, 29, Swamp:3)
  17 poisoned needles
(37, 19, Swamp:3)
  9 poisoned needles
(43, 7, Swamp:3)
  14 stones

Level 4 of the Swamp
(0, 0, Swamp:4)
  11 gold pieces
(5, -2, Swamp:4)
  a javelin of penetration
(6, 4, Swamp:4)
  a +0 shield
  (unseen)
(7, 3, Swamp:4)
  a +0 trident
(7, 5, Swamp:4)
  a +2 ring mail of poison resistance
(11, -9, Swamp:4)
  a scroll of identify
(12, -10, Swamp:4)
  9 sling bullets
(13, -3, Swamp:4)
  a scroll of enchant armour
(16, -1, Swamp:4)
  2 javelins
(41, 9, Swamp:4)
  a potion of degeneration
(44, 8, Swamp:4)
  an uncursed staff of conjuration

