                                      *******########                         
 *********                   **********,,,*,,#˜˜....#                         
 *,,,,,,,****             ****,,,,,,,**,,,*,,#˜˜....#                         
 **,,,,,,,,,*** ******* ***,,,,,,,,,***,,,+,,#˜˜....#          ***            
  **,,,,,,,,,,***,,,,,***,,,,,,,,,,** *,,,*,,#˜˜....#         **,**           
   ***,,,,,,,,+,,,,(,,,,+,,,,,,,,***  *,,,*,,#˜˜....#        ##...##          
     ****,,,*****,,,,,*****,,,****    *,,,*,,#˜˜....#       ##.....##         
        *****   ***,***   *****       *,,,*,,#˜˜....#      ##.......##        
                  *,*                 *,,,*,,#˜˜....#      *....8....#        
                  *,*                 *,,,*,,#˜˜....#      **.......#*        
    *****         *,*         *****   **+**,,#˜˜....#       **.....#*         
    *,,,*         *,*         *,,,*   *,,,*,,#˜˜....#        *#...#*######### 
    *,,,*         *,*         *,,,*   *,,,*,,#˜˜....#   #######'.#* #.......# 
    **'**         *,*         **+**   *,,,*,,#˜˜....#  ##.....'###  *.......# 
  ***,,,***     ***,***     ***,,,*** *,,,*,,#˜˜....# ##....(..##   *#.....#* 
 **,,,,,,,*** ***,,,,,*** ***,,,,,,,***,,,*,,#˜˜....# #.........#    #^....#  
 *,,,,,,,,,,***,,,,,,,,,***,,,,,,,,,,**,,,+,,#˜˜....# #.....[...#######...#*  
 *,,,,,,,,,,,,,,,,,,,,,,,,,,,,,,,,,,,****+*,,#˜˜....###.....)...'.....'...#   
 *,,,,,,,,,,,,,,,,,,,,,,,,,,,,,,,,,,,**,,,*,,#˜˜....##).....(...#####.##.##   
 **,,,,,,,,,,,,,,,,,,,,,,,,,,,,,,,,,***,,,*,,#˜˜....#)#)....)(<.# ##.###.#    
  **,,,,,,,,,,,,,,,*,,,,,,,,,,,,,,,** *,,,*,,#˜˜.....###.....[.(###.## ###    
   *,,,,,,,,,,,,,,***,,,,,,,,,,,,,,*  *,,,*,,#˜˜.....####...(....#.##         
  **,,,,,,,,,......#......,,,,,,,,,** *,,,*,,#˜˜....#.#####.._....##          
 **,,,,,,,,,,,...........,,,,,,,,,,,***..,#..#˜˜....##'..[.......##           
 *,,,,,,,,,,,,,.........,,,,,,,,,,,,,**...'..#˜˜....###[........##            
 *,,,,,,,,,,,,,,.......,,,,,,,,,,,,,,*##'##..#˜˜....##.........##    *####    
 *,,,,,,,,,,***,,.....,,***,,,,,,,,,,*#...#..#˜˜..).#...........#   ##...##   
 **,,,,,,,*** ***,4e.,*** ***,,,,,,,**#...#..#˜˜....#...........#  ##.....##  
  ***,,,**##### **#.###     ***,,,*** #...#..#˜˜....#...........####..P.P..#  
    ***** #(..#   #e#.#       *****   #...#..#˜˜..e.#...........'..'.......#  
           #.##  ##e#.##              #...'..'......#...........####..P.P..#  
           #..###.#(#..#              #...#..'......##.........##  ##.....##  
           ###(#..#e#ex#              #...#..#˜˜....###)......##   ##'...##   
             #.(###.#e)#              #...#..#˜˜....##'#.....##   ##.#####    
             #.#(.#.#)##              #...#..#˜˜....#.#####'##   ##.##        
***********######(.))..################...#..#˜˜....)##   #.#   ##.##         
*,,,,,,,,,,#.....(x.#.....#........'.....###)#˜˜˜....##   #.#  ##.########    
*,,,,,,,,,,'........#(....'........#....##...##˜˜...#.##  #.# ##.###.....##   
*,,,,,,,,,,#.......((.)...#........#...##.....##˜;..##.####+###.###.......##  
*******+***#######x######'####'#####'###.......#˜˜..###.##...#'###.........#  
*,,,,,,,,,,......).....e...............#.......#˜˜..# ##'.....####....8....#  
*,,,,,,,,,,.......(......(.............'.......#˜˜..#  #.....[.'.'.........#  
***********##############################.....##˜˜..#  #.......###..8.n.8..#  
*˜˜˜˜˜˜˜˜˜˜˜˜˜˜˜˜˜˜˜˜˜˜˜˜˜˜˜˜˜˜˜˜˜˜˜˜˜˜˜##...##˜˜.[##  #.......# #.........#  
*˜˜˜˜˜˜˜˜˜˜˜˜˜˜˜˜˜˜˜˜˜˜˜˜˜˜˜˜˜˜˜˜˜˜˜˜˜˜˜˜#####˜˜˜..#   ##.....## ##...8...##  
*,,,,,,,,,,,,,,,.......................˜˜˜˜˜˜˜˜˜..##    ##...##  ##'.....##   
*,,,,,,,,,,,,,,,,........................˜˜˜˜˜....#*     #####  ##.#######    
*,,,,,,,,,,,,,,,,,..............................##.#*          ##)##          
*,,,,,,,,,,,,,,,,,,...........................###*#.#*        ##.##           
*******************#.#***###)###.######<#####'### *#.##   #####.##     ###    
                   #.#     ##.##.#    ##.##.....## *#.#####.##'##    ###.###  
                 ###'###    ##'#'###   ##'.......## #.'#.<))..###  ###.....###
                 #.....#    ##.....##  ##.........###.##.##)....#  #.........#
                 #..[).#   ##.......#* #...........#......#.....####.........#
                 #...(##   #.........#*#...........###..###.....'..'[........#
                 ##...######.........+,+...........#......#.....####.........#
                ##'#..'....'.........#*#...........##.##.##..<..#  #.........#
               ##.##.'######.........# #...........#......#...###  ###.....###
              ##.#####.##  #.........####.........##.####.#.##'### ##'##.###  
         ######.##   ##.#####.......#####+.......'##......#####'.###.#####    
       ###...#'##     ##'.##'#....###...+##.....##.##.##.##  ##...#'##        
       #.......#       ##.#'#######.......#######..#......# ##^....##         
       #.......#       #...########.......######...###..#####....P..##        
       #.......#      *#....'.....'.......'....'...#......##..P...P..#        
       #.......#      #.....#######.......######...##.##.####....P..##        
       #.......#      #.....#     #.......#    #.........#  ##.....##         
       ###...###      #######     ###...###    ###...#####   ##...##          
         #####                      #####        #####        ##.##           
                                                               ###            
