Mash

Level 1 of the Dungeon
(3, 11, D:1)
  a +0 ring mail
(5, -2, D:1)
  a +0 ring mail
(5, 2, D:1)
  a +0 ring mail
(13, 0, D:1)
  a +0 robe
(19, 14, D:1)
  a +0 club
(29, -5, D:1)
  a +0 robe
(31, -9, D:1)
  a +0 whip
(31, 14, D:1)
  a +0 club
(32, -10, D:1)
  a +0 dagger
(33, -11, D:1)
  3 stones
(34, 20, D:1)
  a +0 spear
(45, -3, D:1)
  a cursed -3 dagger
(48, -5, D:1)
  26 stones

Level 2 of the Dungeon
(0, 0, D:2)
  a +0 club
(6, -3, D:2)
  a hobgoblin skeleton
(17, -31, D:2)
  a +0 dagger
(19, -20, D:2)
  18 stones
(19, -9, D:2)
  a chunk of flesh
(21, 21, D:2)
  a +0 robe
(27, -11, D:2)
  a +0 falchion
(34, -13, D:2)
  a stone
(34, -12, D:2)
  a stone
(34, -10, D:2)
  a cursed -2 hunting sling
  16 stones
(34, 2, D:2)
  a stone
(35, -16, D:2)
  a stone
(35, -14, D:2)
  a stone
(35, 2, D:2)
  2 stones
(35, 3, D:2)
  a stone
(37, -1, D:2)
  a +0 short sword
  a stone
(39, -22, D:2)
  a stone
(40, -22, D:2)
  a +0 dagger
(40, -21, D:2)
  a stone
(40, -20, D:2)
  a +0 hunting sling
  a +0 dagger
  a +0 hunting sling
  40 stones
(44, -29, D:2)
  21 stones
(45, 7, D:2)
  a +0 quarterstaff
(49, -10, D:2)
  a +0 robe

