                     ############        ######                
                     #.#.#.#....##      ##P.#.#                
                     ##.........P#      #....##      .#        
                      #..........#    ###....#      #.         
                      #.......<>.### ##P..##.##     .#         
                      ##......h....###........######.#         
                       #.....#......#........#..#.#.#          
                       #.........P.#...#...P#.#.....#          
                       ##........###..###.######....#          
                        #........#.#..###.#    ##...#          
                 ##    ###...l....##......#     #<P##          
                 #.# ###..........#........##  #...#           
                 ...##...........>>..##...#.#.#...P#           
                 #...#.......#......####.........###           
                 ........#..####....#   #...###P#              
                  #..........# ##...##  ..#.  ##               
                  #PP....§.###  #...P###..##                   
                  ##..##..##    ##.........#                   
                   ## #†#..##   #P....%..###                   
                     ##..#..###....####...#                    
                   ###.#.h..........   #..#                    
                ####..............##    ...###                 
                #P[...............####   #...                  
                #...#####...........P#####.###                 
                #P...## #..##.......P.#....##                  
          ##### #.....#....##...##..........#                  
        ###.#.####.....#....#...###.....#...#                  
   ######....#.##..l.............#.....<#...#                  
  ##P...........#..........#P#......#...†#                     
###..........(........##P.#  ###.....#....#                    
#P.......#P.........#####.##   ##..P#....#...                  
#.......P###.........##.#..#    #.#####.....#                  
#.......###.....#.#..##...P#    #.#   #.....#                  
#....#...#......####......##   ##.#####...##.                  
#... #P..(..#..###.#..#....##  #.....##.P.. ..                 
...  ###....#P.##.....##....####...........  ..                
..     ##.##...###..[####........P..###..                      
.       #..##..###...# ##...##...####                          
        P..#....#...####...####...#                            
       #PP...........##....###...###                           
       #..#............#...........##P#                        
       ..#.#.....##..............#....#                 .....  
       . ##.......................#.....        .     ##....   
        .#........................#...#.        .T    #....    
        ................P##.......# #.#         #.. ###P..##  P
        ....#P##.........P........#  #..         #..#.#....#...
        ..#P## ##....##......#...##   .#          #...P...#r.# 
                #...P##......P....#             ###P........#.#
                ##...###[.........#.            #.....D<.....# 
                 ##..P##..............          ........#...## 
                  #................##.          .P#.....# ?..# 
                  #...........(....#              #......  #..#
                  ##........##.##...#             ##.....    ##
                  ##....##..#### P....             ##.....     
                  #P.#####..#    .....              ....##     
                  ####   ....#     ..              #....#      
                        ###.#.#                                
                          #..##                                
                           ..#                                 
                           ...                                 
