Mash

Level 1 of the Dungeon
(0, 0, D:1)
  a +0 leather armour
(7, 36, D:1)
  a +0 club
(10, 49, D:1)
  27 arrows
(30, 6, D:1)
  a cursed +0 leather armour
(31, 9, D:1)
  a cursed -1 short sword
  3 stones
(39, 32, D:1)
  a +0 club
(42, 0, D:1)
  a +0 dagger
(43, 15, D:1)
  17 sling bullets
(43, 56, D:1)
  a +0 whip

Level 2 of the Dungeon
(0, 0, D:2)
  a +0 club
(1, 0, D:2)
  a +2 dagger of venom
  a +0 robe
(9, -22, D:2)
  a +0 dagger
(9, -17, D:2)
  a +0 spear
(10, -34, D:2)
  7 arrows
(21, -27, D:2)
  a +0 dagger
(22, -27, D:2)
  a +0 club
(29, -43, D:2)
  a +0 hunting sling
(29, -29, D:2)
  14 arrows

Level 3 of the Dungeon
(0, 0, D:3)
  a +0 spear
(4, 16, D:3)
  12 arrows
(8, 29, D:3)
  17 sling bullets
(11, -9, D:3)
  a +0 club
(12, 28, D:3)
  a +0 short sword
(13, 10, D:3)
  a stone
(14, 10, D:3)
  a +0 club
  a stone
(18, -18, D:3)
  a +0 robe
(21, 10, D:3)
  18 sling bullets
(23, 3, D:3)
  a +0 flail
  a +0 ring mail
(23, 6, D:3)
  a +0 short sword
  a +0 dagger
  a +0 flail
(25, -11, D:3)
  18 stones
(37, -9, D:3)
  19 stones

Level 4 of the Dungeon
(5, 22, D:4)
  a +0 ring mail
(6, 15, D:4)
  a +0 club
(7, 3, D:4)
  20 stones
(17, 35, D:4)
  a +0 scimitar
(18, 23, D:4)
  a +0 scale mail
  a +0 trident
(19, 23, D:4)
  a +0 scale mail
  a +0 leather armour
  a +0 mace
(20, 23, D:4)
  a +0 whip
(23, 33, D:4)
  a +0 mace
(24, 5, D:4)
  22 arrows
(30, -7, D:4)
  16 arrows
(36, 25, D:4)
  26 sling bullets
(39, 27, D:4)
  15 sling bullets
(40, -9, D:4)
  a +0 quarterstaff
(40, -7, D:4)
  a +0 giant spiked club

Level 5 of the Dungeon
[Shop] Beotedae's Antique Armour Boutique
  a +0 leather armour (40 gold)
  a +4 plate armour (900 gold)
  a cursed +0 ring mail (20 gold)
  a cursed +0 pair of gloves (30 gold)
  a +2 pair of gloves (330 gold)
  a +0 robe (14 gold)
  a +2 robe of resistance (754 gold)
  a cursed +0 leather armour (2 gold)
(0, 0, D:5)
  a +0 ring mail
  a +0 hand axe
(2, -5, D:5)
  a +0 leather armour
  a +0 hand axe
(3, -5, D:5)
  a +0 robe
  a +0 dagger
  a +0 robe
  a +0 dagger
(22, -1, D:5)
  a +0 buckler
(24, 2, D:5)
  11 poisoned needles
(32, -13, D:5)
  a +0 giant club
  a +0 dagger
(34, -6, D:5)
  a +0 helmet
(38, -4, D:5)
  a +0 rapier
(39, -13, D:5)
  a +0 leather armour
(45, -16, D:5)
  the +4 arc blade {discharge, rElec}
    It insulates you from electricity.
(46, 18, D:5)
  a +0 club
  a +0 leather armour
  a cursed -2 flail
(46, 19, D:5)
  a +0 falchion

Level 6 of the Dungeon
(0, 0, D:6)
  a +0 dagger
  a +0 robe
(4, 8, D:6)
  a book of Conjurations
(36, -5, D:6)
  a +0 short sword
  a +0 leather armour
  a +0 mace
  a +0 hand axe
  2 tomahawks
  a +0 leather armour
  an orc corpse (skeletalised by now)
  an orc corpse (skeletalised by now)
(38, -5, D:6)
  a tomahawk
(38, -4, D:6)
  a +0 dagger
  a +0 robe
(59, -19, D:6)
  a +0 robe
  a cursed +3 short sword
  a +0 robe
  a +0 robe
  a +0 hand axe
  a +0 robe
  a cursed +3 hand axe of freezing
  a +0 robe

the Ecumenical Temple

